Archive member included to satisfy reference by file (symbol)

C:/PROGRA~2/ARMGNU~1/14EFD8~1.2RE/bin/../lib/gcc/arm-none-eabi/14.2.1/thumb/v7e-m+fp/hard\libgcc.a(_aeabi_uldivmod.o)
                              CMakeFiles/app.elf.dir/Drivers/STM32F7xx_HAL_Driver/Src/stm32f7xx_hal_rcc.c.obj (__aeabi_uldivmod)
C:/PROGRA~2/ARMGNU~1/14EFD8~1.2RE/bin/../lib/gcc/arm-none-eabi/14.2.1/thumb/v7e-m+fp/hard\libgcc.a(_udivmoddi4.o)
                              C:/PROGRA~2/ARMGNU~1/14EFD8~1.2RE/bin/../lib/gcc/arm-none-eabi/14.2.1/thumb/v7e-m+fp/hard\libgcc.a(_aeabi_uldivmod.o) (__udivmoddi4)
C:/PROGRA~2/ARMGNU~1/14EFD8~1.2RE/bin/../lib/gcc/arm-none-eabi/14.2.1/thumb/v7e-m+fp/hard\libgcc.a(_dvmd_tls.o)
                              C:/PROGRA~2/ARMGNU~1/14EFD8~1.2RE/bin/../lib/gcc/arm-none-eabi/14.2.1/thumb/v7e-m+fp/hard\libgcc.a(_aeabi_uldivmod.o) (__aeabi_ldiv0)
C:/PROGRA~2/ARMGNU~1/14EFD8~1.2RE/bin/../lib/gcc/arm-none-eabi/14.2.1/thumb/v7e-m+fp/hard\libg_nano.a(libc_a-exit.o)
                              C:/PROGRA~2/ARMGNU~1/14EFD8~1.2RE/bin/../lib/gcc/arm-none-eabi/14.2.1/thumb/v7e-m+fp/hard/crt0.o (exit)
C:/PROGRA~2/ARMGNU~1/14EFD8~1.2RE/bin/../lib/gcc/arm-none-eabi/14.2.1/thumb/v7e-m+fp/hard\libg_nano.a(libc_a-malloc.o)
                              CMakeFiles/app.elf.dir/Middlewares/ST/STM32_USB_Host_Library/Class/CDC/Src/usbh_cdc.c.obj (malloc)
C:/PROGRA~2/ARMGNU~1/14EFD8~1.2RE/bin/../lib/gcc/arm-none-eabi/14.2.1/thumb/v7e-m+fp/hard\libg_nano.a(libc_a-mallocr.o)
                              C:/PROGRA~2/ARMGNU~1/14EFD8~1.2RE/bin/../lib/gcc/arm-none-eabi/14.2.1/thumb/v7e-m+fp/hard\libg_nano.a(libc_a-malloc.o) (_malloc_r)
C:/PROGRA~2/ARMGNU~1/14EFD8~1.2RE/bin/../lib/gcc/arm-none-eabi/14.2.1/thumb/v7e-m+fp/hard\libg_nano.a(libc_a-mlock.o)
                              C:/PROGRA~2/ARMGNU~1/14EFD8~1.2RE/bin/../lib/gcc/arm-none-eabi/14.2.1/thumb/v7e-m+fp/hard\libg_nano.a(libc_a-mallocr.o) (__malloc_lock)
C:/PROGRA~2/ARMGNU~1/14EFD8~1.2RE/bin/../lib/gcc/arm-none-eabi/14.2.1/thumb/v7e-m+fp/hard\libg_nano.a(libc_a-findfp.o)
                              C:/PROGRA~2/ARMGNU~1/14EFD8~1.2RE/bin/../lib/gcc/arm-none-eabi/14.2.1/thumb/v7e-m+fp/hard\libg_nano.a(libc_a-exit.o) (__stdio_exit_handler)
C:/PROGRA~2/ARMGNU~1/14EFD8~1.2RE/bin/../lib/gcc/arm-none-eabi/14.2.1/thumb/v7e-m+fp/hard\libg_nano.a(libc_a-fwalk.o)
                              C:/PROGRA~2/ARMGNU~1/14EFD8~1.2RE/bin/../lib/gcc/arm-none-eabi/14.2.1/thumb/v7e-m+fp/hard\libg_nano.a(libc_a-findfp.o) (_fwalk_sglue)
C:/PROGRA~2/ARMGNU~1/14EFD8~1.2RE/bin/../lib/gcc/arm-none-eabi/14.2.1/thumb/v7e-m+fp/hard\libg_nano.a(libc_a-stdio.o)
                              C:/PROGRA~2/ARMGNU~1/14EFD8~1.2RE/bin/../lib/gcc/arm-none-eabi/14.2.1/thumb/v7e-m+fp/hard\libg_nano.a(libc_a-findfp.o) (__sread)
C:/PROGRA~2/ARMGNU~1/14EFD8~1.2RE/bin/../lib/gcc/arm-none-eabi/14.2.1/thumb/v7e-m+fp/hard\libg_nano.a(libc_a-memset.o)
                              C:/PROGRA~2/ARMGNU~1/14EFD8~1.2RE/bin/../lib/gcc/arm-none-eabi/14.2.1/thumb/v7e-m+fp/hard/crt0.o (memset)
C:/PROGRA~2/ARMGNU~1/14EFD8~1.2RE/bin/../lib/gcc/arm-none-eabi/14.2.1/thumb/v7e-m+fp/hard\libg_nano.a(libc_a-closer.o)
                              C:/PROGRA~2/ARMGNU~1/14EFD8~1.2RE/bin/../lib/gcc/arm-none-eabi/14.2.1/thumb/v7e-m+fp/hard\libg_nano.a(libc_a-stdio.o) (_close_r)
C:/PROGRA~2/ARMGNU~1/14EFD8~1.2RE/bin/../lib/gcc/arm-none-eabi/14.2.1/thumb/v7e-m+fp/hard\libg_nano.a(libc_a-reent.o)
                              C:/PROGRA~2/ARMGNU~1/14EFD8~1.2RE/bin/../lib/gcc/arm-none-eabi/14.2.1/thumb/v7e-m+fp/hard\libg_nano.a(libc_a-closer.o) (errno)
C:/PROGRA~2/ARMGNU~1/14EFD8~1.2RE/bin/../lib/gcc/arm-none-eabi/14.2.1/thumb/v7e-m+fp/hard\libg_nano.a(libc_a-impure.o)
                              C:/PROGRA~2/ARMGNU~1/14EFD8~1.2RE/bin/../lib/gcc/arm-none-eabi/14.2.1/thumb/v7e-m+fp/hard\libg_nano.a(libc_a-malloc.o) (_impure_ptr)
C:/PROGRA~2/ARMGNU~1/14EFD8~1.2RE/bin/../lib/gcc/arm-none-eabi/14.2.1/thumb/v7e-m+fp/hard\libg_nano.a(libc_a-lseekr.o)
                              C:/PROGRA~2/ARMGNU~1/14EFD8~1.2RE/bin/../lib/gcc/arm-none-eabi/14.2.1/thumb/v7e-m+fp/hard\libg_nano.a(libc_a-stdio.o) (_lseek_r)
C:/PROGRA~2/ARMGNU~1/14EFD8~1.2RE/bin/../lib/gcc/arm-none-eabi/14.2.1/thumb/v7e-m+fp/hard\libg_nano.a(libc_a-readr.o)
                              C:/PROGRA~2/ARMGNU~1/14EFD8~1.2RE/bin/../lib/gcc/arm-none-eabi/14.2.1/thumb/v7e-m+fp/hard\libg_nano.a(libc_a-stdio.o) (_read_r)
C:/PROGRA~2/ARMGNU~1/14EFD8~1.2RE/bin/../lib/gcc/arm-none-eabi/14.2.1/thumb/v7e-m+fp/hard\libg_nano.a(libc_a-sbrkr.o)
                              C:/PROGRA~2/ARMGNU~1/14EFD8~1.2RE/bin/../lib/gcc/arm-none-eabi/14.2.1/thumb/v7e-m+fp/hard\libg_nano.a(libc_a-mallocr.o) (_sbrk_r)
C:/PROGRA~2/ARMGNU~1/14EFD8~1.2RE/bin/../lib/gcc/arm-none-eabi/14.2.1/thumb/v7e-m+fp/hard\libg_nano.a(libc_a-writer.o)
                              C:/PROGRA~2/ARMGNU~1/14EFD8~1.2RE/bin/../lib/gcc/arm-none-eabi/14.2.1/thumb/v7e-m+fp/hard\libg_nano.a(libc_a-stdio.o) (_write_r)
[...]
Memory Configuration

Name             Origin             Length             Attributes
RAM              0x20000000         0x00050000         xrw
FLASH            0x08000000         0x00100000         xr
*default*        0x00000000         0xffffffff

Linker script and memory map

LOAD C:/PROGRA~2/ARMGNU~1/14EFD8~1.2RE/bin/../lib/gcc/arm-none-eabi/14.2.1/thumb/v7e-m+fp/hard/crti.o
LOAD C:/PROGRA~2/ARMGNU~1/14EFD8~1.2RE/bin/../lib/gcc/arm-none-eabi/14.2.1/thumb/v7e-m+fp/hard/crtbegin.o
LOAD C:/PROGRA~2/ARMGNU~1/14EFD8~1.2RE/bin/../lib/gcc/arm-none-eabi/14.2.1/thumb/v7e-m+fp/hard/crt0.o
LOAD CMakeFiles/app.elf.dir/Drivers/STM32F7xx_HAL_Driver/Src/stm32f7xx_hal.c.obj
LOAD CMakeFiles/app.elf.dir/Drivers/STM32F7xx_HAL_Driver/Src/stm32f7xx_hal_adc.c.obj
LOAD CMakeFiles/app.elf.dir/Drivers/STM32F7xx_HAL_Driver/Src/stm32f7xx_hal_adc_ex.c.obj
LOAD CMakeFiles/app.elf.dir/Drivers/STM32F7xx_HAL_Driver/Src/stm32f7xx_hal_cortex.c.obj
LOAD CMakeFiles/app.elf.dir/Drivers/STM32F7xx_HAL_Driver/Src/stm32f7xx_hal_crc.c.obj
LOAD CMakeFiles/app.elf.dir/Drivers/STM32F7xx_HAL_Driver/Src/stm32f7xx_hal_crc_ex.c.obj
LOAD CMakeFiles/app.elf.dir/Drivers/STM32F7xx_HAL_Driver/Src/stm32f7xx_hal_dcmi.c.obj
LOAD CMakeFiles/app.elf.dir/Drivers/STM32F7xx_HAL_Driver/Src/stm32f7xx_hal_dcmi_ex.c.obj
LOAD CMakeFiles/app.elf.dir/Drivers/STM32F7xx_HAL_Driver/Src/stm32f7xx_hal_dma.c.obj
LOAD CMakeFiles/app.elf.dir/Drivers/STM32F7xx_HAL_Driver/Src/stm32f7xx_hal_dma2d.c.obj
LOAD CMakeFiles/app.elf.dir/Drivers/STM32F7xx_HAL_Driver/Src/stm32f7xx_hal_dma_ex.c.obj
LOAD CMakeFiles/app.elf.dir/Drivers/STM32F7xx_HAL_Driver/Src/stm32f7xx_hal_dsi.c.obj
LOAD CMakeFiles/app.elf.dir/Drivers/STM32F7xx_HAL_Driver/Src/stm32f7xx_hal_eth.c.obj
LOAD CMakeFiles/app.elf.dir/Drivers/STM32F7xx_HAL_Driver/Src/stm32f7xx_hal_exti.c.obj
LOAD CMakeFiles/app.elf.dir/Drivers/STM32F7xx_HAL_Driver/Src/stm32f7xx_hal_flash.c.obj
LOAD CMakeFiles/app.elf.dir/Drivers/STM32F7xx_HAL_Driver/Src/stm32f7xx_hal_flash_ex.c.obj
LOAD CMakeFiles/app.elf.dir/Drivers/STM32F7xx_HAL_Driver/Src/stm32f7xx_hal_gpio.c.obj
LOAD CMakeFiles/app.elf.dir/Drivers/STM32F7xx_HAL_Driver/Src/stm32f7xx_hal_hcd.c.obj
LOAD CMakeFiles/app.elf.dir/Drivers/STM32F7xx_HAL_Driver/Src/stm32f7xx_hal_i2c.c.obj
LOAD CMakeFiles/app.elf.dir/Drivers/STM32F7xx_HAL_Driver/Src/stm32f7xx_hal_i2c_ex.c.obj
LOAD CMakeFiles/app.elf.dir/Drivers/STM32F7xx_HAL_Driver/Src/stm32f7xx_hal_ltdc.c.obj
LOAD CMakeFiles/app.elf.dir/Drivers/STM32F7xx_HAL_Driver/Src/stm32f7xx_hal_ltdc_ex.c.obj
LOAD CMakeFiles/app.elf.dir/Drivers/STM32F7xx_HAL_Driver/Src/stm32f7xx_hal_mmc.c.obj
LOAD CMakeFiles/app.elf.dir/Drivers/STM32F7xx_HAL_Driver/Src/stm32f7xx_hal_nand.c.obj
LOAD CMakeFiles/app.elf.dir/Drivers/STM32F7xx_HAL_Driver/Src/stm32f7xx_hal_nor.c.obj
LOAD CMakeFiles/app.elf.dir/Drivers/STM32F7xx_HAL_Driver/Src/stm32f7xx_hal_pwr.c.obj
LOAD CMakeFiles/app.elf.dir/Drivers/STM32F7xx_HAL_Driver/Src/stm32f7xx_hal_pwr_ex.c.obj
LOAD CMakeFiles/app.elf.dir/Drivers/STM32F7xx_HAL_Driver/Src/stm32f7xx_hal_qspi.c.obj
LOAD CMakeFiles/app.elf.dir/Drivers/STM32F7xx_HAL_Driver/Src/stm32f7xx_hal_rcc.c.obj
LOAD CMakeFiles/app.elf.dir/Drivers/STM32F7xx_HAL_Driver/Src/stm32f7xx_hal_rcc_ex.c.obj
LOAD CMakeFiles/app.elf.dir/Drivers/STM32F7xx_HAL_Driver/Src/stm32f7xx_hal_rtc.c.obj
LOAD CMakeFiles/app.elf.dir/Drivers/STM32F7xx_HAL_Driver/Src/stm32f7xx_hal_rtc_ex.c.obj
LOAD CMakeFiles/app.elf.dir/Drivers/STM32F7xx_HAL_Driver/Src/stm32f7xx_hal_sai.c.obj
LOAD CMakeFiles/app.elf.dir/Drivers/STM32F7xx_HAL_Driver/Src/stm32f7xx_hal_sai_ex.c.obj
LOAD CMakeFiles/app.elf.dir/Drivers/STM32F7xx_HAL_Driver/Src/stm32f7xx_hal_sd.c.obj
LOAD CMakeFiles/app.elf.dir/Drivers/STM32F7xx_HAL_Driver/Src/stm32f7xx_hal_sdram.c.obj
LOAD CMakeFiles/app.elf.dir/Drivers/STM32F7xx_HAL_Driver/Src/stm32f7xx_hal_spdifrx.c.obj
LOAD CMakeFiles/app.elf.dir/Drivers/STM32F7xx_HAL_Driver/Src/stm32f7xx_hal_spi.c.obj
LOAD CMakeFiles/app.elf.dir/Drivers/STM32F7xx_HAL_Driver/Src/stm32f7xx_hal_spi_ex.c.obj
LOAD CMakeFiles/app.elf.dir/Drivers/STM32F7xx_HAL_Driver/Src/stm32f7xx_hal_sram.c.obj
LOAD CMakeFiles/app.elf.dir/Drivers/STM32F7xx_HAL_Driver/Src/stm32f7xx_hal_tim.c.obj
LOAD CMakeFiles/app.elf.dir/Drivers/STM32F7xx_HAL_Driver/Src/stm32f7xx_hal_tim_ex.c.obj
LOAD CMakeFiles/app.elf.dir/Drivers/STM32F7xx_HAL_Driver/Src/stm32f7xx_hal_uart.c.obj
LOAD CMakeFiles/app.elf.dir/Drivers/STM32F7xx_HAL_Driver/Src/stm32f7xx_hal_uart_ex.c.obj
LOAD CMakeFiles/app.elf.dir/Drivers/STM32F7xx_HAL_Driver/Src/stm32f7xx_ll_fmc.c.obj
LOAD CMakeFiles/app.elf.dir/Drivers/STM32F7xx_HAL_Driver/Src/stm32f7xx_ll_sdmmc.c.obj
LOAD CMakeFiles/app.elf.dir/Drivers/STM32F7xx_HAL_Driver/Src/stm32f7xx_ll_usb.c.obj
LOAD CMakeFiles/app.elf.dir/mcu/system/system_stm32f7xx.c.obj
LOAD CMakeFiles/app.elf.dir/mcu/src/main.c.obj
LOAD CMakeFiles/app.elf.dir/mcu/src/stm32f7xx_it.c.obj
LOAD CMakeFiles/app.elf.dir/Middlewares/Third_Party/FreeRTOS/Source/list.c.obj
LOAD CMakeFiles/app.elf.dir/Middlewares/Third_Party/FreeRTOS/Source/queue.c.obj
LOAD CMakeFiles/app.elf.dir/Middlewares/Third_Party/FreeRTOS/Source/tasks.c.obj
LOAD CMakeFiles/app.elf.dir/Middlewares/Third_Party/FreeRTOS/Source/timers.c.obj
LOAD CMakeFiles/app.elf.dir/Middlewares/Third_Party/FreeRTOS/Source/event_groups.c.obj
LOAD CMakeFiles/app.elf.dir/Middlewares/Third_Party/FreeRTOS/Source/stream_buffer.c.obj
LOAD CMakeFiles/app.elf.dir/Middlewares/Third_Party/FreeRTOS/Source/CMSIS_RTOS/cmsis_os.c.obj
LOAD CMakeFiles/app.elf.dir/Middlewares/Third_Party/FreeRTOS/Source/portable/GCC/ARM_CM7/r0p1/port.c.obj
LOAD CMakeFiles/app.elf.dir/Middlewares/Third_Party/FreeRTOS/Source/portable/MemMang/heap_4.c.obj
LOAD CMakeFiles/app.elf.dir/mcu/src/freertos.c.obj
LOAD CMakeFiles/app.elf.dir/mcu/startup/startup_stm32f746xx.s.obj
LOAD CMakeFiles/app.elf.dir/Middlewares/Third_Party/FatFs/src/ff.c.obj
LOAD CMakeFiles/app.elf.dir/Middlewares/Third_Party/FatFs/src/ff_gen_drv.c.obj
LOAD CMakeFiles/app.elf.dir/Middlewares/Third_Party/FatFs/src/diskio.c.obj
LOAD CMakeFiles/app.elf.dir/Middlewares/Third_Party/FatFs/src/option/syscall.c.obj
LOAD CMakeFiles/app.elf.dir/FATFS/App/fatfs.c.obj
LOAD CMakeFiles/app.elf.dir/FATFS/Target/sd_diskio.c.obj
LOAD CMakeFiles/app.elf.dir/Middlewares/ST/STM32_USB_Host_Library/Core/Src/usbh_core.c.obj
LOAD CMakeFiles/app.elf.dir/Middlewares/ST/STM32_USB_Host_Library/Core/Src/usbh_ctlreq.c.obj
LOAD CMakeFiles/app.elf.dir/Middlewares/ST/STM32_USB_Host_Library/Core/Src/usbh_ioreq.c.obj
LOAD CMakeFiles/app.elf.dir/Middlewares/ST/STM32_USB_Host_Library/Class/CDC/Src/usbh_cdc.c.obj
LOAD CMakeFiles/app.elf.dir/USB_HOST/App/usb_host.c.obj
LOAD CMakeFiles/app.elf.dir/USB_HOST/Target/usbh_conf.c.obj
LOAD CMakeFiles/app.elf.dir/USB_HOST/Target/usbh_platform.c.obj
START GROUP
LOAD C:/PROGRA~2/ARMGNU~1/14EFD8~1.2RE/bin/../lib/gcc/arm-none-eabi/14.2.1/thumb/v7e-m+fp/hard\libgcc.a
LOAD C:/PROGRA~2/ARMGNU~1/14EFD8~1.2RE/bin/../lib/gcc/arm-none-eabi/14.2.1/thumb/v7e-m+fp/hard\libg_nano.a
LOAD C:/PROGRA~2/ARMGNU~1/14EFD8~1.2RE/bin/../lib/gcc/arm-none-eabi/14.2.1/thumb/v7e-m+fp/hard\libc_nano.a
END GROUP
START GROUP
LOAD C:/PROGRA~2/ARMGNU~1/14EFD8~1.2RE/bin/../lib/gcc/arm-none-eabi/14.2.1/thumb/v7e-m+fp/hard\libgcc.a
LOAD C:/PROGRA~2/ARMGNU~1/14EFD8~1.2RE/bin/../lib/gcc/arm-none-eabi/14.2.1/thumb/v7e-m+fp/hard\libc_nano.a
LOAD C:/PROGRA~2/ARMGNU~1/14EFD8~1.2RE/bin/../lib/gcc/arm-none-eabi/14.2.1/thumb/v7e-m+fp/hard\libnosys.a
END GROUP
START GROUP
LOAD C:/PROGRA~2/ARMGNU~1/14EFD8~1.2RE/bin/../lib/gcc/arm-none-eabi/14.2.1/thumb/v7e-m+fp/hard\libgcc.a
LOAD C:/PROGRA~2/ARMGNU~1/14EFD8~1.2RE/bin/../lib/gcc/arm-none-eabi/14.2.1/thumb/v7e-m+fp/hard\libc_nano.a
LOAD C:/PROGRA~2/ARMGNU~1/14EFD8~1.2RE/bin/../lib/gcc/arm-none-eabi/14.2.1/thumb/v7e-m+fp/hard\libnosys.a
END GROUP
LOAD C:/PROGRA~2/ARMGNU~1/14EFD8~1.2RE/bin/../lib/gcc/arm-none-eabi/14.2.1/thumb/v7e-m+fp/hard/crtend.o
LOAD C:/PROGRA~2/ARMGNU~1/14EFD8~1.2RE/bin/../lib/gcc/arm-none-eabi/14.2.1/thumb/v7e-m+fp/hard/crtn.o
                0x20050000                        _estack = (ORIGIN (RAM) + LENGTH (RAM))
                0x00000200                        _Min_Heap_Size = 0x200
                0x00000400                        _Min_Stack_Size = 0x400

.isr_vector     0x08000000      0x1c8
                0x08000000                        . = ALIGN (0x4)
 *(.isr_vector)
 .isr_vector    0x08000000      0x1c8 CMakeFiles/app.elf.dir/mcu/startup/startup_stm32f746xx.s.obj
                0x08000000                g_pfnVectors
                0x080001c8                        . = ALIGN (0x4)

.text           0x080001d0     0xab7c
                0x080001d0                        . = ALIGN (0x4)
 *(.text)
 .text          0x080001d0       0x30 C:/PROGRA~2/ARMGNU~1/14EFD8~1.2RE/bin/../lib/gcc/arm-none-eabi/14.2.1/thumb/v7e-m+fp/hard\libgcc.a(_aeabi_uldivmod.o)
                0x080001d0                __aeabi_uldivmod
 .text          0x08000200        0x4 C:/PROGRA~2/ARMGNU~1/14EFD8~1.2RE/bin/../lib/gcc/arm-none-eabi/14.2.1/thumb/v7e-m+fp/hard\libgcc.a(_dvmd_tls.o)
                0x08000200                __aeabi_idiv0
                0x08000200                __aeabi_ldiv0
 *(.text*)
 .text.deregister_tm_clones
                0x08000204       0x1c C:/PROGRA~2/ARMGNU~1/14EFD8~1.2RE/bin/../lib/gcc/arm-none-eabi/14.2.1/thumb/v7e-m+fp/hard/crtbegin.o
 .text.register_tm_clones
                0x08000220       0x24 C:/PROGRA~2/ARMGNU~1/14EFD8~1.2RE/bin/../lib/gcc/arm-none-eabi/14.2.1/thumb/v7e-m+fp/hard/crtbegin.o
 .text.__do_global_dtors_aux
                0x08000244       0x28 C:/PROGRA~2/ARMGNU~1/14EFD8~1.2RE/bin/../lib/gcc/arm-none-eabi/14.2.1/thumb/v7e-m+fp/hard/crtbegin.o
 .text.frame_dummy
                0x0800026c       0x24 C:/PROGRA~2/ARMGNU~1/14EFD8~1.2RE/bin/../lib/gcc/arm-none-eabi/14.2.1/thumb/v7e-m+fp/hard/crtbegin.o
 .text.HAL_Init
                0x08000290       0x1a CMakeFiles/app.elf.dir/Drivers/STM32F7xx_HAL_Driver/Src/stm32f7xx_hal.c.obj
                0x08000290                HAL_Init
 .text.HAL_MspInit
                0x080002aa        0xe CMakeFiles/app.elf.dir/Drivers/STM32F7xx_HAL_Driver/Src/stm32f7xx_hal.c.obj
                0x080002aa                HAL_MspInit
 .text.HAL_InitTick
                0x080002b8       0x60 CMakeFiles/app.elf.dir/Drivers/STM32F7xx_HAL_Driver/Src/stm32f7xx_hal.c.obj
                0x080002b8                HAL_InitTick
 .text.HAL_IncTick
                0x08000318       0x28 CMakeFiles/app.elf.dir/Drivers/STM32F7xx_HAL_Driver/Src/stm32f7xx_hal.c.obj
                0x08000318                HAL_IncTick
 .text.HAL_GetTick
                0x08000340       0x18 CMakeFiles/app.elf.dir/Drivers/STM32F7xx_HAL_Driver/Src/stm32f7xx_hal.c.obj
                0x08000340                HAL_GetTick
 .text.HAL_Delay
                0x08000358       0x48 CMakeFiles/app.elf.dir/Drivers/STM32F7xx_HAL_Driver/Src/stm32f7xx_hal.c.obj
                0x08000358                HAL_Delay
 .text.__NVIC_SetPriorityGrouping
                0x080003a0       0x48 CMakeFiles/app.elf.dir/Drivers/STM32F7xx_HAL_Driver/Src/stm32f7xx_hal_cortex.c.obj
 .text.__NVIC_GetPriorityGrouping
                0x080003e8       0x1c CMakeFiles/app.elf.dir/Drivers/STM32F7xx_HAL_Driver/Src/stm32f7xx_hal_cortex.c.obj
 .text.__NVIC_EnableIRQ
                0x08000404       0x3c CMakeFiles/app.elf.dir/Drivers/STM32F7xx_HAL_Driver/Src/stm32f7xx_hal_cortex.c.obj
 .text.__NVIC_SetPriority
                0x08000440       0x54 CMakeFiles/app.elf.dir/Drivers/STM32F7xx_HAL_Driver/Src/stm32f7xx_hal_cortex.c.obj
 .text.NVIC_EncodePriority
                0x08000494       0x66 CMakeFiles/app.elf.dir/Drivers/STM32F7xx_HAL_Driver/Src/stm32f7xx_hal_cortex.c.obj
 *fill*         0x080004fa        0x2 
 .text.SysTick_Config
                0x080004fc       0x44 CMakeFiles/app.elf.dir/Drivers/STM32F7xx_HAL_Driver/Src/stm32f7xx_hal_cortex.c.obj
 .text.HAL_NVIC_SetPriorityGrouping
                0x08000540       0x16 CMakeFiles/app.elf.dir/Drivers/STM32F7xx_HAL_Driver/Src/stm32f7xx_hal_cortex.c.obj
                0x08000540                HAL_NVIC_SetPriorityGrouping
 .text.HAL_NVIC_SetPriority
                0x08000556       0x38 CMakeFiles/app.elf.dir/Drivers/STM32F7xx_HAL_Driver/Src/stm32f7xx_hal_cortex.c.obj
                0x08000556                HAL_NVIC_SetPriority
 .text.HAL_NVIC_EnableIRQ
                0x0800058e       0x1c CMakeFiles/app.elf.dir/Drivers/STM32F7xx_HAL_Driver/Src/stm32f7xx_hal_cortex.c.obj
                0x0800058e                HAL_NVIC_EnableIRQ
 .text.HAL_SYSTICK_Config
                0x080005aa       0x18 CMakeFiles/app.elf.dir/Drivers/STM32F7xx_HAL_Driver/Src/stm32f7xx_hal_cortex.c.obj
                0x080005aa                HAL_SYSTICK_Config
 .text.HAL_DMA2D_IRQHandler
                0x080005c2      0x1f8 CMakeFiles/app.elf.dir/Drivers/STM32F7xx_HAL_Driver/Src/stm32f7xx_hal_dma2d.c.obj
                0x080005c2                HAL_DMA2D_IRQHandler
 .text.HAL_DMA2D_LineEventCallback
                0x080007ba       0x14 CMakeFiles/app.elf.dir/Drivers/STM32F7xx_HAL_Driver/Src/stm32f7xx_hal_dma2d.c.obj
                0x080007ba                HAL_DMA2D_LineEventCallback
 .text.HAL_DMA2D_CLUTLoadingCpltCallback
                0x080007ce       0x14 CMakeFiles/app.elf.dir/Drivers/STM32F7xx_HAL_Driver/Src/stm32f7xx_hal_dma2d.c.obj
                0x080007ce                HAL_DMA2D_CLUTLoadingCpltCallback
 *fill*         0x080007e2        0x2 
 .text.HAL_GPIO_Init
                0x080007e4      0x358 CMakeFiles/app.elf.dir/Drivers/STM32F7xx_HAL_Driver/Src/stm32f7xx_hal_gpio.c.obj
                0x080007e4                HAL_GPIO_Init
 .text.HAL_GPIO_WritePin
                0x08000b3c       0x32 CMakeFiles/app.elf.dir/Drivers/STM32F7xx_HAL_Driver/Src/stm32f7xx_hal_gpio.c.obj
                0x08000b3c                HAL_GPIO_WritePin
 .text.HAL_HCD_Init
                0x08000b6e       0xce CMakeFiles/app.elf.dir/Drivers/STM32F7xx_HAL_Driver/Src/stm32f7xx_hal_hcd.c.obj
                0x08000b6e                HAL_HCD_Init
 .text.HAL_HCD_HC_SubmitRequest
                0x08000c3c      0x33c CMakeFiles/app.elf.dir/Drivers/STM32F7xx_HAL_Driver/Src/stm32f7xx_hal_hcd.c.obj
                0x08000c3c                HAL_HCD_HC_SubmitRequest
 .text.HAL_HCD_IRQHandler
                0x08000f78      0x220 CMakeFiles/app.elf.dir/Drivers/STM32F7xx_HAL_Driver/Src/stm32f7xx_hal_hcd.c.obj
                0x08000f78                HAL_HCD_IRQHandler
 .text.HAL_HCD_Start
                0x08001198       0x46 CMakeFiles/app.elf.dir/Drivers/STM32F7xx_HAL_Driver/Src/stm32f7xx_hal_hcd.c.obj
                0x08001198                HAL_HCD_Start
 .text.HAL_HCD_Stop
                0x080011de       0x3a CMakeFiles/app.elf.dir/Drivers/STM32F7xx_HAL_Driver/Src/stm32f7xx_hal_hcd.c.obj
                0x080011de                HAL_HCD_Stop
 .text.HAL_HCD_ResetPort
                0x08001218       0x1c CMakeFiles/app.elf.dir/Drivers/STM32F7xx_HAL_Driver/Src/stm32f7xx_hal_hcd.c.obj
                0x08001218                HAL_HCD_ResetPort
 .text.HAL_HCD_HC_GetURBState
                0x08001234       0x2a CMakeFiles/app.elf.dir/Drivers/STM32F7xx_HAL_Driver/Src/stm32f7xx_hal_hcd.c.obj
                0x08001234                HAL_HCD_HC_GetURBState
 .text.HAL_HCD_HC_GetXferCount
                0x0800125e       0x2a CMakeFiles/app.elf.dir/Drivers/STM32F7xx_HAL_Driver/Src/stm32f7xx_hal_hcd.c.obj
                0x0800125e                HAL_HCD_HC_GetXferCount
 .text.HAL_HCD_GetCurrentFrame
                0x08001288       0x1c CMakeFiles/app.elf.dir/Drivers/STM32F7xx_HAL_Driver/Src/stm32f7xx_hal_hcd.c.obj
                0x08001288                HAL_HCD_GetCurrentFrame
 .text.HAL_HCD_GetCurrentSpeed
                0x080012a4       0x1c CMakeFiles/app.elf.dir/Drivers/STM32F7xx_HAL_Driver/Src/stm32f7xx_hal_hcd.c.obj
                0x080012a4                HAL_HCD_GetCurrentSpeed
 .text.HCD_HC_IN_IRQHandler
                0x080012c0      0xcd2 CMakeFiles/app.elf.dir/Drivers/STM32F7xx_HAL_Driver/Src/stm32f7xx_hal_hcd.c.obj
 .text.HCD_HC_OUT_IRQHandler
                0x08001f92      0x97e CMakeFiles/app.elf.dir/Drivers/STM32F7xx_HAL_Driver/Src/stm32f7xx_hal_hcd.c.obj
 .text.HCD_RXQLVL_IRQHandler
                0x08002910      0x1be CMakeFiles/app.elf.dir/Drivers/STM32F7xx_HAL_Driver/Src/stm32f7xx_hal_hcd.c.obj
 .text.HCD_Port_IRQHandler
                0x08002ace       0xe6 CMakeFiles/app.elf.dir/Drivers/STM32F7xx_HAL_Driver/Src/stm32f7xx_hal_hcd.c.obj
 .text.HAL_LTDC_IRQHandler
                0x08002bb4      0x148 CMakeFiles/app.elf.dir/Drivers/STM32F7xx_HAL_Driver/Src/stm32f7xx_hal_ltdc.c.obj
                0x08002bb4                HAL_LTDC_IRQHandler
 .text.HAL_LTDC_ErrorCallback
                0x08002cfc       0x14 CMakeFiles/app.elf.dir/Drivers/STM32F7xx_HAL_Driver/Src/stm32f7xx_hal_ltdc.c.obj
                0x08002cfc                HAL_LTDC_ErrorCallback
 .text.HAL_LTDC_LineEventCallback
                0x08002d10       0x14 CMakeFiles/app.elf.dir/Drivers/STM32F7xx_HAL_Driver/Src/stm32f7xx_hal_ltdc.c.obj
                0x08002d10                HAL_LTDC_LineEventCallback
 .text.HAL_LTDC_ReloadEventCallback
                0x08002d24       0x14 CMakeFiles/app.elf.dir/Drivers/STM32F7xx_HAL_Driver/Src/stm32f7xx_hal_ltdc.c.obj
                0x08002d24                HAL_LTDC_ReloadEventCallback
 .text.HAL_RCC_OscConfig
                0x08002d38      0x548 CMakeFiles/app.elf.dir/Drivers/STM32F7xx_HAL_Driver/Src/stm32f7xx_hal_rcc.c.obj
                0x08002d38                HAL_RCC_OscConfig
 .text.HAL_RCC_ClockConfig
                0x08003280      0x1d8 CMakeFiles/app.elf.dir/Drivers/STM32F7xx_HAL_Driver/Src/stm32f7xx_hal_rcc.c.obj
                0x08003280                HAL_RCC_ClockConfig
 .text.HAL_RCC_GetSysClockFreq
                0x08003458      0x188 CMakeFiles/app.elf.dir/Drivers/STM32F7xx_HAL_Driver/Src/stm32f7xx_hal_rcc.c.obj
                0x08003458                HAL_RCC_GetSysClockFreq
 .text.HAL_RCCEx_PeriphCLKConfig
                0x080035e0      0x7e0 CMakeFiles/app.elf.dir/Drivers/STM32F7xx_HAL_Driver/Src/stm32f7xx_hal_rcc_ex.c.obj
                0x080035e0                HAL_RCCEx_PeriphCLKConfig
 .text.HAL_TIM_IRQHandler
                0x08003dc0      0x20e CMakeFiles/app.elf.dir/Drivers/STM32F7xx_HAL_Driver/Src/stm32f7xx_hal_tim.c.obj
                0x08003dc0                HAL_TIM_IRQHandler
 .text.HAL_TIM_OC_DelayElapsedCallback
                0x08003fce       0x14 CMakeFiles/app.elf.dir/Drivers/STM32F7xx_HAL_Driver/Src/stm32f7xx_hal_tim.c.obj
                0x08003fce                HAL_TIM_OC_DelayElapsedCallback
 .text.HAL_TIM_IC_CaptureCallback
                0x08003fe2       0x14 CMakeFiles/app.elf.dir/Drivers/STM32F7xx_HAL_Driver/Src/stm32f7xx_hal_tim.c.obj
                0x08003fe2                HAL_TIM_IC_CaptureCallback
 .text.HAL_TIM_PWM_PulseFinishedCallback
                0x08003ff6       0x14 CMakeFiles/app.elf.dir/Drivers/STM32F7xx_HAL_Driver/Src/stm32f7xx_hal_tim.c.obj
                0x08003ff6                HAL_TIM_PWM_PulseFinishedCallback
 .text.HAL_TIM_TriggerCallback
                0x0800400a       0x14 CMakeFiles/app.elf.dir/Drivers/STM32F7xx_HAL_Driver/Src/stm32f7xx_hal_tim.c.obj
                0x0800400a                HAL_TIM_TriggerCallback
 .text.HAL_TIMEx_CommutCallback
                0x0800401e       0x14 CMakeFiles/app.elf.dir/Drivers/STM32F7xx_HAL_Driver/Src/stm32f7xx_hal_tim_ex.c.obj
                0x0800401e                HAL_TIMEx_CommutCallback
 .text.HAL_TIMEx_BreakCallback
                0x08004032       0x14 CMakeFiles/app.elf.dir/Drivers/STM32F7xx_HAL_Driver/Src/stm32f7xx_hal_tim_ex.c.obj
                0x08004032                HAL_TIMEx_BreakCallback
 .text.HAL_TIMEx_Break2Callback
                0x08004046       0x14 CMakeFiles/app.elf.dir/Drivers/STM32F7xx_HAL_Driver/Src/stm32f7xx_hal_tim_ex.c.obj
                0x08004046                HAL_TIMEx_Break2Callback
 *fill*         0x0800405a        0x2 
 .text.USB_CoreInit
                0x0800405c       0xb4 CMakeFiles/app.elf.dir/Drivers/STM32F7xx_HAL_Driver/Src/stm32f7xx_ll_usb.c.obj
                0x0800405c                USB_CoreInit
 .text.USB_EnableGlobalInt
                0x08004110       0x22 CMakeFiles/app.elf.dir/Drivers/STM32F7xx_HAL_Driver/Src/stm32f7xx_ll_usb.c.obj
                0x08004110                USB_EnableGlobalInt
 .text.USB_DisableGlobalInt
                0x08004132       0x22 CMakeFiles/app.elf.dir/Drivers/STM32F7xx_HAL_Driver/Src/stm32f7xx_ll_usb.c.obj
                0x08004132                USB_DisableGlobalInt
 .text.USB_SetCurrentMode
                0x08004154       0x98 CMakeFiles/app.elf.dir/Drivers/STM32F7xx_HAL_Driver/Src/stm32f7xx_ll_usb.c.obj
                0x08004154                USB_SetCurrentMode
 .text.USB_FlushTxFifo
                0x080041ec       0x64 CMakeFiles/app.elf.dir/Drivers/STM32F7xx_HAL_Driver/Src/stm32f7xx_ll_usb.c.obj
                0x080041ec                USB_FlushTxFifo
 .text.USB_FlushRxFifo
                0x08004250       0x5c CMakeFiles/app.elf.dir/Drivers/STM32F7xx_HAL_Driver/Src/stm32f7xx_ll_usb.c.obj
                0x08004250                USB_FlushRxFifo
 .text.USB_WritePacket
                0x080042ac       0x7c CMakeFiles/app.elf.dir/Drivers/STM32F7xx_HAL_Driver/Src/stm32f7xx_ll_usb.c.obj
                0x080042ac                USB_WritePacket
 .text.USB_ReadPacket
                0x08004328       0xb0 CMakeFiles/app.elf.dir/Drivers/STM32F7xx_HAL_Driver/Src/stm32f7xx_ll_usb.c.obj
                0x08004328                USB_ReadPacket
 .text.USB_ReadInterrupts
                0x080043d8       0x26 CMakeFiles/app.elf.dir/Drivers/STM32F7xx_HAL_Driver/Src/stm32f7xx_ll_usb.c.obj
                0x080043d8                USB_ReadInterrupts
 .text.USB_ReadChInterrupts
                0x080043fe       0x42 CMakeFiles/app.elf.dir/Drivers/STM32F7xx_HAL_Driver/Src/stm32f7xx_ll_usb.c.obj
                0x080043fe                USB_ReadChInterrupts
 .text.USB_GetMode
                0x08004440       0x1c CMakeFiles/app.elf.dir/Drivers/STM32F7xx_HAL_Driver/Src/stm32f7xx_ll_usb.c.obj
                0x08004440                USB_GetMode
 .text.USB_CoreReset
                0x0800445c       0x70 CMakeFiles/app.elf.dir/Drivers/STM32F7xx_HAL_Driver/Src/stm32f7xx_ll_usb.c.obj
 .text.USB_HostInit
                0x080044cc      0x170 CMakeFiles/app.elf.dir/Drivers/STM32F7xx_HAL_Driver/Src/stm32f7xx_ll_usb.c.obj
                0x080044cc                USB_HostInit
 .text.USB_InitFSLSPClkSel
                0x0800463c       0x7a CMakeFiles/app.elf.dir/Drivers/STM32F7xx_HAL_Driver/Src/stm32f7xx_ll_usb.c.obj
                0x0800463c                USB_InitFSLSPClkSel
 .text.USB_ResetPort
                0x080046b6       0x54 CMakeFiles/app.elf.dir/Drivers/STM32F7xx_HAL_Driver/Src/stm32f7xx_ll_usb.c.obj
                0x080046b6                USB_ResetPort
 .text.USB_DriveVbus
                0x0800470a       0x72 CMakeFiles/app.elf.dir/Drivers/STM32F7xx_HAL_Driver/Src/stm32f7xx_ll_usb.c.obj
                0x0800470a                USB_DriveVbus
 .text.USB_GetHostSpeed
                0x0800477c       0x2e CMakeFiles/app.elf.dir/Drivers/STM32F7xx_HAL_Driver/Src/stm32f7xx_ll_usb.c.obj
                0x0800477c                USB_GetHostSpeed
 .text.USB_GetCurrentFrame
                0x080047aa       0x22 CMakeFiles/app.elf.dir/Drivers/STM32F7xx_HAL_Driver/Src/stm32f7xx_ll_usb.c.obj
                0x080047aa                USB_GetCurrentFrame
 .text.USB_HC_StartXfer
                0x080047cc      0x4f4 CMakeFiles/app.elf.dir/Drivers/STM32F7xx_HAL_Driver/Src/stm32f7xx_ll_usb.c.obj
                0x080047cc                USB_HC_StartXfer
 .text.USB_HC_ReadInterrupt
                0x08004cc0       0x22 CMakeFiles/app.elf.dir/Drivers/STM32F7xx_HAL_Driver/Src/stm32f7xx_ll_usb.c.obj
                0x08004cc0                USB_HC_ReadInterrupt
 .text.USB_HC_Halt
                0x08004ce2      0x240 CMakeFiles/app.elf.dir/Drivers/STM32F7xx_HAL_Driver/Src/stm32f7xx_ll_usb.c.obj
                0x08004ce2                USB_HC_Halt
 *fill*         0x08004f22        0x2 
 .text.USB_DoPing
                0x08004f24       0x78 CMakeFiles/app.elf.dir/Drivers/STM32F7xx_HAL_Driver/Src/stm32f7xx_ll_usb.c.obj
                0x08004f24                USB_DoPing
 .text.USB_StopHost
                0x08004f9c      0x124 CMakeFiles/app.elf.dir/Drivers/STM32F7xx_HAL_Driver/Src/stm32f7xx_ll_usb.c.obj
                0x08004f9c                USB_StopHost
 .text.SystemInit
                0x080050c0       0x24 CMakeFiles/app.elf.dir/mcu/system/system_stm32f7xx.c.obj
                0x080050c0                SystemInit
 .text.main     0x080050e4       0x80 CMakeFiles/app.elf.dir/mcu/src/main.c.obj
                0x080050e4                main
 .text.SystemClock_Config
                0x08005164       0xd4 CMakeFiles/app.elf.dir/mcu/src/main.c.obj
                0x08005164                SystemClock_Config
 .text.PeriphCommonClock_Config
                0x08005238       0x50 CMakeFiles/app.elf.dir/mcu/src/main.c.obj
                0x08005238                PeriphCommonClock_Config
 .text.HAL_TIM_PeriodElapsedCallback
                0x08005288       0x24 CMakeFiles/app.elf.dir/mcu/src/main.c.obj
                0x08005288                HAL_TIM_PeriodElapsedCallback
 .text.Error_Handler
                0x080052ac        0xc CMakeFiles/app.elf.dir/mcu/src/main.c.obj
                0x080052ac                Error_Handler
 .text.NMI_Handler
                0x080052b8        0x8 CMakeFiles/app.elf.dir/mcu/src/stm32f7xx_it.c.obj
                0x080052b8                NMI_Handler
 .text.HardFault_Handler
                0x080052c0        0x8 CMakeFiles/app.elf.dir/mcu/src/stm32f7xx_it.c.obj
                0x080052c0                HardFault_Handler
 .text.MemManage_Handler
                0x080052c8        0x8 CMakeFiles/app.elf.dir/mcu/src/stm32f7xx_it.c.obj
                0x080052c8                MemManage_Handler
 .text.BusFault_Handler
                0x080052d0        0x8 CMakeFiles/app.elf.dir/mcu/src/stm32f7xx_it.c.obj
                0x080052d0                BusFault_Handler
 .text.UsageFault_Handler
                0x080052d8        0x8 CMakeFiles/app.elf.dir/mcu/src/stm32f7xx_it.c.obj
                0x080052d8                UsageFault_Handler
 .text.DebugMon_Handler
                0x080052e0        0xe CMakeFiles/app.elf.dir/mcu/src/stm32f7xx_it.c.obj
                0x080052e0                DebugMon_Handler
 *fill*         0x080052ee        0x2 
 .text.TIM6_DAC_IRQHandler
                0x080052f0       0x14 CMakeFiles/app.elf.dir/mcu/src/stm32f7xx_it.c.obj
                0x080052f0                TIM6_DAC_IRQHandler
 .text.OTG_FS_IRQHandler
                0x08005304       0x14 CMakeFiles/app.elf.dir/mcu/src/stm32f7xx_it.c.obj
                0x08005304                OTG_FS_IRQHandler
 .text.LTDC_IRQHandler
                0x08005318       0x14 CMakeFiles/app.elf.dir/mcu/src/stm32f7xx_it.c.obj
                0x08005318                LTDC_IRQHandler
 .text.DMA2D_IRQHandler
                0x0800532c       0x14 CMakeFiles/app.elf.dir/mcu/src/stm32f7xx_it.c.obj
                0x0800532c                DMA2D_IRQHandler
 .text.vListInitialise
                0x08005340       0x40 CMakeFiles/app.elf.dir/Middlewares/Third_Party/FreeRTOS/Source/list.c.obj
                0x08005340                vListInitialise
 .text.vListInitialiseItem
                0x08005380       0x1a CMakeFiles/app.elf.dir/Middlewares/Third_Party/FreeRTOS/Source/list.c.obj
                0x08005380                vListInitialiseItem
 .text.vListInsertEnd
                0x0800539a       0x48 CMakeFiles/app.elf.dir/Middlewares/Third_Party/FreeRTOS/Source/list.c.obj
                0x0800539a                vListInsertEnd
 .text.vListInsert
                0x080053e2       0x72 CMakeFiles/app.elf.dir/Middlewares/Third_Party/FreeRTOS/Source/list.c.obj
                0x080053e2                vListInsert
 .text.uxListRemove
                0x08005454       0x54 CMakeFiles/app.elf.dir/Middlewares/Third_Party/FreeRTOS/Source/list.c.obj
                0x08005454                uxListRemove
 .text.xQueueGenericReset
                0x080054a8       0xd8 CMakeFiles/app.elf.dir/Middlewares/Third_Party/FreeRTOS/Source/queue.c.obj
                0x080054a8                xQueueGenericReset
 .text.xQueueGenericCreateStatic
                0x08005580      0x10e CMakeFiles/app.elf.dir/Middlewares/Third_Party/FreeRTOS/Source/queue.c.obj
                0x08005580                xQueueGenericCreateStatic
 .text.xQueueGenericCreate
                0x0800568e       0x86 CMakeFiles/app.elf.dir/Middlewares/Third_Party/FreeRTOS/Source/queue.c.obj
                0x0800568e                xQueueGenericCreate
 .text.prvInitialiseNewQueue
                0x08005714       0x3e CMakeFiles/app.elf.dir/Middlewares/Third_Party/FreeRTOS/Source/queue.c.obj
 *fill*         0x08005752        0x2 
 .text.xQueueGenericSend
                0x08005754      0x214 CMakeFiles/app.elf.dir/Middlewares/Third_Party/FreeRTOS/Source/queue.c.obj
                0x08005754                xQueueGenericSend
 .text.xQueueGenericSendFromISR
                0x08005968      0x146 CMakeFiles/app.elf.dir/Middlewares/Third_Party/FreeRTOS/Source/queue.c.obj
                0x08005968                xQueueGenericSendFromISR
 *fill*         0x08005aae        0x2 
 .text.xQueueReceive
                0x08005ab0      0x1d0 CMakeFiles/app.elf.dir/Middlewares/Third_Party/FreeRTOS/Source/queue.c.obj
                0x08005ab0                xQueueReceive
 .text.xQueueReceiveFromISR
                0x08005c80      0x110 CMakeFiles/app.elf.dir/Middlewares/Third_Party/FreeRTOS/Source/queue.c.obj
                0x08005c80                xQueueReceiveFromISR
 .text.uxQueueMessagesWaiting
                0x08005d90       0x42 CMakeFiles/app.elf.dir/Middlewares/Third_Party/FreeRTOS/Source/queue.c.obj
                0x08005d90                uxQueueMessagesWaiting
 .text.uxQueueMessagesWaitingFromISR
                0x08005dd2       0x42 CMakeFiles/app.elf.dir/Middlewares/Third_Party/FreeRTOS/Source/queue.c.obj
                0x08005dd2                uxQueueMessagesWaitingFromISR
 .text.prvCopyDataToQueue
                0x08005e14       0xd4 CMakeFiles/app.elf.dir/Middlewares/Third_Party/FreeRTOS/Source/queue.c.obj
 .text.prvCopyDataFromQueue
                0x08005ee8       0x4c CMakeFiles/app.elf.dir/Middlewares/Third_Party/FreeRTOS/Source/queue.c.obj
 .text.prvUnlockQueue
                0x08005f34       0xa4 CMakeFiles/app.elf.dir/Middlewares/Third_Party/FreeRTOS/Source/queue.c.obj
 .text.prvIsQueueEmpty
                0x08005fd8       0x2c CMakeFiles/app.elf.dir/Middlewares/Third_Party/FreeRTOS/Source/queue.c.obj
 .text.prvIsQueueFull
                0x08006004       0x30 CMakeFiles/app.elf.dir/Middlewares/Third_Party/FreeRTOS/Source/queue.c.obj
 .text.xTaskCreateStatic
                0x08006034       0xcc CMakeFiles/app.elf.dir/Middlewares/Third_Party/FreeRTOS/Source/tasks.c.obj
                0x08006034                xTaskCreateStatic
 .text.xTaskCreate
                0x08006100       0x8a CMakeFiles/app.elf.dir/Middlewares/Third_Party/FreeRTOS/Source/tasks.c.obj
                0x08006100                xTaskCreate
 .text.prvInitialiseNewTask
                0x0800618a      0x12a CMakeFiles/app.elf.dir/Middlewares/Third_Party/FreeRTOS/Source/tasks.c.obj
 .text.prvAddNewTaskToReadyList
                0x080062b4       0xd4 CMakeFiles/app.elf.dir/Middlewares/Third_Party/FreeRTOS/Source/tasks.c.obj
 .text.vTaskDelay
                0x08006388       0x70 CMakeFiles/app.elf.dir/Middlewares/Third_Party/FreeRTOS/Source/tasks.c.obj
                0x08006388                vTaskDelay
 .text.vTaskStartScheduler
                0x080063f8       0xcc CMakeFiles/app.elf.dir/Middlewares/Third_Party/FreeRTOS/Source/tasks.c.obj
                0x080063f8                vTaskStartScheduler
 .text.vTaskSuspendAll
                0x080064c4       0x1c CMakeFiles/app.elf.dir/Middlewares/Third_Party/FreeRTOS/Source/tasks.c.obj
                0x080064c4                vTaskSuspendAll
 .text.xTaskResumeAll
                0x080064e0      0x140 CMakeFiles/app.elf.dir/Middlewares/Third_Party/FreeRTOS/Source/tasks.c.obj
                0x080064e0                xTaskResumeAll
 .text.xTaskGetTickCount
                0x08006620       0x20 CMakeFiles/app.elf.dir/Middlewares/Third_Party/FreeRTOS/Source/tasks.c.obj
                0x08006620                xTaskGetTickCount
 .text.xTaskGetTickCountFromISR
                0x08006640       0x24 CMakeFiles/app.elf.dir/Middlewares/Third_Party/FreeRTOS/Source/tasks.c.obj
                0x08006640                xTaskGetTickCountFromISR
 .text.xTaskIncrementTick
                0x08006664      0x178 CMakeFiles/app.elf.dir/Middlewares/Third_Party/FreeRTOS/Source/tasks.c.obj
                0x08006664                xTaskIncrementTick
 .text.vTaskSwitchContext
                0x080067dc      0x108 CMakeFiles/app.elf.dir/Middlewares/Third_Party/FreeRTOS/Source/tasks.c.obj
                0x080067dc                vTaskSwitchContext
 .text.vTaskPlaceOnEventList
                0x080068e4       0x50 CMakeFiles/app.elf.dir/Middlewares/Third_Party/FreeRTOS/Source/tasks.c.obj
                0x080068e4                vTaskPlaceOnEventList
 .text.xTaskRemoveFromEventList
                0x08006934       0xcc CMakeFiles/app.elf.dir/Middlewares/Third_Party/FreeRTOS/Source/tasks.c.obj
                0x08006934                xTaskRemoveFromEventList
 .text.vTaskInternalSetTimeOutState
                0x08006a00       0x2c CMakeFiles/app.elf.dir/Middlewares/Third_Party/FreeRTOS/Source/tasks.c.obj
                0x08006a00                vTaskInternalSetTimeOutState
 .text.xTaskCheckForTimeOut
                0x08006a2c       0xd0 CMakeFiles/app.elf.dir/Middlewares/Third_Party/FreeRTOS/Source/tasks.c.obj
                0x08006a2c                xTaskCheckForTimeOut
 .text.vTaskMissedYield
                0x08006afc       0x18 CMakeFiles/app.elf.dir/Middlewares/Third_Party/FreeRTOS/Source/tasks.c.obj
                0x08006afc                vTaskMissedYield
 .text.prvIdleTask
                0x08006b14       0x34 CMakeFiles/app.elf.dir/Middlewares/Third_Party/FreeRTOS/Source/tasks.c.obj
 .text.prvInitialiseTaskLists
                0x08006b48       0x80 CMakeFiles/app.elf.dir/Middlewares/Third_Party/FreeRTOS/Source/tasks.c.obj
 .text.prvCheckTasksWaitingTermination
                0x08006bc8       0x5c CMakeFiles/app.elf.dir/Middlewares/Third_Party/FreeRTOS/Source/tasks.c.obj
 .text.prvDeleteTCB
                0x08006c24       0x64 CMakeFiles/app.elf.dir/Middlewares/Third_Party/FreeRTOS/Source/tasks.c.obj
 .text.prvResetNextTaskUnblockTime
                0x08006c88       0x40 CMakeFiles/app.elf.dir/Middlewares/Third_Party/FreeRTOS/Source/tasks.c.obj
 .text.xTaskGetSchedulerState
                0x08006cc8       0x3c CMakeFiles/app.elf.dir/Middlewares/Third_Party/FreeRTOS/Source/tasks.c.obj
                0x08006cc8                xTaskGetSchedulerState
 .text.xTaskPriorityDisinherit
                0x08006d04      0x118 CMakeFiles/app.elf.dir/Middlewares/Third_Party/FreeRTOS/Source/tasks.c.obj
                0x08006d04                xTaskPriorityDisinherit
 .text.prvAddCurrentTaskToDelayedList
                0x08006e1c       0xcc CMakeFiles/app.elf.dir/Middlewares/Third_Party/FreeRTOS/Source/tasks.c.obj
 .text.makeFreeRtosPriority
                0x08006ee8       0x30 CMakeFiles/app.elf.dir/Middlewares/Third_Party/FreeRTOS/Source/CMSIS_RTOS/cmsis_os.c.obj
 .text.inHandlerMode
                0x08006f18       0x24 CMakeFiles/app.elf.dir/Middlewares/Third_Party/FreeRTOS/Source/CMSIS_RTOS/cmsis_os.c.obj
 .text.osKernelStart
                0x08006f3c        0xe CMakeFiles/app.elf.dir/Middlewares/Third_Party/FreeRTOS/Source/CMSIS_RTOS/cmsis_os.c.obj
                0x08006f3c                osKernelStart
 .text.osKernelRunning
                0x08006f4a       0x18 CMakeFiles/app.elf.dir/Middlewares/Third_Party/FreeRTOS/Source/CMSIS_RTOS/cmsis_os.c.obj
                0x08006f4a                osKernelRunning
 .text.osKernelSysTick
                0x08006f62       0x20 CMakeFiles/app.elf.dir/Middlewares/Third_Party/FreeRTOS/Source/CMSIS_RTOS/cmsis_os.c.obj
                0x08006f62                osKernelSysTick
 .text.osThreadCreate
                0x08006f82       0x98 CMakeFiles/app.elf.dir/Middlewares/Third_Party/FreeRTOS/Source/CMSIS_RTOS/cmsis_os.c.obj
                0x08006f82                osThreadCreate
 .text.osDelay  0x0800701a       0x28 CMakeFiles/app.elf.dir/Middlewares/Third_Party/FreeRTOS/Source/CMSIS_RTOS/cmsis_os.c.obj
                0x0800701a                osDelay
 .text.osMessageCreate
                0x08007042       0x50 CMakeFiles/app.elf.dir/Middlewares/Third_Party/FreeRTOS/Source/CMSIS_RTOS/cmsis_os.c.obj
                0x08007042                osMessageCreate
 *fill*         0x08007092        0x2 
 .text.osMessagePut
                0x08007094       0x80 CMakeFiles/app.elf.dir/Middlewares/Third_Party/FreeRTOS/Source/CMSIS_RTOS/cmsis_os.c.obj
                0x08007094                osMessagePut
 .text.osMessageGet
                0x08007114       0xe8 CMakeFiles/app.elf.dir/Middlewares/Third_Party/FreeRTOS/Source/CMSIS_RTOS/cmsis_os.c.obj
                0x08007114                osMessageGet
 .text.osMessageWaiting
                0x080071fc       0x2c CMakeFiles/app.elf.dir/Middlewares/Third_Party/FreeRTOS/Source/CMSIS_RTOS/cmsis_os.c.obj
                0x080071fc                osMessageWaiting
 .text.pxPortInitialiseStack
                0x08007228       0x68 CMakeFiles/app.elf.dir/Middlewares/Third_Party/FreeRTOS/Source/portable/GCC/ARM_CM7/r0p1/port.c.obj
                0x08007228                pxPortInitialiseStack
 .text.prvTaskExitError
                0x08007290       0x64 CMakeFiles/app.elf.dir/Middlewares/Third_Party/FreeRTOS/Source/portable/GCC/ARM_CM7/r0p1/port.c.obj
 *fill*         0x080072f4        0xc 
 .text.SVC_Handler
                0x08007300       0x28 CMakeFiles/app.elf.dir/Middlewares/Third_Party/FreeRTOS/Source/portable/GCC/ARM_CM7/r0p1/port.c.obj
                0x08007300                SVC_Handler
 .text.prvPortStartFirstTask
                0x08007328       0x28 CMakeFiles/app.elf.dir/Middlewares/Third_Party/FreeRTOS/Source/portable/GCC/ARM_CM7/r0p1/port.c.obj
 .text.xPortStartScheduler
                0x08007350       0xfc CMakeFiles/app.elf.dir/Middlewares/Third_Party/FreeRTOS/Source/portable/GCC/ARM_CM7/r0p1/port.c.obj
                0x08007350                xPortStartScheduler
 .text.vPortEnterCritical
                0x0800744c       0x6c CMakeFiles/app.elf.dir/Middlewares/Third_Party/FreeRTOS/Source/portable/GCC/ARM_CM7/r0p1/port.c.obj
                0x0800744c                vPortEnterCritical
 .text.vPortExitCritical
                0x080074b8       0x58 CMakeFiles/app.elf.dir/Middlewares/Third_Party/FreeRTOS/Source/portable/GCC/ARM_CM7/r0p1/port.c.obj
                0x080074b8                vPortExitCritical
 .text.PendSV_Handler
                0x08007510       0x68 CMakeFiles/app.elf.dir/Middlewares/Third_Party/FreeRTOS/Source/portable/GCC/ARM_CM7/r0p1/port.c.obj
                0x08007510                PendSV_Handler
 .text.SysTick_Handler
                0x08007578       0x48 CMakeFiles/app.elf.dir/Middlewares/Third_Party/FreeRTOS/Source/portable/GCC/ARM_CM7/r0p1/port.c.obj
                0x08007578                SysTick_Handler
 .text.vPortSetupTimerInterrupt
                0x080075c0       0x48 CMakeFiles/app.elf.dir/Middlewares/Third_Party/FreeRTOS/Source/portable/GCC/ARM_CM7/r0p1/port.c.obj
                0x080075c0                vPortSetupTimerInterrupt
 .text.vPortEnableVFP
                0x08007608       0x14 CMakeFiles/app.elf.dir/Middlewares/Third_Party/FreeRTOS/Source/portable/GCC/ARM_CM7/r0p1/port.c.obj
 .text.vPortValidateInterruptPriority
                0x0800761c       0x8c CMakeFiles/app.elf.dir/Middlewares/Third_Party/FreeRTOS/Source/portable/GCC/ARM_CM7/r0p1/port.c.obj
                0x0800761c                vPortValidateInterruptPriority
 .text.pvPortMalloc
                0x080076a8      0x1a4 CMakeFiles/app.elf.dir/Middlewares/Third_Party/FreeRTOS/Source/portable/MemMang/heap_4.c.obj
                0x080076a8                pvPortMalloc
 .text.vPortFree
                0x0800784c       0xc0 CMakeFiles/app.elf.dir/Middlewares/Third_Party/FreeRTOS/Source/portable/MemMang/heap_4.c.obj
                0x0800784c                vPortFree
 .text.prvHeapInit
                0x0800790c       0xc4 CMakeFiles/app.elf.dir/Middlewares/Third_Party/FreeRTOS/Source/portable/MemMang/heap_4.c.obj
 .text.prvInsertBlockIntoFreeList
                0x080079d0       0xb4 CMakeFiles/app.elf.dir/Middlewares/Third_Party/FreeRTOS/Source/portable/MemMang/heap_4.c.obj
 .text.vApplicationIdleHook
                0x08007a84        0xe CMakeFiles/app.elf.dir/mcu/src/freertos.c.obj
                0x08007a84                vApplicationIdleHook
 .text.vApplicationStackOverflowHook
                0x08007a92       0x16 CMakeFiles/app.elf.dir/mcu/src/freertos.c.obj
                0x08007a92                vApplicationStackOverflowHook
 .text.vApplicationMallocFailedHook
                0x08007aa8        0xe CMakeFiles/app.elf.dir/mcu/src/freertos.c.obj
                0x08007aa8                vApplicationMallocFailedHook
 *fill*         0x08007ab6        0x2 
 .text.vApplicationGetIdleTaskMemory
                0x08007ab8       0x34 CMakeFiles/app.elf.dir/mcu/src/freertos.c.obj
                0x08007ab8                vApplicationGetIdleTaskMemory
 .text.MX_FREERTOS_Init
                0x08007aec       0x38 CMakeFiles/app.elf.dir/mcu/src/freertos.c.obj
                0x08007aec                MX_FREERTOS_Init
 .text.StartDefaultTask
                0x08007b24       0x14 CMakeFiles/app.elf.dir/mcu/src/freertos.c.obj
                0x08007b24                StartDefaultTask
 .text.Reset_Handler
                0x08007b38       0x50 CMakeFiles/app.elf.dir/mcu/startup/startup_stm32f746xx.s.obj
                0x08007b38                Reset_Handler
 .text.Default_Handler
                0x08007b88        0x2 CMakeFiles/app.elf.dir/mcu/startup/startup_stm32f746xx.s.obj
                0x08007b88                RTC_Alarm_IRQHandler
                0x08007b88                EXTI2_IRQHandler
                0x08007b88                TIM8_CC_IRQHandler
                0x08007b88                UART8_IRQHandler
                0x08007b88                SPI4_IRQHandler
                0x08007b88                TIM1_CC_IRQHandler
                0x08007b88                DMA2_Stream5_IRQHandler
                0x08007b88                DMA1_Stream5_IRQHandler
                0x08007b88                PVD_IRQHandler
                0x08007b88                TAMP_STAMP_IRQHandler
                0x08007b88                CAN2_RX1_IRQHandler
                0x08007b88                EXTI3_IRQHandler
                0x08007b88                TIM8_TRG_COM_TIM14_IRQHandler
                0x08007b88                TIM1_UP_TIM10_IRQHandler
                0x08007b88                TIM8_UP_TIM13_IRQHandler
                0x08007b88                I2C3_ER_IRQHandler
                0x08007b88                EXTI0_IRQHandler
                0x08007b88                I2C2_EV_IRQHandler
                0x08007b88                DMA1_Stream2_IRQHandler
                0x08007b88                CAN1_RX0_IRQHandler
                0x08007b88                FPU_IRQHandler
                0x08007b88                OTG_HS_WKUP_IRQHandler
                0x08007b88                LTDC_ER_IRQHandler
                0x08007b88                CAN2_SCE_IRQHandler
                0x08007b88                DMA2_Stream2_IRQHandler
                0x08007b88                SPI1_IRQHandler
                0x08007b88                TIM1_BRK_TIM9_IRQHandler
                0x08007b88                DCMI_IRQHandler
                0x08007b88                CAN2_RX0_IRQHandler
                0x08007b88                DMA2_Stream3_IRQHandler
                0x08007b88                SAI2_IRQHandler
                0x08007b88                USART6_IRQHandler
                0x08007b88                USART3_IRQHandler
                0x08007b88                CAN1_RX1_IRQHandler
                0x08007b88                UART5_IRQHandler
                0x08007b88                DMA2_Stream0_IRQHandler
                0x08007b88                TIM4_IRQHandler
                0x08007b88                QUADSPI_IRQHandler
                0x08007b88                I2C1_EV_IRQHandler
                0x08007b88                DMA1_Stream6_IRQHandler
                0x08007b88                DMA1_Stream1_IRQHandler
                0x08007b88                UART4_IRQHandler
                0x08007b88                TIM3_IRQHandler
                0x08007b88                RCC_IRQHandler
                0x08007b88                TIM8_BRK_TIM12_IRQHandler
                0x08007b88                Default_Handler
                0x08007b88                CEC_IRQHandler
                0x08007b88                EXTI15_10_IRQHandler
                0x08007b88                ADC_IRQHandler
                0x08007b88                DMA1_Stream7_IRQHandler
                0x08007b88                SPI5_IRQHandler
                0x08007b88                TIM7_IRQHandler
                0x08007b88                SDMMC1_IRQHandler
                0x08007b88                CAN2_TX_IRQHandler
                0x08007b88                TIM5_IRQHandler
                0x08007b88                DMA2_Stream7_IRQHandler
                0x08007b88                I2C3_EV_IRQHandler
                0x08007b88                EXTI9_5_IRQHandler
                0x08007b88                RTC_WKUP_IRQHandler
                0x08007b88                ETH_WKUP_IRQHandler
                0x08007b88                SPDIF_RX_IRQHandler
                0x08007b88                SPI2_IRQHandler
                0x08007b88                OTG_HS_EP1_IN_IRQHandler
                0x08007b88                DMA1_Stream0_IRQHandler
                0x08007b88                CAN1_TX_IRQHandler
                0x08007b88                EXTI4_IRQHandler
                0x08007b88                RNG_IRQHandler
                0x08007b88                ETH_IRQHandler
                0x08007b88                OTG_HS_EP1_OUT_IRQHandler
                0x08007b88                WWDG_IRQHandler
                0x08007b88                SPI6_IRQHandler
                0x08007b88                I2C4_EV_IRQHandler
                0x08007b88                TIM2_IRQHandler
                0x08007b88                OTG_FS_WKUP_IRQHandler
                0x08007b88                TIM1_TRG_COM_TIM11_IRQHandler
                0x08007b88                OTG_HS_IRQHandler
                0x08007b88                EXTI1_IRQHandler
                0x08007b88                UART7_IRQHandler
                0x08007b88                USART2_IRQHandler
                0x08007b88                I2C2_ER_IRQHandler
                0x08007b88                DMA2_Stream1_IRQHandler
                0x08007b88                CAN1_SCE_IRQHandler
                0x08007b88                FLASH_IRQHandler
                0x08007b88                DMA2_Stream4_IRQHandler
                0x08007b88                USART1_IRQHandler
                0x08007b88                SPI3_IRQHandler
                0x08007b88                DMA1_Stream4_IRQHandler
                0x08007b88                I2C1_ER_IRQHandler
                0x08007b88                FMC_IRQHandler
                0x08007b88                LPTIM1_IRQHandler
                0x08007b88                I2C4_ER_IRQHandler
                0x08007b88                DMA2_Stream6_IRQHandler
                0x08007b88                SAI1_IRQHandler
                0x08007b88                DMA1_Stream3_IRQHandler
 *fill*         0x08007b8a        0x2 
 .text.FATFS_LinkDriverEx
                0x08007b8c       0x98 CMakeFiles/app.elf.dir/Middlewares/Third_Party/FatFs/src/ff_gen_drv.c.obj
                0x08007b8c                FATFS_LinkDriverEx
 .text.FATFS_LinkDriver
                0x08007c24       0x1e CMakeFiles/app.elf.dir/Middlewares/Third_Party/FatFs/src/ff_gen_drv.c.obj
                0x08007c24                FATFS_LinkDriver
 *fill*         0x08007c42        0x2 
 .text.MX_FATFS_Init
                0x08007c44       0x24 CMakeFiles/app.elf.dir/FATFS/App/fatfs.c.obj
                0x08007c44                MX_FATFS_Init
 .text.SD_CheckStatusWithTimeout
                0x08007c68       0x3a CMakeFiles/app.elf.dir/FATFS/Target/sd_diskio.c.obj
 *fill*         0x08007ca2        0x2 
 .text.SD_CheckStatus
                0x08007ca4       0x3c CMakeFiles/app.elf.dir/FATFS/Target/sd_diskio.c.obj
 .text.SD_initialize
                0x08007ce0       0x98 CMakeFiles/app.elf.dir/FATFS/Target/sd_diskio.c.obj
                0x08007ce0                SD_initialize
 .text.SD_status
                0x08007d78       0x1c CMakeFiles/app.elf.dir/FATFS/Target/sd_diskio.c.obj
                0x08007d78                SD_status
 .text.SD_read  0x08007d94       0x9c CMakeFiles/app.elf.dir/FATFS/Target/sd_diskio.c.obj
                0x08007d94                SD_read
 .text.SD_write
                0x08007e30       0x94 CMakeFiles/app.elf.dir/FATFS/Target/sd_diskio.c.obj
                0x08007e30                SD_write
 .text.SD_ioctl
                0x08007ec4       0xb0 CMakeFiles/app.elf.dir/FATFS/Target/sd_diskio.c.obj
                0x08007ec4                SD_ioctl
 .text.USBH_Init
                0x08007f74       0xc4 CMakeFiles/app.elf.dir/Middlewares/ST/STM32_USB_Host_Library/Core/Src/usbh_core.c.obj
                0x08007f74                USBH_Init
 .text.DeInitStateMachine
                0x08008038       0xe2 CMakeFiles/app.elf.dir/Middlewares/ST/STM32_USB_Host_Library/Core/Src/usbh_core.c.obj
 .text.USBH_RegisterClass
                0x0800811a       0x54 CMakeFiles/app.elf.dir/Middlewares/ST/STM32_USB_Host_Library/Core/Src/usbh_core.c.obj
                0x0800811a                USBH_RegisterClass
 .text.USBH_SelectInterface
                0x0800816e       0x38 CMakeFiles/app.elf.dir/Middlewares/ST/STM32_USB_Host_Library/Core/Src/usbh_core.c.obj
                0x0800816e                USBH_SelectInterface
 .text.USBH_FindInterface
                0x080081a6       0x8c CMakeFiles/app.elf.dir/Middlewares/ST/STM32_USB_Host_Library/Core/Src/usbh_core.c.obj
                0x080081a6                USBH_FindInterface
 .text.USBH_Start
                0x08008232       0x20 CMakeFiles/app.elf.dir/Middlewares/ST/STM32_USB_Host_Library/Core/Src/usbh_core.c.obj
                0x08008232                USBH_Start
 *fill*         0x08008252        0x2 
 .text.USBH_Process
                0x08008254      0x434 CMakeFiles/app.elf.dir/Middlewares/ST/STM32_USB_Host_Library/Core/Src/usbh_core.c.obj
                0x08008254                USBH_Process
 .text.USBH_HandleEnum
                0x08008688      0x3fc CMakeFiles/app.elf.dir/Middlewares/ST/STM32_USB_Host_Library/Core/Src/usbh_core.c.obj
 .text.USBH_LL_SetTimer
                0x08008a84       0x1e CMakeFiles/app.elf.dir/Middlewares/ST/STM32_USB_Host_Library/Core/Src/usbh_core.c.obj
                0x08008a84                USBH_LL_SetTimer
 .text.USBH_LL_IncTimer
                0x08008aa2       0x24 CMakeFiles/app.elf.dir/Middlewares/ST/STM32_USB_Host_Library/Core/Src/usbh_core.c.obj
                0x08008aa2                USBH_LL_IncTimer
 .text.USBH_HandleSof
                0x08008ac6       0x30 CMakeFiles/app.elf.dir/Middlewares/ST/STM32_USB_Host_Library/Core/Src/usbh_core.c.obj
 .text.USBH_LL_PortEnabled
                0x08008af6       0x24 CMakeFiles/app.elf.dir/Middlewares/ST/STM32_USB_Host_Library/Core/Src/usbh_core.c.obj
                0x08008af6                USBH_LL_PortEnabled
 .text.USBH_LL_PortDisabled
                0x08008b1a       0x24 CMakeFiles/app.elf.dir/Middlewares/ST/STM32_USB_Host_Library/Core/Src/usbh_core.c.obj
                0x08008b1a                USBH_LL_PortDisabled
 .text.USBH_LL_Connect
                0x08008b3e       0x36 CMakeFiles/app.elf.dir/Middlewares/ST/STM32_USB_Host_Library/Core/Src/usbh_core.c.obj
                0x08008b3e                USBH_LL_Connect
 .text.USBH_LL_Disconnect
                0x08008b74       0x54 CMakeFiles/app.elf.dir/Middlewares/ST/STM32_USB_Host_Library/Core/Src/usbh_core.c.obj
                0x08008b74                USBH_LL_Disconnect
 .text.USBH_OS_PutMessage
                0x08008bc8       0x4e CMakeFiles/app.elf.dir/Middlewares/ST/STM32_USB_Host_Library/Core/Src/usbh_core.c.obj
                0x08008bc8                USBH_OS_PutMessage
 .text.USBH_Process_OS
                0x08008c16       0x2a CMakeFiles/app.elf.dir/Middlewares/ST/STM32_USB_Host_Library/Core/Src/usbh_core.c.obj
 .text.USBH_LL_NotifyURBChange
                0x08008c40       0x1e CMakeFiles/app.elf.dir/Middlewares/ST/STM32_USB_Host_Library/Core/Src/usbh_core.c.obj
                0x08008c40                USBH_LL_NotifyURBChange
 .text.USBH_Get_DevDesc
                0x08008c5e       0x58 CMakeFiles/app.elf.dir/Middlewares/ST/STM32_USB_Host_Library/Core/Src/usbh_ctlreq.c.obj
                0x08008c5e                USBH_Get_DevDesc
 .text.USBH_Get_CfgDesc
                0x08008cb6       0x54 CMakeFiles/app.elf.dir/Middlewares/ST/STM32_USB_Host_Library/Core/Src/usbh_ctlreq.c.obj
                0x08008cb6                USBH_Get_CfgDesc
 .text.USBH_Get_StringDesc
                0x08008d0a       0x68 CMakeFiles/app.elf.dir/Middlewares/ST/STM32_USB_Host_Library/Core/Src/usbh_ctlreq.c.obj
                0x08008d0a                USBH_Get_StringDesc
 .text.USBH_GetDescriptor
                0x08008d72       0x6a CMakeFiles/app.elf.dir/Middlewares/ST/STM32_USB_Host_Library/Core/Src/usbh_ctlreq.c.obj
                0x08008d72                USBH_GetDescriptor
 .text.USBH_SetAddress
                0x08008ddc       0x48 CMakeFiles/app.elf.dir/Middlewares/ST/STM32_USB_Host_Library/Core/Src/usbh_ctlreq.c.obj
                0x08008ddc                USBH_SetAddress
 .text.USBH_SetCfg
                0x08008e24       0x46 CMakeFiles/app.elf.dir/Middlewares/ST/STM32_USB_Host_Library/Core/Src/usbh_ctlreq.c.obj
                0x08008e24                USBH_SetCfg
 .text.USBH_SetFeature
                0x08008e6a       0x48 CMakeFiles/app.elf.dir/Middlewares/ST/STM32_USB_Host_Library/Core/Src/usbh_ctlreq.c.obj
                0x08008e6a                USBH_SetFeature
 .text.USBH_ClrFeature
                0x08008eb2       0x48 CMakeFiles/app.elf.dir/Middlewares/ST/STM32_USB_Host_Library/Core/Src/usbh_ctlreq.c.obj
                0x08008eb2                USBH_ClrFeature
 *fill*         0x08008efa        0x2 
 .text.USBH_ParseDevDesc
                0x08008efc      0x160 CMakeFiles/app.elf.dir/Middlewares/ST/STM32_USB_Host_Library/Core/Src/usbh_ctlreq.c.obj
 .text.USBH_ParseCfgDesc
                0x0800905c      0x1f8 CMakeFiles/app.elf.dir/Middlewares/ST/STM32_USB_Host_Library/Core/Src/usbh_ctlreq.c.obj
 .text.USBH_ParseInterfaceDesc
                0x08009254       0x5e CMakeFiles/app.elf.dir/Middlewares/ST/STM32_USB_Host_Library/Core/Src/usbh_ctlreq.c.obj
 .text.USBH_ParseEPDesc
                0x080092b2      0x1d0 CMakeFiles/app.elf.dir/Middlewares/ST/STM32_USB_Host_Library/Core/Src/usbh_ctlreq.c.obj
 .text.USBH_ParseStringDesc
                0x08009482       0x66 CMakeFiles/app.elf.dir/Middlewares/ST/STM32_USB_Host_Library/Core/Src/usbh_ctlreq.c.obj
 .text.USBH_GetNextDesc
                0x080094e8       0x34 CMakeFiles/app.elf.dir/Middlewares/ST/STM32_USB_Host_Library/Core/Src/usbh_ctlreq.c.obj
                0x080094e8                USBH_GetNextDesc
 .text.USBH_CtlReq
                0x0800951c       0x92 CMakeFiles/app.elf.dir/Middlewares/ST/STM32_USB_Host_Library/Core/Src/usbh_ctlreq.c.obj
                0x0800951c                USBH_CtlReq
 *fill*         0x080095ae        0x2 
 .text.USBH_HandleControl
                0x080095b0      0x3a0 CMakeFiles/app.elf.dir/Middlewares/ST/STM32_USB_Host_Library/Core/Src/usbh_ctlreq.c.obj
 .text.USBH_CtlSendSetup
                0x08009950       0x34 CMakeFiles/app.elf.dir/Middlewares/ST/STM32_USB_Host_Library/Core/Src/usbh_ioreq.c.obj
                0x08009950                USBH_CtlSendSetup
 .text.USBH_CtlSendData
                0x08009984       0x4a CMakeFiles/app.elf.dir/Middlewares/ST/STM32_USB_Host_Library/Core/Src/usbh_ioreq.c.obj
                0x08009984                USBH_CtlSendData
 .text.USBH_CtlReceiveData
                0x080099ce       0x3c CMakeFiles/app.elf.dir/Middlewares/ST/STM32_USB_Host_Library/Core/Src/usbh_ioreq.c.obj
                0x080099ce                USBH_CtlReceiveData
 .text.USBH_BulkSendData
                0x08009a0a       0x4a CMakeFiles/app.elf.dir/Middlewares/ST/STM32_USB_Host_Library/Core/Src/usbh_ioreq.c.obj
                0x08009a0a                USBH_BulkSendData
 .text.USBH_BulkReceiveData
                0x08009a54       0x3c CMakeFiles/app.elf.dir/Middlewares/ST/STM32_USB_Host_Library/Core/Src/usbh_ioreq.c.obj
                0x08009a54                USBH_BulkReceiveData
 .text.USBH_CDC_InterfaceInit
                0x08009a90      0x2ac CMakeFiles/app.elf.dir/Middlewares/ST/STM32_USB_Host_Library/Class/CDC/Src/usbh_cdc.c.obj
 .text.USBH_CDC_InterfaceDeInit
                0x08009d3c       0xb2 CMakeFiles/app.elf.dir/Middlewares/ST/STM32_USB_Host_Library/Class/CDC/Src/usbh_cdc.c.obj
 .text.USBH_CDC_ClassRequest
                0x08009dee       0x3e CMakeFiles/app.elf.dir/Middlewares/ST/STM32_USB_Host_Library/Class/CDC/Src/usbh_cdc.c.obj
 .text.USBH_CDC_Process
                0x08009e2c      0x12c CMakeFiles/app.elf.dir/Middlewares/ST/STM32_USB_Host_Library/Class/CDC/Src/usbh_cdc.c.obj
 .text.USBH_CDC_SOFProcess
                0x08009f58       0x16 CMakeFiles/app.elf.dir/Middlewares/ST/STM32_USB_Host_Library/Class/CDC/Src/usbh_cdc.c.obj
 .text.GetLineCoding
                0x08009f6e       0x3e CMakeFiles/app.elf.dir/Middlewares/ST/STM32_USB_Host_Library/Class/CDC/Src/usbh_cdc.c.obj
 .text.SetLineCoding
                0x08009fac       0x3e CMakeFiles/app.elf.dir/Middlewares/ST/STM32_USB_Host_Library/Class/CDC/Src/usbh_cdc.c.obj
 .text.CDC_ProcessTransmission
                0x08009fea      0x104 CMakeFiles/app.elf.dir/Middlewares/ST/STM32_USB_Host_Library/Class/CDC/Src/usbh_cdc.c.obj
 .text.CDC_ProcessReception
                0x0800a0ee       0xc2 CMakeFiles/app.elf.dir/Middlewares/ST/STM32_USB_Host_Library/Class/CDC/Src/usbh_cdc.c.obj
 .text.USBH_CDC_TransmitCallback
                0x0800a1b0       0x14 CMakeFiles/app.elf.dir/Middlewares/ST/STM32_USB_Host_Library/Class/CDC/Src/usbh_cdc.c.obj
                0x0800a1b0                USBH_CDC_TransmitCallback
 .text.USBH_CDC_ReceiveCallback
                0x0800a1c4       0x14 CMakeFiles/app.elf.dir/Middlewares/ST/STM32_USB_Host_Library/Class/CDC/Src/usbh_cdc.c.obj
                0x0800a1c4                USBH_CDC_ReceiveCallback
 .text.USBH_CDC_LineCodingChanged
                0x0800a1d8       0x14 CMakeFiles/app.elf.dir/Middlewares/ST/STM32_USB_Host_Library/Class/CDC/Src/usbh_cdc.c.obj
                0x0800a1d8                USBH_CDC_LineCodingChanged
 .text.MX_USB_HOST_Init
                0x0800a1ec       0x4c CMakeFiles/app.elf.dir/USB_HOST/App/usb_host.c.obj
                0x0800a1ec                MX_USB_HOST_Init
 .text.USBH_UserProcess
                0x0800a238       0x5c CMakeFiles/app.elf.dir/USB_HOST/App/usb_host.c.obj
 .text.HAL_HCD_MspInit
                0x0800a294       0xe4 CMakeFiles/app.elf.dir/USB_HOST/Target/usbh_conf.c.obj
                0x0800a294                HAL_HCD_MspInit
 .text.HAL_HCD_SOF_Callback
                0x0800a378       0x1c CMakeFiles/app.elf.dir/USB_HOST/Target/usbh_conf.c.obj
                0x0800a378                HAL_HCD_SOF_Callback
 .text.HAL_HCD_Connect_Callback
                0x0800a394       0x1c CMakeFiles/app.elf.dir/USB_HOST/Target/usbh_conf.c.obj
                0x0800a394                HAL_HCD_Connect_Callback
 .text.HAL_HCD_Disconnect_Callback
                0x0800a3b0       0x1c CMakeFiles/app.elf.dir/USB_HOST/Target/usbh_conf.c.obj
                0x0800a3b0                HAL_HCD_Disconnect_Callback
 .text.HAL_HCD_HC_NotifyURBChange_Callback
                0x0800a3cc       0x24 CMakeFiles/app.elf.dir/USB_HOST/Target/usbh_conf.c.obj
                0x0800a3cc                HAL_HCD_HC_NotifyURBChange_Callback
 .text.HAL_HCD_PortEnabled_Callback
                0x0800a3f0       0x1c CMakeFiles/app.elf.dir/USB_HOST/Target/usbh_conf.c.obj
                0x0800a3f0                HAL_HCD_PortEnabled_Callback
 .text.HAL_HCD_PortDisabled_Callback
                0x0800a40c       0x1c CMakeFiles/app.elf.dir/USB_HOST/Target/usbh_conf.c.obj
                0x0800a40c                HAL_HCD_PortDisabled_Callback
 .text.USBH_LL_Init
                0x0800a428       0x78 CMakeFiles/app.elf.dir/USB_HOST/Target/usbh_conf.c.obj
                0x0800a428                USBH_LL_Init
 .text.USBH_LL_Start
                0x0800a4a0       0x36 CMakeFiles/app.elf.dir/USB_HOST/Target/usbh_conf.c.obj
                0x0800a4a0                USBH_LL_Start
 .text.USBH_LL_Stop
                0x0800a4d6       0x36 CMakeFiles/app.elf.dir/USB_HOST/Target/usbh_conf.c.obj
                0x0800a4d6                USBH_LL_Stop
 .text.USBH_LL_GetSpeed
                0x0800a50c       0x4e CMakeFiles/app.elf.dir/USB_HOST/Target/usbh_conf.c.obj
                0x0800a50c                USBH_LL_GetSpeed
 .text.USBH_LL_ResetPort
                0x0800a55a       0x36 CMakeFiles/app.elf.dir/USB_HOST/Target/usbh_conf.c.obj
                0x0800a55a                USBH_LL_ResetPort
 .text.USBH_LL_GetLastXferSize
                0x0800a590       0x26 CMakeFiles/app.elf.dir/USB_HOST/Target/usbh_conf.c.obj
                0x0800a590                USBH_LL_GetLastXferSize
 .text.USBH_LL_SubmitURB
                0x0800a5b6       0x62 CMakeFiles/app.elf.dir/USB_HOST/Target/usbh_conf.c.obj
                0x0800a5b6                USBH_LL_SubmitURB
 .text.USBH_LL_GetURBState
                0x0800a618       0x26 CMakeFiles/app.elf.dir/USB_HOST/Target/usbh_conf.c.obj
                0x0800a618                USBH_LL_GetURBState
 .text.USBH_LL_DriverVBUS
                0x0800a63e       0x2e CMakeFiles/app.elf.dir/USB_HOST/Target/usbh_conf.c.obj
                0x0800a63e                USBH_LL_DriverVBUS
 .text.USBH_LL_SetToggle
                0x0800a66c       0x66 CMakeFiles/app.elf.dir/USB_HOST/Target/usbh_conf.c.obj
                0x0800a66c                USBH_LL_SetToggle
 .text.USBH_Delay
                0x0800a6d2       0x16 CMakeFiles/app.elf.dir/USB_HOST/Target/usbh_conf.c.obj
                0x0800a6d2                USBH_Delay
 .text.USBH_Get_USB_Status
                0x0800a6e8       0x58 CMakeFiles/app.elf.dir/USB_HOST/Target/usbh_conf.c.obj
                0x0800a6e8                USBH_Get_USB_Status
 .text.MX_DriverVbusFS
                0x0800a740       0x38 CMakeFiles/app.elf.dir/USB_HOST/Target/usbh_platform.c.obj
                0x0800a740                MX_DriverVbusFS
 .text.__udivmoddi4
                0x0800a778      0x2f8 C:/PROGRA~2/ARMGNU~1/14EFD8~1.2RE/bin/../lib/gcc/arm-none-eabi/14.2.1/thumb/v7e-m+fp/hard\libgcc.a(_udivmoddi4.o)
                0x0800a778                __udivmoddi4
 .text.malloc   0x0800aa70       0x10 C:/PROGRA~2/ARMGNU~1/14EFD8~1.2RE/bin/../lib/gcc/arm-none-eabi/14.2.1/thumb/v7e-m+fp/hard\libg_nano.a(libc_a-malloc.o)
                0x0800aa70                malloc
 .text.free     0x0800aa80       0x10 C:/PROGRA~2/ARMGNU~1/14EFD8~1.2RE/bin/../lib/gcc/arm-none-eabi/14.2.1/thumb/v7e-m+fp/hard\libg_nano.a(libc_a-malloc.o)
                0x0800aa80                free
 .text.sbrk_aligned
                0x0800aa90       0x44 C:/PROGRA~2/ARMGNU~1/14EFD8~1.2RE/bin/../lib/gcc/arm-none-eabi/14.2.1/thumb/v7e-m+fp/hard\libg_nano.a(libc_a-mallocr.o)
 .text._malloc_r
                0x0800aad4      0x100 C:/PROGRA~2/ARMGNU~1/14EFD8~1.2RE/bin/../lib/gcc/arm-none-eabi/14.2.1/thumb/v7e-m+fp/hard\libg_nano.a(libc_a-mallocr.o)
                0x0800aad4                _malloc_r
 .text.__malloc_lock
                0x0800abd4        0xc C:/PROGRA~2/ARMGNU~1/14EFD8~1.2RE/bin/../lib/gcc/arm-none-eabi/14.2.1/thumb/v7e-m+fp/hard\libg_nano.a(libc_a-mlock.o)
                0x0800abd4                __malloc_lock
 .text.__malloc_unlock
                0x0800abe0        0xc C:/PROGRA~2/ARMGNU~1/14EFD8~1.2RE/bin/../lib/gcc/arm-none-eabi/14.2.1/thumb/v7e-m+fp/hard\libg_nano.a(libc_a-mlock.o)
                0x0800abe0                __malloc_unlock
 .text.memset   0x0800abec       0x10 C:/PROGRA~2/ARMGNU~1/14EFD8~1.2RE/bin/../lib/gcc/arm-none-eabi/14.2.1/thumb/v7e-m+fp/hard\libg_nano.a(libc_a-memset.o)
                0x0800abec                memset
 .text._sbrk_r  0x0800abfc       0x20 C:/PROGRA~2/ARMGNU~1/14EFD8~1.2RE/bin/../lib/gcc/arm-none-eabi/14.2.1/thumb/v7e-m+fp/hard\libg_nano.a(libc_a-sbrkr.o)
                0x0800abfc                _sbrk_r
 .text.__libc_init_array
                0x0800ac1c       0x48 C:/PROGRA~2/ARMGNU~1/14EFD8~1.2RE/bin/../lib/gcc/arm-none-eabi/14.2.1/thumb/v7e-m+fp/hard\libg_nano.a(libc_a-init.o)
                0x0800ac1c                __libc_init_array
 .text.__retarget_lock_acquire_recursive
                0x0800ac64        0x2 C:/PROGRA~2/ARMGNU~1/14EFD8~1.2RE/bin/../lib/gcc/arm-none-eabi/14.2.1/thumb/v7e-m+fp/hard\libg_nano.a(libc_a-lock.o)
                0x0800ac64                __retarget_lock_acquire_recursive
 .text.__retarget_lock_release_recursive
                0x0800ac66        0x2 C:/PROGRA~2/ARMGNU~1/14EFD8~1.2RE/bin/../lib/gcc/arm-none-eabi/14.2.1/thumb/v7e-m+fp/hard\libg_nano.a(libc_a-lock.o)
                0x0800ac66                __retarget_lock_release_recursive
 .text.memcpy   0x0800ac68       0x1c C:/PROGRA~2/ARMGNU~1/14EFD8~1.2RE/bin/../lib/gcc/arm-none-eabi/14.2.1/thumb/v7e-m+fp/hard\libg_nano.a(libc_a-memcpy-stub.o)
                0x0800ac68                memcpy
 .text._free_r  0x0800ac84       0x94 C:/PROGRA~2/ARMGNU~1/14EFD8~1.2RE/bin/../lib/gcc/arm-none-eabi/14.2.1/thumb/v7e-m+fp/hard\libg_nano.a(libc_a-freer.o)
                0x0800ac84                _free_r
 .text._sbrk    0x0800ad18       0x1c C:/PROGRA~2/ARMGNU~1/14EFD8~1.2RE/bin/../lib/gcc/arm-none-eabi/14.2.1/thumb/v7e-m+fp/hard\libnosys.a(sbrk.o)
                0x0800ad18                _sbrk
 *(.glue_7)
 .glue_7        0x0800ad34        0x0 linker stubs
 *(.glue_7t)
 .glue_7t       0x0800ad34        0x0 linker stubs
 *(.eh_frame)
 .eh_frame      0x0800ad34        0x0 C:/PROGRA~2/ARMGNU~1/14EFD8~1.2RE/bin/../lib/gcc/arm-none-eabi/14.2.1/thumb/v7e-m+fp/hard/crtbegin.o
 *(.init)
 .init          0x0800ad34        0x4 C:/PROGRA~2/ARMGNU~1/14EFD8~1.2RE/bin/../lib/gcc/arm-none-eabi/14.2.1/thumb/v7e-m+fp/hard/crti.o
                0x0800ad34                _init
 .init          0x0800ad38        0x8 C:/PROGRA~2/ARMGNU~1/14EFD8~1.2RE/bin/../lib/gcc/arm-none-eabi/14.2.1/thumb/v7e-m+fp/hard/crtn.o
 *(.fini)
 .fini          0x0800ad40        0x4 C:/PROGRA~2/ARMGNU~1/14EFD8~1.2RE/bin/../lib/gcc/arm-none-eabi/14.2.1/thumb/v7e-m+fp/hard/crti.o
                0x0800ad40                _fini
 .fini          0x0800ad44        0x8 C:/PROGRA~2/ARMGNU~1/14EFD8~1.2RE/bin/../lib/gcc/arm-none-eabi/14.2.1/thumb/v7e-m+fp/hard/crtn.o
                0x0800ad4c                        . = ALIGN (0x4)
                0x0800ad4c                        _etext = .

.vfp11_veneer   0x0800ad4c        0x0
 .vfp11_veneer  0x0800ad4c        0x0 linker stubs

.v4_bx          0x0800ad4c        0x0
 .v4_bx         0x0800ad4c        0x0 linker stubs

.iplt           0x0800ad4c        0x0
 .iplt          0x0800ad4c        0x0 C:/PROGRA~2/ARMGNU~1/14EFD8~1.2RE/bin/../lib/gcc/arm-none-eabi/14.2.1/thumb/v7e-m+fp/hard/crtbegin.o

.rodata         0x0800ad4c       0xa0
                0x0800ad4c                        . = ALIGN (0x4)
 *(.rodata)
 .rodata        0x0800ad4c        0x5 CMakeFiles/app.elf.dir/Middlewares/Third_Party/FreeRTOS/Source/tasks.c.obj
 *fill*         0x0800ad51        0x3 
 .rodata        0x0800ad54       0x28 CMakeFiles/app.elf.dir/mcu/src/freertos.c.obj
 .rodata        0x0800ad7c       0x10 CMakeFiles/app.elf.dir/FATFS/Target/sd_diskio.c.obj
 .rodata        0x0800ad8c       0x38 CMakeFiles/app.elf.dir/Middlewares/ST/STM32_USB_Host_Library/Core/Src/usbh_core.c.obj
 .rodata        0x0800adc4        0x4 CMakeFiles/app.elf.dir/Middlewares/ST/STM32_USB_Host_Library/Class/CDC/Src/usbh_cdc.c.obj
 *(.rodata*)
 .rodata.AHBPrescTable
                0x0800adc8       0x10 CMakeFiles/app.elf.dir/mcu/system/system_stm32f7xx.c.obj
                0x0800adc8                AHBPrescTable
 .rodata.SD_Driver
                0x0800add8       0x14 CMakeFiles/app.elf.dir/FATFS/Target/sd_diskio.c.obj
                0x0800add8                SD_Driver
                0x0800adec                        . = ALIGN (0x4)

.ARM.extab      0x0800adec        0x0
                0x0800adec                        . = ALIGN (0x4)
 *(.ARM.extab* .gnu.linkonce.armextab.*)
                0x0800adec                        . = ALIGN (0x4)

.ARM            0x0800adec        0x8
                0x0800adec                        . = ALIGN (0x4)
                0x0800adec                        __exidx_start = .
 *(.ARM.exidx*)
 .ARM.exidx.text.__udivmoddi4
                0x0800adec        0x8 C:/PROGRA~2/ARMGNU~1/14EFD8~1.2RE/bin/../lib/gcc/arm-none-eabi/14.2.1/thumb/v7e-m+fp/hard\libgcc.a(_udivmoddi4.o)
                0x0800adf4                        __exidx_end = .
                0x0800adf4                        . = ALIGN (0x4)

.preinit_array  0x0800adf4        0x0
                0x0800adf4                        . = ALIGN (0x4)
                0x0800adf4                        PROVIDE (__preinit_array_start = .)
 *(.preinit_array*)
                0x0800adf4                        PROVIDE (__preinit_array_end = .)
                0x0800adf4                        . = ALIGN (0x4)

.init_array     0x0800adf4        0x4
                0x0800adf4                        . = ALIGN (0x4)
                0x0800adf4                        PROVIDE (__init_array_start = .)
 *(SORT_BY_NAME(.init_array.*))
 *(.init_array*)
 .init_array    0x0800adf4        0x4 C:/PROGRA~2/ARMGNU~1/14EFD8~1.2RE/bin/../lib/gcc/arm-none-eabi/14.2.1/thumb/v7e-m+fp/hard/crtbegin.o
                0x0800adf8                        PROVIDE (__init_array_end = .)
                0x0800adf8                        . = ALIGN (0x4)

.fini_array     0x0800adf8        0x4
                0x0800adf8                        . = ALIGN (0x4)
                [!provide]                        PROVIDE (__fini_array_start = .)
 *(SORT_BY_NAME(.fini_array.*))
 *(.fini_array*)
 .fini_array    0x0800adf8        0x4 C:/PROGRA~2/ARMGNU~1/14EFD8~1.2RE/bin/../lib/gcc/arm-none-eabi/14.2.1/thumb/v7e-m+fp/hard/crtbegin.o
                [!provide]                        PROVIDE (__fini_array_end = .)
                0x0800adfc                        . = ALIGN (0x4)
                0x0800adfc                        _sidata = LOADADDR (.data)

.rel.dyn        0x0800adfc        0x0
 .rel.iplt      0x0800adfc        0x0 C:/PROGRA~2/ARMGNU~1/14EFD8~1.2RE/bin/../lib/gcc/arm-none-eabi/14.2.1/thumb/v7e-m+fp/hard/crtbegin.o

.data           0x20000000       0x84 load address 0x0800adfc
                0x20000000                        . = ALIGN (0x4)
                0x20000000                        _sdata = .
 *(.data)
 *(.data*)
 .data.uwTickPrio
                0x20000000        0x4 CMakeFiles/app.elf.dir/Drivers/STM32F7xx_HAL_Driver/Src/stm32f7xx_hal.c.obj
                0x20000000                uwTickPrio
 .data.uwTickFreq
                0x20000004        0x1 CMakeFiles/app.elf.dir/Drivers/STM32F7xx_HAL_Driver/Src/stm32f7xx_hal.c.obj
                0x20000004                uwTickFreq
 *fill*         0x20000005        0x3 
 .data.SystemCoreClock
                0x20000008        0x4 CMakeFiles/app.elf.dir/mcu/system/system_stm32f7xx.c.obj
                0x20000008                SystemCoreClock
 .data.uxCriticalNesting
                0x2000000c        0x4 CMakeFiles/app.elf.dir/Middlewares/Third_Party/FreeRTOS/Source/portable/GCC/ARM_CM7/r0p1/port.c.obj
 .data.Stat     0x20000010        0x1 CMakeFiles/app.elf.dir/FATFS/Target/sd_diskio.c.obj
 *fill*         0x20000011        0x3 
 .data.CDC_Class
                0x20000014       0x20 CMakeFiles/app.elf.dir/Middlewares/ST/STM32_USB_Host_Library/Class/CDC/Src/usbh_cdc.c.obj
                0x20000014                CDC_Class
 .data._impure_ptr
                0x20000034        0x4 C:/PROGRA~2/ARMGNU~1/14EFD8~1.2RE/bin/../lib/gcc/arm-none-eabi/14.2.1/thumb/v7e-m+fp/hard\libg_nano.a(libc_a-impure.o)
                0x20000034                _impure_ptr
 .data._impure_data
                0x20000038       0x4c C:/PROGRA~2/ARMGNU~1/14EFD8~1.2RE/bin/../lib/gcc/arm-none-eabi/14.2.1/thumb/v7e-m+fp/hard\libg_nano.a(libc_a-impure.o)
                0x20000038                _impure_data
 *(.RamFunc)
 *(.RamFunc*)
                0x20000084                        . = ALIGN (0x4)
                0x20000084                        _edata = .

.tm_clone_table
                0x20000084        0x0 load address 0x0800ae80
 .tm_clone_table
                0x20000084        0x0 C:/PROGRA~2/ARMGNU~1/14EFD8~1.2RE/bin/../lib/gcc/arm-none-eabi/14.2.1/thumb/v7e-m+fp/hard/crtbegin.o
 .tm_clone_table
                0x20000084        0x0 C:/PROGRA~2/ARMGNU~1/14EFD8~1.2RE/bin/../lib/gcc/arm-none-eabi/14.2.1/thumb/v7e-m+fp/hard/crtend.o

.igot.plt       0x20000084        0x0 load address 0x0800ae80
 .igot.plt      0x20000084        0x0 C:/PROGRA~2/ARMGNU~1/14EFD8~1.2RE/bin/../lib/gcc/arm-none-eabi/14.2.1/thumb/v7e-m+fp/hard/crtbegin.o
                0x20000084                        . = ALIGN (0x4)

.bss            0x20000084     0x8ef4 load address 0x0800ae80
                0x20000084                        _sbss = .
                0x20000084                        __bss_start__ = _sbss
 *(.bss)
 *(.bss*)
 .bss.completed.1
                0x20000084        0x1 C:/PROGRA~2/ARMGNU~1/14EFD8~1.2RE/bin/../lib/gcc/arm-none-eabi/14.2.1/thumb/v7e-m+fp/hard/crtbegin.o
 *fill*         0x20000085        0x3 
 .bss.object.0  0x20000088       0x18 C:/PROGRA~2/ARMGNU~1/14EFD8~1.2RE/bin/../lib/gcc/arm-none-eabi/14.2.1/thumb/v7e-m+fp/hard/crtbegin.o
 .bss.uwTick    0x200000a0        0x4 CMakeFiles/app.elf.dir/Drivers/STM32F7xx_HAL_Driver/Src/stm32f7xx_hal.c.obj
                0x200000a0                uwTick
 .bss.pxCurrentTCB
                0x200000a4        0x4 CMakeFiles/app.elf.dir/Middlewares/Third_Party/FreeRTOS/Source/tasks.c.obj
                0x200000a4                pxCurrentTCB
 .bss.pxReadyTasksLists
                0x200000a8       0x8c CMakeFiles/app.elf.dir/Middlewares/Third_Party/FreeRTOS/Source/tasks.c.obj
 .bss.xDelayedTaskList1
                0x20000134       0x14 CMakeFiles/app.elf.dir/Middlewares/Third_Party/FreeRTOS/Source/tasks.c.obj
 .bss.xDelayedTaskList2
                0x20000148       0x14 CMakeFiles/app.elf.dir/Middlewares/Third_Party/FreeRTOS/Source/tasks.c.obj
 .bss.pxDelayedTaskList
                0x2000015c        0x4 CMakeFiles/app.elf.dir/Middlewares/Third_Party/FreeRTOS/Source/tasks.c.obj
 .bss.pxOverflowDelayedTaskList
                0x20000160        0x4 CMakeFiles/app.elf.dir/Middlewares/Third_Party/FreeRTOS/Source/tasks.c.obj
 .bss.xPendingReadyList
                0x20000164       0x14 CMakeFiles/app.elf.dir/Middlewares/Third_Party/FreeRTOS/Source/tasks.c.obj
 .bss.xTasksWaitingTermination
                0x20000178       0x14 CMakeFiles/app.elf.dir/Middlewares/Third_Party/FreeRTOS/Source/tasks.c.obj
 .bss.uxDeletedTasksWaitingCleanUp
                0x2000018c        0x4 CMakeFiles/app.elf.dir/Middlewares/Third_Party/FreeRTOS/Source/tasks.c.obj
 .bss.xSuspendedTaskList
                0x20000190       0x14 CMakeFiles/app.elf.dir/Middlewares/Third_Party/FreeRTOS/Source/tasks.c.obj
 .bss.uxCurrentNumberOfTasks
                0x200001a4        0x4 CMakeFiles/app.elf.dir/Middlewares/Third_Party/FreeRTOS/Source/tasks.c.obj
 .bss.xTickCount
                0x200001a8        0x4 CMakeFiles/app.elf.dir/Middlewares/Third_Party/FreeRTOS/Source/tasks.c.obj
 .bss.uxTopReadyPriority
                0x200001ac        0x4 CMakeFiles/app.elf.dir/Middlewares/Third_Party/FreeRTOS/Source/tasks.c.obj
 .bss.xSchedulerRunning
                0x200001b0        0x4 CMakeFiles/app.elf.dir/Middlewares/Third_Party/FreeRTOS/Source/tasks.c.obj
 .bss.uxPendedTicks
                0x200001b4        0x4 CMakeFiles/app.elf.dir/Middlewares/Third_Party/FreeRTOS/Source/tasks.c.obj
 .bss.xYieldPending
                0x200001b8        0x4 CMakeFiles/app.elf.dir/Middlewares/Third_Party/FreeRTOS/Source/tasks.c.obj
 .bss.xNumOfOverflows
                0x200001bc        0x4 CMakeFiles/app.elf.dir/Middlewares/Third_Party/FreeRTOS/Source/tasks.c.obj
 .bss.uxTaskNumber
                0x200001c0        0x4 CMakeFiles/app.elf.dir/Middlewares/Third_Party/FreeRTOS/Source/tasks.c.obj
 .bss.xNextTaskUnblockTime
                0x200001c4        0x4 CMakeFiles/app.elf.dir/Middlewares/Third_Party/FreeRTOS/Source/tasks.c.obj
 .bss.xIdleTaskHandle
                0x200001c8        0x4 CMakeFiles/app.elf.dir/Middlewares/Third_Party/FreeRTOS/Source/tasks.c.obj
 .bss.uxSchedulerSuspended
                0x200001cc        0x4 CMakeFiles/app.elf.dir/Middlewares/Third_Party/FreeRTOS/Source/tasks.c.obj
 .bss.ucMaxSysCallPriority
                0x200001d0        0x1 CMakeFiles/app.elf.dir/Middlewares/Third_Party/FreeRTOS/Source/portable/GCC/ARM_CM7/r0p1/port.c.obj
 *fill*         0x200001d1        0x3 
 .bss.ulMaxPRIGROUPValue
                0x200001d4        0x4 CMakeFiles/app.elf.dir/Middlewares/Third_Party/FreeRTOS/Source/portable/GCC/ARM_CM7/r0p1/port.c.obj
 .bss.ucHeap    0x200001d8     0x8000 CMakeFiles/app.elf.dir/Middlewares/Third_Party/FreeRTOS/Source/portable/MemMang/heap_4.c.obj
 .bss.xStart    0x200081d8        0x8 CMakeFiles/app.elf.dir/Middlewares/Third_Party/FreeRTOS/Source/portable/MemMang/heap_4.c.obj
 .bss.pxEnd     0x200081e0        0x4 CMakeFiles/app.elf.dir/Middlewares/Third_Party/FreeRTOS/Source/portable/MemMang/heap_4.c.obj
 .bss.xFreeBytesRemaining
                0x200081e4        0x4 CMakeFiles/app.elf.dir/Middlewares/Third_Party/FreeRTOS/Source/portable/MemMang/heap_4.c.obj
 .bss.xMinimumEverFreeBytesRemaining
                0x200081e8        0x4 CMakeFiles/app.elf.dir/Middlewares/Third_Party/FreeRTOS/Source/portable/MemMang/heap_4.c.obj
 .bss.xBlockAllocatedBit
                0x200081ec        0x4 CMakeFiles/app.elf.dir/Middlewares/Third_Party/FreeRTOS/Source/portable/MemMang/heap_4.c.obj
 .bss.defaultTaskHandle
                0x200081f0        0x4 CMakeFiles/app.elf.dir/mcu/src/freertos.c.obj
                0x200081f0                defaultTaskHandle
 .bss.xIdleTaskTCBBuffer
                0x200081f4       0x58 CMakeFiles/app.elf.dir/mcu/src/freertos.c.obj
 .bss.xIdleStack
                0x2000824c      0x400 CMakeFiles/app.elf.dir/mcu/src/freertos.c.obj
 .bss.disk      0x2000864c        0xc CMakeFiles/app.elf.dir/Middlewares/Third_Party/FatFs/src/ff_gen_drv.c.obj
                0x2000864c                disk
 .bss.retSD     0x20008658        0x1 CMakeFiles/app.elf.dir/FATFS/App/fatfs.c.obj
                0x20008658                retSD
 *fill*         0x20008659        0x3 
 .bss.SDPath    0x2000865c        0x4 CMakeFiles/app.elf.dir/FATFS/App/fatfs.c.obj
                0x2000865c                SDPath
 .bss.SDQueueID
                0x20008660        0x4 CMakeFiles/app.elf.dir/FATFS/Target/sd_diskio.c.obj
 .bss.hUsbHostFS
                0x20008664      0x3e4 CMakeFiles/app.elf.dir/USB_HOST/App/usb_host.c.obj
                0x20008664                hUsbHostFS
 .bss.Appli_state
                0x20008a48        0x1 CMakeFiles/app.elf.dir/USB_HOST/App/usb_host.c.obj
                0x20008a48                Appli_state
 *fill*         0x20008a49        0x3 
 .bss.hhcd_USB_OTG_FS
                0x20008a4c      0x3e0 CMakeFiles/app.elf.dir/USB_HOST/Target/usbh_conf.c.obj
                0x20008a4c                hhcd_USB_OTG_FS
 .bss.__malloc_sbrk_start
                0x20008e2c        0x4 C:/PROGRA~2/ARMGNU~1/14EFD8~1.2RE/bin/../lib/gcc/arm-none-eabi/14.2.1/thumb/v7e-m+fp/hard\libg_nano.a(libc_a-mallocr.o)
                0x20008e2c                __malloc_sbrk_start
 .bss.__malloc_free_list
                0x20008e30        0x4 C:/PROGRA~2/ARMGNU~1/14EFD8~1.2RE/bin/../lib/gcc/arm-none-eabi/14.2.1/thumb/v7e-m+fp/hard\libg_nano.a(libc_a-mallocr.o)
                0x20008e30                __malloc_free_list
 .bss.__sf      0x20008e34      0x138 C:/PROGRA~2/ARMGNU~1/14EFD8~1.2RE/bin/../lib/gcc/arm-none-eabi/14.2.1/thumb/v7e-m+fp/hard\libg_nano.a(libc_a-findfp.o)
                0x20008e34                __sf
 .bss.errno     0x20008f6c        0x4 C:/PROGRA~2/ARMGNU~1/14EFD8~1.2RE/bin/../lib/gcc/arm-none-eabi/14.2.1/thumb/v7e-m+fp/hard\libg_nano.a(libc_a-reent.o)
                0x20008f6c                errno
 .bss.__lock___malloc_recursive_mutex
                0x20008f70        0x1 C:/PROGRA~2/ARMGNU~1/14EFD8~1.2RE/bin/../lib/gcc/arm-none-eabi/14.2.1/thumb/v7e-m+fp/hard\libg_nano.a(libc_a-lock.o)
                0x20008f70                __lock___malloc_recursive_mutex
 *fill*         0x20008f71        0x3 
 .bss.heap_end.0
                0x20008f74        0x4 C:/PROGRA~2/ARMGNU~1/14EFD8~1.2RE/bin/../lib/gcc/arm-none-eabi/14.2.1/thumb/v7e-m+fp/hard\libnosys.a(sbrk.o)
 *(COMMON)
                0x20008f78                        . = ALIGN (0x4)
                0x20008f78                        _ebss = .
                0x20008f78                        __bss_end__ = _ebss

._user_heap_stack
                0x20008f78      0x600 load address 0x0800ae80
                0x20008f78                        . = ALIGN (0x8)
                0x20008f78                        PROVIDE (end = .)
                [!provide]                        PROVIDE (_end = .)
                0x20009178                        . = (. + _Min_Heap_Size)
 *fill*         0x20008f78      0x200 
                0x20009578                        . = (. + _Min_Stack_Size)
 *fill*         0x20009178      0x400 
                0x20009578                        . = ALIGN (0x8)

/DISCARD/
 libc.a(*)
 libm.a(*)
 libgcc.a(*)
OUTPUT(app.elf elf32-littlearm)
LOAD linker stubs
LOAD C:/PROGRA~2/ARMGNU~1/14EFD8~1.2RE/bin/../lib/gcc/arm-none-eabi/14.2.1/thumb/v7e-m+fp/hard\libc.a
LOAD C:/PROGRA~2/ARMGNU~1/14EFD8~1.2RE/bin/../lib/gcc/arm-none-eabi/14.2.1/thumb/v7e-m+fp/hard\libm.a
LOAD C:/PROGRA~2/ARMGNU~1/14EFD8~1.2RE/bin/../lib/gcc/arm-none-eabi/14.2.1/thumb/v7e-m+fp/hard\libgcc.a

.ARM.attributes
                0x00000000       0x30
 .ARM.attributes
                0x00000000       0x22 C:/PROGRA~2/ARMGNU~1/14EFD8~1.2RE/bin/../lib/gcc/arm-none-eabi/14.2.1/thumb/v7e-m+fp/hard/crti.o
 .ARM.attributes
                0x00000022       0x34 C:/PROGRA~2/ARMGNU~1/14EFD8~1.2RE/bin/../lib/gcc/arm-none-eabi/14.2.1/thumb/v7e-m+fp/hard/crtbegin.o
 .ARM.attributes
                0x00000056       0x34 CMakeFiles/app.elf.dir/Drivers/STM32F7xx_HAL_Driver/Src/stm32f7xx_hal.c.obj
 .ARM.attributes
                0x0000008a       0x34 CMakeFiles/app.elf.dir/Drivers/STM32F7xx_HAL_Driver/Src/stm32f7xx_hal_cortex.c.obj
 .ARM.attributes
                0x000000be       0x34 CMakeFiles/app.elf.dir/Drivers/STM32F7xx_HAL_Driver/Src/stm32f7xx_hal_dma2d.c.obj
 .ARM.attributes
                0x000000f2       0x34 CMakeFiles/app.elf.dir/Drivers/STM32F7xx_HAL_Driver/Src/stm32f7xx_hal_gpio.c.obj
 .ARM.attributes
                0x00000126       0x34 CMakeFiles/app.elf.dir/Drivers/STM32F7xx_HAL_Driver/Src/stm32f7xx_hal_hcd.c.obj
 .ARM.attributes
                0x0000015a       0x34 CMakeFiles/app.elf.dir/Drivers/STM32F7xx_HAL_Driver/Src/stm32f7xx_hal_ltdc.c.obj
 .ARM.attributes
                0x0000018e       0x34 CMakeFiles/app.elf.dir/Drivers/STM32F7xx_HAL_Driver/Src/stm32f7xx_hal_rcc.c.obj
 .ARM.attributes
                0x000001c2       0x34 CMakeFiles/app.elf.dir/Drivers/STM32F7xx_HAL_Driver/Src/stm32f7xx_hal_rcc_ex.c.obj
 .ARM.attributes
                0x000001f6       0x34 CMakeFiles/app.elf.dir/Drivers/STM32F7xx_HAL_Driver/Src/stm32f7xx_hal_tim.c.obj
 .ARM.attributes
                0x0000022a       0x34 CMakeFiles/app.elf.dir/Drivers/STM32F7xx_HAL_Driver/Src/stm32f7xx_hal_tim_ex.c.obj
 .ARM.attributes
                0x0000025e       0x34 CMakeFiles/app.elf.dir/Drivers/STM32F7xx_HAL_Driver/Src/stm32f7xx_ll_usb.c.obj
 .ARM.attributes
                0x00000292       0x34 CMakeFiles/app.elf.dir/mcu/system/system_stm32f7xx.c.obj
 .ARM.attributes
                0x000002c6       0x34 CMakeFiles/app.elf.dir/mcu/src/main.c.obj
 .ARM.attributes
                0x000002fa       0x34 CMakeFiles/app.elf.dir/mcu/src/stm32f7xx_it.c.obj
 .ARM.attributes
                0x0000032e       0x34 CMakeFiles/app.elf.dir/Middlewares/Third_Party/FreeRTOS/Source/list.c.obj
 .ARM.attributes
                0x00000362       0x34 CMakeFiles/app.elf.dir/Middlewares/Third_Party/FreeRTOS/Source/queue.c.obj
 .ARM.attributes
                0x00000396       0x34 CMakeFiles/app.elf.dir/Middlewares/Third_Party/FreeRTOS/Source/tasks.c.obj
 .ARM.attributes
                0x000003ca       0x34 CMakeFiles/app.elf.dir/Middlewares/Third_Party/FreeRTOS/Source/CMSIS_RTOS/cmsis_os.c.obj
 .ARM.attributes
                0x000003fe       0x34 CMakeFiles/app.elf.dir/Middlewares/Third_Party/FreeRTOS/Source/portable/GCC/ARM_CM7/r0p1/port.c.obj
 .ARM.attributes
                0x00000432       0x34 CMakeFiles/app.elf.dir/Middlewares/Third_Party/FreeRTOS/Source/portable/MemMang/heap_4.c.obj
 .ARM.attributes
                0x00000466       0x34 CMakeFiles/app.elf.dir/mcu/src/freertos.c.obj
 .ARM.attributes
                0x0000049a       0x21 CMakeFiles/app.elf.dir/mcu/startup/startup_stm32f746xx.s.obj
 .ARM.attributes
                0x000004bb       0x34 CMakeFiles/app.elf.dir/Middlewares/Third_Party/FatFs/src/ff_gen_drv.c.obj
 .ARM.attributes
                0x000004ef       0x34 CMakeFiles/app.elf.dir/FATFS/App/fatfs.c.obj
 .ARM.attributes
                0x00000523       0x34 CMakeFiles/app.elf.dir/FATFS/Target/sd_diskio.c.obj
 .ARM.attributes
                0x00000557       0x34 CMakeFiles/app.elf.dir/Middlewares/ST/STM32_USB_Host_Library/Core/Src/usbh_core.c.obj
 .ARM.attributes
                0x0000058b       0x34 CMakeFiles/app.elf.dir/Middlewares/ST/STM32_USB_Host_Library/Core/Src/usbh_ctlreq.c.obj
 .ARM.attributes
                0x000005bf       0x34 CMakeFiles/app.elf.dir/Middlewares/ST/STM32_USB_Host_Library/Core/Src/usbh_ioreq.c.obj
 .ARM.attributes
                0x000005f3       0x34 CMakeFiles/app.elf.dir/Middlewares/ST/STM32_USB_Host_Library/Class/CDC/Src/usbh_cdc.c.obj
 .ARM.attributes
                0x00000627       0x34 CMakeFiles/app.elf.dir/USB_HOST/App/usb_host.c.obj
 .ARM.attributes
                0x0000065b       0x34 CMakeFiles/app.elf.dir/USB_HOST/Target/usbh_conf.c.obj
 .ARM.attributes
                0x0000068f       0x34 CMakeFiles/app.elf.dir/USB_HOST/Target/usbh_platform.c.obj
 .ARM.attributes
                0x000006c3       0x22 C:/PROGRA~2/ARMGNU~1/14EFD8~1.2RE/bin/../lib/gcc/arm-none-eabi/14.2.1/thumb/v7e-m+fp/hard\libgcc.a(_aeabi_uldivmod.o)
 .ARM.attributes
                0x000006e5       0x34 C:/PROGRA~2/ARMGNU~1/14EFD8~1.2RE/bin/../lib/gcc/arm-none-eabi/14.2.1/thumb/v7e-m+fp/hard\libgcc.a(_udivmoddi4.o)
 .ARM.attributes
                0x00000719       0x22 C:/PROGRA~2/ARMGNU~1/14EFD8~1.2RE/bin/../lib/gcc/arm-none-eabi/14.2.1/thumb/v7e-m+fp/hard\libgcc.a(_dvmd_tls.o)
 .ARM.attributes
                0x0000073b       0x34 C:/PROGRA~2/ARMGNU~1/14EFD8~1.2RE/bin/../lib/gcc/arm-none-eabi/14.2.1/thumb/v7e-m+fp/hard\libg_nano.a(libc_a-malloc.o)
 .ARM.attributes
                0x0000076f       0x34 C:/PROGRA~2/ARMGNU~1/14EFD8~1.2RE/bin/../lib/gcc/arm-none-eabi/14.2.1/thumb/v7e-m+fp/hard\libg_nano.a(libc_a-mallocr.o)
 .ARM.attributes
                0x000007a3       0x34 C:/PROGRA~2/ARMGNU~1/14EFD8~1.2RE/bin/../lib/gcc/arm-none-eabi/14.2.1/thumb/v7e-m+fp/hard\libg_nano.a(libc_a-mlock.o)
 .ARM.attributes
                0x000007d7       0x34 C:/PROGRA~2/ARMGNU~1/14EFD8~1.2RE/bin/../lib/gcc/arm-none-eabi/14.2.1/thumb/v7e-m+fp/hard\libg_nano.a(libc_a-findfp.o)
 .ARM.attributes
                0x0000080b       0x34 C:/PROGRA~2/ARMGNU~1/14EFD8~1.2RE/bin/../lib/gcc/arm-none-eabi/14.2.1/thumb/v7e-m+fp/hard\libg_nano.a(libc_a-memset.o)
 .ARM.attributes
                0x0000083f       0x34 C:/PROGRA~2/ARMGNU~1/14EFD8~1.2RE/bin/../lib/gcc/arm-none-eabi/14.2.1/thumb/v7e-m+fp/hard\libg_nano.a(libc_a-reent.o)
 .ARM.attributes
                0x00000873       0x34 C:/PROGRA~2/ARMGNU~1/14EFD8~1.2RE/bin/../lib/gcc/arm-none-eabi/14.2.1/thumb/v7e-m+fp/hard\libg_nano.a(libc_a-impure.o)
 .ARM.attributes
                0x000008a7       0x34 C:/PROGRA~2/ARMGNU~1/14EFD8~1.2RE/bin/../lib/gcc/arm-none-eabi/14.2.1/thumb/v7e-m+fp/hard\libg_nano.a(libc_a-sbrkr.o)
 .ARM.attributes
                0x000008db       0x34 C:/PROGRA~2/ARMGNU~1/14EFD8~1.2RE/bin/../lib/gcc/arm-none-eabi/14.2.1/thumb/v7e-m+fp/hard\libg_nano.a(libc_a-init.o)
 .ARM.attributes
                0x0000090f       0x34 C:/PROGRA~2/ARMGNU~1/14EFD8~1.2RE/bin/../lib/gcc/arm-none-eabi/14.2.1/thumb/v7e-m+fp/hard\libg_nano.a(libc_a-lock.o)
 .ARM.attributes
                0x00000943       0x34 C:/PROGRA~2/ARMGNU~1/14EFD8~1.2RE/bin/../lib/gcc/arm-none-eabi/14.2.1/thumb/v7e-m+fp/hard\libg_nano.a(libc_a-memcpy-stub.o)
 .ARM.attributes
                0x00000977       0x34 C:/PROGRA~2/ARMGNU~1/14EFD8~1.2RE/bin/../lib/gcc/arm-none-eabi/14.2.1/thumb/v7e-m+fp/hard\libg_nano.a(libc_a-freer.o)
 .ARM.attributes
                0x000009ab       0x34 C:/PROGRA~2/ARMGNU~1/14EFD8~1.2RE/bin/../lib/gcc/arm-none-eabi/14.2.1/thumb/v7e-m+fp/hard\libnosys.a(sbrk.o)
 .ARM.attributes
                0x000009df       0x34 C:/PROGRA~2/ARMGNU~1/14EFD8~1.2RE/bin/../lib/gcc/arm-none-eabi/14.2.1/thumb/v7e-m+fp/hard/crtend.o
 .ARM.attributes
                0x00000a13       0x22 C:/PROGRA~2/ARMGNU~1/14EFD8~1.2RE/bin/../lib/gcc/arm-none-eabi/14.2.1/thumb/v7e-m+fp/hard/crtn.o

.comment        0x00000000       0x45
 .comment       0x00000000       0x45 CMakeFiles/app.elf.dir/Drivers/STM32F7xx_HAL_Driver/Src/stm32f7xx_hal.c.obj
                                 0x46 (size before relaxing)
 .comment       0x00000045       0x46 CMakeFiles/app.elf.dir/Drivers/STM32F7xx_HAL_Driver/Src/stm32f7xx_hal_cortex.c.obj
 .comment       0x00000045       0x46 CMakeFiles/app.elf.dir/Drivers/STM32F7xx_HAL_Driver/Src/stm32f7xx_hal_dma2d.c.obj
 .comment       0x00000045       0x46 CMakeFiles/app.elf.dir/Drivers/STM32F7xx_HAL_Driver/Src/stm32f7xx_hal_gpio.c.obj
 .comment       0x00000045       0x46 CMakeFiles/app.elf.dir/Drivers/STM32F7xx_HAL_Driver/Src/stm32f7xx_hal_hcd.c.obj
 .comment       0x00000045       0x46 CMakeFiles/app.elf.dir/Drivers/STM32F7xx_HAL_Driver/Src/stm32f7xx_hal_ltdc.c.obj
 .comment       0x00000045       0x46 CMakeFiles/app.elf.dir/Drivers/STM32F7xx_HAL_Driver/Src/stm32f7xx_hal_rcc.c.obj
 .comment       0x00000045       0x46 CMakeFiles/app.elf.dir/Drivers/STM32F7xx_HAL_Driver/Src/stm32f7xx_hal_rcc_ex.c.obj
 .comment       0x00000045       0x46 CMakeFiles/app.elf.dir/Drivers/STM32F7xx_HAL_Driver/Src/stm32f7xx_hal_tim.c.obj
 .comment       0x00000045       0x46 CMakeFiles/app.elf.dir/Drivers/STM32F7xx_HAL_Driver/Src/stm32f7xx_hal_tim_ex.c.obj
 .comment       0x00000045       0x46 CMakeFiles/app.elf.dir/Drivers/STM32F7xx_HAL_Driver/Src/stm32f7xx_ll_usb.c.obj
 .comment       0x00000045       0x46 CMakeFiles/app.elf.dir/mcu/system/system_stm32f7xx.c.obj
 .comment       0x00000045       0x46 CMakeFiles/app.elf.dir/mcu/src/main.c.obj
 .comment       0x00000045       0x46 CMakeFiles/app.elf.dir/mcu/src/stm32f7xx_it.c.obj
 .comment       0x00000045       0x46 CMakeFiles/app.elf.dir/Middlewares/Third_Party/FreeRTOS/Source/list.c.obj
 .comment       0x00000045       0x46 CMakeFiles/app.elf.dir/Middlewares/Third_Party/FreeRTOS/Source/queue.c.obj
 .comment       0x00000045       0x46 CMakeFiles/app.elf.dir/Middlewares/Third_Party/FreeRTOS/Source/tasks.c.obj
 .comment       0x00000045       0x46 CMakeFiles/app.elf.dir/Middlewares/Third_Party/FreeRTOS/Source/CMSIS_RTOS/cmsis_os.c.obj
 .comment       0x00000045       0x46 CMakeFiles/app.elf.dir/Middlewares/Third_Party/FreeRTOS/Source/portable/GCC/ARM_CM7/r0p1/port.c.obj
 .comment       0x00000045       0x46 CMakeFiles/app.elf.dir/Middlewares/Third_Party/FreeRTOS/Source/portable/MemMang/heap_4.c.obj
 .comment       0x00000045       0x46 CMakeFiles/app.elf.dir/mcu/src/freertos.c.obj
 .comment       0x00000045       0x46 CMakeFiles/app.elf.dir/Middlewares/Third_Party/FatFs/src/ff_gen_drv.c.obj
 .comment       0x00000045       0x46 CMakeFiles/app.elf.dir/FATFS/App/fatfs.c.obj
 .comment       0x00000045       0x46 CMakeFiles/app.elf.dir/FATFS/Target/sd_diskio.c.obj
 .comment       0x00000045       0x46 CMakeFiles/app.elf.dir/Middlewares/ST/STM32_USB_Host_Library/Core/Src/usbh_core.c.obj
 .comment       0x00000045       0x46 CMakeFiles/app.elf.dir/Middlewares/ST/STM32_USB_Host_Library/Core/Src/usbh_ctlreq.c.obj
 .comment       0x00000045       0x46 CMakeFiles/app.elf.dir/Middlewares/ST/STM32_USB_Host_Library/Core/Src/usbh_ioreq.c.obj
 .comment       0x00000045       0x46 CMakeFiles/app.elf.dir/Middlewares/ST/STM32_USB_Host_Library/Class/CDC/Src/usbh_cdc.c.obj
 .comment       0x00000045       0x46 CMakeFiles/app.elf.dir/USB_HOST/App/usb_host.c.obj
 .comment       0x00000045       0x46 CMakeFiles/app.elf.dir/USB_HOST/Target/usbh_conf.c.obj
 .comment       0x00000045       0x46 CMakeFiles/app.elf.dir/USB_HOST/Target/usbh_platform.c.obj

.debug_info     0x00000000    0x1d084
 .debug_info    0x00000000      0x9d4 CMakeFiles/app.elf.dir/Drivers/STM32F7xx_HAL_Driver/Src/stm32f7xx_hal.c.obj
 .debug_info    0x000009d4      0xf7a CMakeFiles/app.elf.dir/Drivers/STM32F7xx_HAL_Driver/Src/stm32f7xx_hal_cortex.c.obj
 .debug_info    0x0000194e      0xe8a CMakeFiles/app.elf.dir/Drivers/STM32F7xx_HAL_Driver/Src/stm32f7xx_hal_dma2d.c.obj
 .debug_info    0x000027d8      0x6e3 CMakeFiles/app.elf.dir/Drivers/STM32F7xx_HAL_Driver/Src/stm32f7xx_hal_gpio.c.obj
 .debug_info    0x00002ebb     0x11a6 CMakeFiles/app.elf.dir/Drivers/STM32F7xx_HAL_Driver/Src/stm32f7xx_hal_hcd.c.obj