Archive member included to satisfy reference by file (symbol)

C:/PROGRA~2/ARMGNU~1/14EFD8~1.2RE/bin/../lib/gcc/arm-none-eabi/14.2.1/thumb/v7e-m+fp/hard\libgcc.a(_aeabi_uldivmod.o)
                              CMakeFiles/app.elf.dir/Drivers/STM32F7xx_HAL_Driver/Src/stm32f7xx_hal_rcc.c.obj (__aeabi_uldivmod)
C:/PROGRA~2/ARMGNU~1/14EFD8~1.2RE/bin/../lib/gcc/arm-none-eabi/14.2.1/thumb/v7e-m+fp/hard\libgcc.a(_udivmoddi4.o)
                              C:/PROGRA~2/ARMGNU~1/14EFD8~1.2RE/bin/../lib/gcc/arm-none-eabi/14.2.1/thumb/v7e-m+fp/hard\libgcc.a(_aeabi_uldivmod.o) (__udivmoddi4)
C:/PROGRA~2/ARMGNU~1/14EFD8~1.2RE/bin/../lib/gcc/arm-none-eabi/14.2.1/thumb/v7e-m+fp/hard\libgcc.a(_dvmd_tls.o)
                              C:/PROGRA~2/ARMGNU~1/14EFD8~1.2RE/bin/../lib/gcc/arm-none-eabi/14.2.1/thumb/v7e-m+fp/hard\libgcc.a(_aeabi_uldivmod.o) (__aeabi_ldiv0)
C:/PROGRA~2/ARMGNU~1/14EFD8~1.2RE/bin/../lib/gcc/arm-none-eabi/14.2.1/thumb/v7e-m+fp/hard\libg_nano.a(libc_a-exit.o)
                              C:/PROGRA~2/ARMGNU~1/14EFD8~1.2RE/bin/../lib/gcc/arm-none-eabi/14.2.1/thumb/v7e-m+fp/hard/crt0.o (exit)
C:/PROGRA~2/ARMGNU~1/14EFD8~1.2RE/bin/../lib/gcc/arm-none-eabi/14.2.1/thumb/v7e-m+fp/hard\libg_nano.a(libc_a-malloc.o)
                              CMakeFiles/app.elf.dir/Middlewares/ST/STM32_USB_Host_Library/Class/CDC/Src/usbh_cdc.c.obj (malloc)
C:/PROGRA~2/ARMGNU~1/14EFD8~1.2RE/bin/../lib/gcc/arm-none-eabi/14.2.1/thumb/v7e-m+fp/hard\libg_nano.a(libc_a-mallocr.o)
                              C:/PROGRA~2/ARMGNU~1/14EFD8~1.2RE/bin/../lib/gcc/arm-none-eabi/14.2.1/thumb/v7e-m+fp/hard\libg_nano.a(libc_a-malloc.o) (_malloc_r)
C:/PROGRA~2/ARMGNU~1/14EFD8~1.2RE/bin/../lib/gcc/arm-none-eabi/14.2.1/thumb/v7e-m+fp/hard\libg_nano.a(libc_a-mlock.o)
                              C:/PROGRA~2/ARMGNU~1/14EFD8~1.2RE/bin/../lib/gcc/arm-none-eabi/14.2.1/thumb/v7e-m+fp/hard\libg_nano.a(libc_a-mallocr.o) (__malloc_lock)
C:/PROGRA~2/ARMGNU~1/14EFD8~1.2RE/bin/../lib/gcc/arm-none-eabi/14.2.1/thumb/v7e-m+fp/hard\libg_nano.a(libc_a-findfp.o)
                              C:/PROGRA~2/ARMGNU~1/14EFD8~1.2RE/bin/../lib/gcc/arm-none-eabi/14.2.1/thumb/v7e-m+fp/hard\libg_nano.a(libc_a-exit.o) (__stdio_exit_handler)
C:/PROGRA~2/ARMGNU~1/14EFD8~1.2RE/bin/../lib/gcc/arm-none-eabi/14.2.1/thumb/v7e-m+fp/hard\libg_nano.a(libc_a-fwalk.o)
                              C:/PROGRA~2/ARMGNU~1/14EFD8~1.2RE/bin/../lib/gcc/arm-none-eabi/14.2.1/thumb/v7e-m+fp/hard\libg_nano.a(libc_a-findfp.o) (_fwalk_sglue)
C:/PROGRA~2/ARMGNU~1/14EFD8~1.2RE/bin/../lib/gcc/arm-none-eabi/14.2.1/thumb/v7e-m+fp/hard\libg_nano.a(libc_a-stdio.o)
                              C:/PROGRA~2/ARMGNU~1/14EFD8~1.2RE/bin/../lib/gcc/arm-none-eabi/14.2.1/thumb/v7e-m+fp/hard\libg_nano.a(libc_a-findfp.o) (__sread)
C:/PROGRA~2/ARMGNU~1/14EFD8~1.2RE/bin/../lib/gcc/arm-none-eabi/14.2.1/thumb/v7e-m+fp/hard\libg_nano.a(libc_a-memset.o)
                              C:/PROGRA~2/ARMGNU~1/14EFD8~1.2RE/bin/../lib/gcc/arm-none-eabi/14.2.1/thumb/v7e-m+fp/hard/crt0.o (memset)
C:/PROGRA~2/ARMGNU~1/14EFD8~1.2RE/bin/../lib/gcc/arm-none-eabi/14.2.1/thumb/v7e-m+fp/hard\libg_nano.a(libc_a-closer.o)
                              C:/PROGRA~2/ARMGNU~1/14EFD8~1.2RE/bin/../lib/gcc/arm-none-eabi/14.2.1/thumb/v7e-m+fp/hard\libg_nano.a(libc_a-stdio.o) (_close_r)
C:/PROGRA~2/ARMGNU~1/14EFD8~1.2RE/bin/../lib/gcc/arm-none-eabi/14.2.1/thumb/v7e-m+fp/hard\libg_nano.a(libc_a-reent.o)
                              C:/PROGRA~2/ARMGNU~1/14EFD8~1.2RE/bin/../lib/gcc/arm-none-eabi/14.2.1/thumb/v7e-m+fp/hard\libg_nano.a(libc_a-closer.o) (errno)
C:/PROGRA~2/ARMGNU~1/14EFD8~1.2RE/bin/../lib/gcc/arm-none-eabi/14.2.1/thumb/v7e-m+fp/hard\libg_nano.a(libc_a-impure.o)
                              C:/PROGRA~2/ARMGNU~1/14EFD8~1.2RE/bin/../lib/gcc/arm-none-eabi/14.2.1/thumb/v7e-m+fp/hard\libg_nano.a(libc_a-malloc.o) (_impure_ptr)
C:/PROGRA~2/ARMGNU~1/14EFD8~1.2RE/bin/../lib/gcc/arm-none-eabi/14.2.1/thumb/v7e-m+fp/hard\libg_nano.a(libc_a-lseekr.o)
                              C:/PROGRA~2/ARMGNU~1/14EFD8~1.2RE/bin/../lib/gcc/arm-none-eabi/14.2.1/thumb/v7e-m+fp/hard\libg_nano.a(libc_a-stdio.o) (_lseek_r)
C:/PROGRA~2/ARMGNU~1/14EFD8~1.2RE/bin/../lib/gcc/arm-none-eabi/14.2.1/thumb/v7e-m+fp/hard\libg_nano.a(libc_a-readr.o)
                              C:/PROGRA~2/ARMGNU~1/14EFD8~1.2RE/bin/../lib/gcc/arm-none-eabi/14.2.1/thumb/v7e-m+fp/hard\libg_nano.a(libc_a-stdio.o) (_read_r)
C:/PROGRA~2/ARMGNU~1/14EFD8~1.2RE/bin/../lib/gcc/arm-none-eabi/14.2.1/thumb/v7e-m+fp/hard\libg_nano.a(libc_a-sbrkr.o)
                              C:/PROGRA~2/ARMGNU~1/14EFD8~1.2RE/bin/../lib/gcc/arm-none-eabi/14.2.1/thumb/v7e-m+fp/hard\libg_nano.a(libc_a-mallocr.o) (_sbrk_r)
C:/PROGRA~2/ARMGNU~1/14EFD8~1.2RE/bin/../lib/gcc/arm-none-eabi/14.2.1/thumb/v7e-m+fp/hard\libg_nano.a(libc_a-writer.o)
                              C:/PROGRA~2/ARMGNU~1/14EFD8~1.2RE/bin/../lib/gcc/arm-none-eabi/14.2.1/thumb/v7e-m+fp/hard\libg_nano.a(libc_a-stdio.o) (_write_r)
[...]
Memory Configuration

Name             Origin             Length             Attributes
RAM              0x20000000         0x00050000         xrw
FLASH            0x08000000         0x00100000         xr
*default*        0x00000000         0xffffffff

Linker script and memory map

LOAD C:/PROGRA~2/ARMGNU~1/14EFD8~1.2RE/bin/../lib/gcc/arm-none-eabi/14.2.1/thumb/v7e-m+fp/hard/crti.o
LOAD C:/PROGRA~2/ARMGNU~1/14EFD8~1.2RE/bin/../lib/gcc/arm-none-eabi/14.2.1/thumb/v7e-m+fp/hard/crtbegin.o
LOAD C:/PROGRA~2/ARMGNU~1/14EFD8~1.2RE/bin/../lib/gcc/arm-none-eabi/14.2.1/thumb/v7e-m+fp/hard/crt0.o
LOAD CMakeFiles/app.elf.dir/Drivers/STM32F7xx_HAL_Driver/Src/stm32f7xx_hal.c.obj
LOAD CMakeFiles/app.elf.dir/Drivers/STM32F7xx_HAL_Driver/Src/stm32f7xx_hal_adc.c.obj
LOAD CMakeFiles/app.elf.dir/Drivers/STM32F7xx_HAL_Driver/Src/stm32f7xx_hal_adc_ex.c.obj
LOAD CMakeFiles/app.elf.dir/Drivers/STM32F7xx_HAL_Driver/Src/stm32f7xx_hal_cortex.c.obj
LOAD CMakeFiles/app.elf.dir/Drivers/STM32F7xx_HAL_Driver/Src/stm32f7xx_hal_crc.c.obj
LOAD CMakeFiles/app.elf.dir/Drivers/STM32F7xx_HAL_Driver/Src/stm32f7xx_hal_crc_ex.c.obj
LOAD CMakeFiles/app.elf.dir/Drivers/STM32F7xx_HAL_Driver/Src/stm32f7xx_hal_dcmi.c.obj
LOAD CMakeFiles/app.elf.dir/Drivers/STM32F7xx_HAL_Driver/Src/stm32f7xx_hal_dcmi_ex.c.obj
LOAD CMakeFiles/app.elf.dir/Drivers/STM32F7xx_HAL_Driver/Src/stm32f7xx_hal_dma.c.obj
LOAD CMakeFiles/app.elf.dir/Drivers/STM32F7xx_HAL_Driver/Src/stm32f7xx_hal_dma2d.c.obj
LOAD CMakeFiles/app.elf.dir/Drivers/STM32F7xx_HAL_Driver/Src/stm32f7xx_hal_dma_ex.c.obj
LOAD CMakeFiles/app.elf.dir/Drivers/STM32F7xx_HAL_Driver/Src/stm32f7xx_hal_dsi.c.obj
LOAD CMakeFiles/app.elf.dir/Drivers/STM32F7xx_HAL_Driver/Src/stm32f7xx_hal_eth.c.obj
LOAD CMakeFiles/app.elf.dir/Drivers/STM32F7xx_HAL_Driver/Src/stm32f7xx_hal_exti.c.obj
LOAD CMakeFiles/app.elf.dir/Drivers/STM32F7xx_HAL_Driver/Src/stm32f7xx_hal_flash.c.obj
LOAD CMakeFiles/app.elf.dir/Drivers/STM32F7xx_HAL_Driver/Src/stm32f7xx_hal_flash_ex.c.obj
LOAD CMakeFiles/app.elf.dir/Drivers/STM32F7xx_HAL_Driver/Src/stm32f7xx_hal_gpio.c.obj
LOAD CMakeFiles/app.elf.dir/Drivers/STM32F7xx_HAL_Driver/Src/stm32f7xx_hal_hcd.c.obj
LOAD CMakeFiles/app.elf.dir/Drivers/STM32F7xx_HAL_Driver/Src/stm32f7xx_hal_i2c.c.obj
LOAD CMakeFiles/app.elf.dir/Drivers/STM32F7xx_HAL_Driver/Src/stm32f7xx_hal_i2c_ex.c.obj
LOAD CMakeFiles/app.elf.dir/Drivers/STM32F7xx_HAL_Driver/Src/stm32f7xx_hal_ltdc.c.obj
LOAD CMakeFiles/app.elf.dir/Drivers/STM32F7xx_HAL_Driver/Src/stm32f7xx_hal_ltdc_ex.c.obj
LOAD CMakeFiles/app.elf.dir/Drivers/STM32F7xx_HAL_Driver/Src/stm32f7xx_hal_mmc.c.obj
LOAD CMakeFiles/app.elf.dir/Drivers/STM32F7xx_HAL_Driver/Src/stm32f7xx_hal_nand.c.obj
LOAD CMakeFiles/app.elf.dir/Drivers/STM32F7xx_HAL_Driver/Src/stm32f7xx_hal_nor.c.obj
LOAD CMakeFiles/app.elf.dir/Drivers/STM32F7xx_HAL_Driver/Src/stm32f7xx_hal_pwr.c.obj
LOAD CMakeFiles/app.elf.dir/Drivers/STM32F7xx_HAL_Driver/Src/stm32f7xx_hal_pwr_ex.c.obj
LOAD CMakeFiles/app.elf.dir/Drivers/STM32F7xx_HAL_Driver/Src/stm32f7xx_hal_qspi.c.obj
LOAD CMakeFiles/app.elf.dir/Drivers/STM32F7xx_HAL_Driver/Src/stm32f7xx_hal_rcc.c.obj
LOAD CMakeFiles/app.elf.dir/Drivers/STM32F7xx_HAL_Driver/Src/stm32f7xx_hal_rcc_ex.c.obj
LOAD CMakeFiles/app.elf.dir/Drivers/STM32F7xx_HAL_Driver/Src/stm32f7xx_hal_rtc.c.obj
LOAD CMakeFiles/app.elf.dir/Drivers/STM32F7xx_HAL_Driver/Src/stm32f7xx_hal_rtc_ex.c.obj
LOAD CMakeFiles/app.elf.dir/Drivers/STM32F7xx_HAL_Driver/Src/stm32f7xx_hal_sai.c.obj
LOAD CMakeFiles/app.elf.dir/Drivers/STM32F7xx_HAL_Driver/Src/stm32f7xx_hal_sai_ex.c.obj
LOAD CMakeFiles/app.elf.dir/Drivers/STM32F7xx_HAL_Driver/Src/stm32f7xx_hal_sd.c.obj
LOAD CMakeFiles/app.elf.dir/Drivers/STM32F7xx_HAL_Driver/Src/stm32f7xx_hal_sdram.c.obj
LOAD CMakeFiles/app.elf.dir/Drivers/STM32F7xx_HAL_Driver/Src/stm32f7xx_hal_spdifrx.c.obj
LOAD CMakeFiles/app.elf.dir/Drivers/STM32F7xx_HAL_Driver/Src/stm32f7xx_hal_spi.c.obj
LOAD CMakeFiles/app.elf.dir/Drivers/STM32F7xx_HAL_Driver/Src/stm32f7xx_hal_spi_ex.c.obj
LOAD CMakeFiles/app.elf.dir/Drivers/STM32F7xx_HAL_Driver/Src/stm32f7xx_hal_sram.c.obj
LOAD CMakeFiles/app.elf.dir/Drivers/STM32F7xx_HAL_Driver/Src/stm32f7xx_hal_tim.c.obj
LOAD CMakeFiles/app.elf.dir/Drivers/STM32F7xx_HAL_Driver/Src/stm32f7xx_hal_tim_ex.c.obj
LOAD CMakeFiles/app.elf.dir/Drivers/STM32F7xx_HAL_Driver/Src/stm32f7xx_hal_uart.c.obj
LOAD CMakeFiles/app.elf.dir/Drivers/STM32F7xx_HAL_Driver/Src/stm32f7xx_hal_uart_ex.c.obj
LOAD CMakeFiles/app.elf.dir/Drivers/STM32F7xx_HAL_Driver/Src/stm32f7xx_ll_fmc.c.obj
LOAD CMakeFiles/app.elf.dir/Drivers/STM32F7xx_HAL_Driver/Src/stm32f7xx_ll_sdmmc.c.obj
LOAD CMakeFiles/app.elf.dir/Drivers/STM32F7xx_HAL_Driver/Src/stm32f7xx_ll_usb.c.obj
LOAD CMakeFiles/app.elf.dir/mcu/system/system_stm32f7xx.c.obj
LOAD CMakeFiles/app.elf.dir/mcu/src/freertos.c.obj
LOAD CMakeFiles/app.elf.dir/mcu/src/stm32f7xx_it.c.obj
LOAD CMakeFiles/app.elf.dir/mcu/src/main.c.obj
LOAD CMakeFiles/app.elf.dir/D_/dev/stm32/CubeMX_files/test1/Core/Src/adc.c.obj
LOAD CMakeFiles/app.elf.dir/D_/dev/stm32/CubeMX_files/test1/Core/Src/crc.c.obj
LOAD CMakeFiles/app.elf.dir/D_/dev/stm32/CubeMX_files/test1/Core/Src/dcmi.c.obj
LOAD CMakeFiles/app.elf.dir/D_/dev/stm32/CubeMX_files/test1/Core/Src/dma2d.c.obj
LOAD CMakeFiles/app.elf.dir/D_/dev/stm32/CubeMX_files/test1/Core/Src/eth.c.obj
LOAD CMakeFiles/app.elf.dir/D_/dev/stm32/CubeMX_files/test1/Core/Src/fmc.c.obj
LOAD CMakeFiles/app.elf.dir/D_/dev/stm32/CubeMX_files/test1/Core/Src/gpio.c.obj
LOAD CMakeFiles/app.elf.dir/D_/dev/stm32/CubeMX_files/test1/Core/Src/i2c.c.obj
LOAD CMakeFiles/app.elf.dir/D_/dev/stm32/CubeMX_files/test1/Core/Src/ltdc.c.obj
LOAD CMakeFiles/app.elf.dir/D_/dev/stm32/CubeMX_files/test1/Core/Src/quadspi.c.obj
LOAD CMakeFiles/app.elf.dir/D_/dev/stm32/CubeMX_files/test1/Core/Src/rtc.c.obj
LOAD CMakeFiles/app.elf.dir/D_/dev/stm32/CubeMX_files/test1/Core/Src/sai.c.obj
LOAD CMakeFiles/app.elf.dir/D_/dev/stm32/CubeMX_files/test1/Core/Src/sdmmc.c.obj
LOAD CMakeFiles/app.elf.dir/D_/dev/stm32/CubeMX_files/test1/Core/Src/spdifrx.c.obj
LOAD CMakeFiles/app.elf.dir/D_/dev/stm32/CubeMX_files/test1/Core/Src/spi.c.obj
LOAD CMakeFiles/app.elf.dir/D_/dev/stm32/CubeMX_files/test1/Core/Src/stm32f7xx_hal_msp.c.obj
LOAD CMakeFiles/app.elf.dir/D_/dev/stm32/CubeMX_files/test1/Core/Src/stm32f7xx_hal_timebase_tim.c.obj
LOAD CMakeFiles/app.elf.dir/D_/dev/stm32/CubeMX_files/test1/Core/Src/tim.c.obj
LOAD CMakeFiles/app.elf.dir/D_/dev/stm32/CubeMX_files/test1/Core/Src/usart.c.obj
LOAD CMakeFiles/app.elf.dir/Middlewares/Third_Party/FreeRTOS/Source/list.c.obj
LOAD CMakeFiles/app.elf.dir/Middlewares/Third_Party/FreeRTOS/Source/queue.c.obj
LOAD CMakeFiles/app.elf.dir/Middlewares/Third_Party/FreeRTOS/Source/tasks.c.obj
LOAD CMakeFiles/app.elf.dir/Middlewares/Third_Party/FreeRTOS/Source/timers.c.obj
LOAD CMakeFiles/app.elf.dir/Middlewares/Third_Party/FreeRTOS/Source/event_groups.c.obj
LOAD CMakeFiles/app.elf.dir/Middlewares/Third_Party/FreeRTOS/Source/stream_buffer.c.obj
LOAD CMakeFiles/app.elf.dir/Middlewares/Third_Party/FreeRTOS/Source/CMSIS_RTOS/cmsis_os.c.obj
LOAD CMakeFiles/app.elf.dir/Middlewares/Third_Party/FreeRTOS/Source/portable/GCC/ARM_CM7/r0p1/port.c.obj
LOAD CMakeFiles/app.elf.dir/Middlewares/Third_Party/FreeRTOS/Source/portable/MemMang/heap_4.c.obj
LOAD CMakeFiles/app.elf.dir/Middlewares/Third_Party/FatFs/src/ff.c.obj
LOAD CMakeFiles/app.elf.dir/Middlewares/Third_Party/FatFs/src/ff_gen_drv.c.obj
LOAD CMakeFiles/app.elf.dir/Middlewares/Third_Party/FatFs/src/diskio.c.obj
LOAD CMakeFiles/app.elf.dir/Middlewares/Third_Party/FatFs/src/option/syscall.c.obj
LOAD CMakeFiles/app.elf.dir/FATFS/App/fatfs.c.obj
LOAD CMakeFiles/app.elf.dir/FATFS/Target/sd_diskio.c.obj
LOAD CMakeFiles/app.elf.dir/FATFS/Target/bsp_driver_sd.c.obj
LOAD CMakeFiles/app.elf.dir/FATFS/Target/fatfs_platform.c.obj
LOAD CMakeFiles/app.elf.dir/Middlewares/ST/STM32_USB_Host_Library/Core/Src/usbh_core.c.obj
LOAD CMakeFiles/app.elf.dir/Middlewares/ST/STM32_USB_Host_Library/Core/Src/usbh_ctlreq.c.obj
LOAD CMakeFiles/app.elf.dir/Middlewares/ST/STM32_USB_Host_Library/Core/Src/usbh_ioreq.c.obj
LOAD CMakeFiles/app.elf.dir/Middlewares/ST/STM32_USB_Host_Library/Core/Src/usbh_pipes.c.obj
LOAD CMakeFiles/app.elf.dir/Middlewares/ST/STM32_USB_Host_Library/Class/CDC/Src/usbh_cdc.c.obj
LOAD CMakeFiles/app.elf.dir/USB_HOST/App/usb_host.c.obj
LOAD CMakeFiles/app.elf.dir/USB_HOST/Target/usbh_conf.c.obj
LOAD CMakeFiles/app.elf.dir/USB_HOST/Target/usbh_platform.c.obj
LOAD CMakeFiles/app.elf.dir/mcu/startup/startup_stm32f746xx.s.obj
LOAD C:/PROGRA~2/ARMGNU~1/14EFD8~1.2RE/bin/../lib/gcc/arm-none-eabi/14.2.1/thumb/v7e-m+fp/hard\libm.a
START GROUP
LOAD C:/PROGRA~2/ARMGNU~1/14EFD8~1.2RE/bin/../lib/gcc/arm-none-eabi/14.2.1/thumb/v7e-m+fp/hard\libgcc.a
LOAD C:/PROGRA~2/ARMGNU~1/14EFD8~1.2RE/bin/../lib/gcc/arm-none-eabi/14.2.1/thumb/v7e-m+fp/hard\libg_nano.a
LOAD C:/PROGRA~2/ARMGNU~1/14EFD8~1.2RE/bin/../lib/gcc/arm-none-eabi/14.2.1/thumb/v7e-m+fp/hard\libc_nano.a
END GROUP
START GROUP
LOAD C:/PROGRA~2/ARMGNU~1/14EFD8~1.2RE/bin/../lib/gcc/arm-none-eabi/14.2.1/thumb/v7e-m+fp/hard\libgcc.a
LOAD C:/PROGRA~2/ARMGNU~1/14EFD8~1.2RE/bin/../lib/gcc/arm-none-eabi/14.2.1/thumb/v7e-m+fp/hard\libc_nano.a
LOAD C:/PROGRA~2/ARMGNU~1/14EFD8~1.2RE/bin/../lib/gcc/arm-none-eabi/14.2.1/thumb/v7e-m+fp/hard\libnosys.a
END GROUP
START GROUP
LOAD C:/PROGRA~2/ARMGNU~1/14EFD8~1.2RE/bin/../lib/gcc/arm-none-eabi/14.2.1/thumb/v7e-m+fp/hard\libgcc.a
LOAD C:/PROGRA~2/ARMGNU~1/14EFD8~1.2RE/bin/../lib/gcc/arm-none-eabi/14.2.1/thumb/v7e-m+fp/hard\libc_nano.a
LOAD C:/PROGRA~2/ARMGNU~1/14EFD8~1.2RE/bin/../lib/gcc/arm-none-eabi/14.2.1/thumb/v7e-m+fp/hard\libnosys.a
END GROUP
LOAD C:/PROGRA~2/ARMGNU~1/14EFD8~1.2RE/bin/../lib/gcc/arm-none-eabi/14.2.1/thumb/v7e-m+fp/hard/crtend.o
LOAD C:/PROGRA~2/ARMGNU~1/14EFD8~1.2RE/bin/../lib/gcc/arm-none-eabi/14.2.1/thumb/v7e-m+fp/hard/crtn.o
                0x20050000                        _estack = (ORIGIN (RAM) + LENGTH (RAM))
                0x00000200                        _Min_Heap_Size = 0x200
                0x00000400                        _Min_Stack_Size = 0x400

.isr_vector     0x08000000      0x1c8
                0x08000000                        . = ALIGN (0x4)
 *(.isr_vector)
 .isr_vector    0x08000000      0x1c8 CMakeFiles/app.elf.dir/mcu/startup/startup_stm32f746xx.s.obj
                0x08000000                g_pfnVectors
                0x080001c8                        . = ALIGN (0x4)

.text           0x080001d0    0x137f4
                0x080001d0                        . = ALIGN (0x4)
 *(.text)
 .text          0x080001d0       0x30 C:/PROGRA~2/ARMGNU~1/14EFD8~1.2RE/bin/../lib/gcc/arm-none-eabi/14.2.1/thumb/v7e-m+fp/hard\libgcc.a(_aeabi_uldivmod.o)
                0x080001d0                __aeabi_uldivmod
 .text          0x08000200        0x4 C:/PROGRA~2/ARMGNU~1/14EFD8~1.2RE/bin/../lib/gcc/arm-none-eabi/14.2.1/thumb/v7e-m+fp/hard\libgcc.a(_dvmd_tls.o)
                0x08000200                __aeabi_idiv0
                0x08000200                __aeabi_ldiv0
 *(.text*)
 .text.deregister_tm_clones
                0x08000204       0x1c C:/PROGRA~2/ARMGNU~1/14EFD8~1.2RE/bin/../lib/gcc/arm-none-eabi/14.2.1/thumb/v7e-m+fp/hard/crtbegin.o
 .text.register_tm_clones
                0x08000220       0x24 C:/PROGRA~2/ARMGNU~1/14EFD8~1.2RE/bin/../lib/gcc/arm-none-eabi/14.2.1/thumb/v7e-m+fp/hard/crtbegin.o
 .text.__do_global_dtors_aux
                0x08000244       0x28 C:/PROGRA~2/ARMGNU~1/14EFD8~1.2RE/bin/../lib/gcc/arm-none-eabi/14.2.1/thumb/v7e-m+fp/hard/crtbegin.o
 .text.frame_dummy
                0x0800026c       0x24 C:/PROGRA~2/ARMGNU~1/14EFD8~1.2RE/bin/../lib/gcc/arm-none-eabi/14.2.1/thumb/v7e-m+fp/hard/crtbegin.o
 .text.HAL_Init
                0x08000290       0x1a CMakeFiles/app.elf.dir/Drivers/STM32F7xx_HAL_Driver/Src/stm32f7xx_hal.c.obj
                0x08000290                HAL_Init
 *fill*         0x080002aa        0x2 
 .text.HAL_IncTick
                0x080002ac       0x28 CMakeFiles/app.elf.dir/Drivers/STM32F7xx_HAL_Driver/Src/stm32f7xx_hal.c.obj
                0x080002ac                HAL_IncTick
 .text.HAL_GetTick
                0x080002d4       0x18 CMakeFiles/app.elf.dir/Drivers/STM32F7xx_HAL_Driver/Src/stm32f7xx_hal.c.obj
                0x080002d4                HAL_GetTick
 .text.HAL_Delay
                0x080002ec       0x48 CMakeFiles/app.elf.dir/Drivers/STM32F7xx_HAL_Driver/Src/stm32f7xx_hal.c.obj
                0x080002ec                HAL_Delay
 .text.HAL_ADC_Init
                0x08000334       0x88 CMakeFiles/app.elf.dir/Drivers/STM32F7xx_HAL_Driver/Src/stm32f7xx_hal_adc.c.obj
                0x08000334                HAL_ADC_Init
 .text.HAL_ADC_ConfigChannel
                0x080003bc      0x2b4 CMakeFiles/app.elf.dir/Drivers/STM32F7xx_HAL_Driver/Src/stm32f7xx_hal_adc.c.obj
                0x080003bc                HAL_ADC_ConfigChannel
 .text.ADC_Init
                0x08000670      0x1f4 CMakeFiles/app.elf.dir/Drivers/STM32F7xx_HAL_Driver/Src/stm32f7xx_hal_adc.c.obj
 .text.__NVIC_SetPriorityGrouping
                0x08000864       0x48 CMakeFiles/app.elf.dir/Drivers/STM32F7xx_HAL_Driver/Src/stm32f7xx_hal_cortex.c.obj
 .text.__NVIC_GetPriorityGrouping
                0x080008ac       0x1c CMakeFiles/app.elf.dir/Drivers/STM32F7xx_HAL_Driver/Src/stm32f7xx_hal_cortex.c.obj
 .text.__NVIC_EnableIRQ
                0x080008c8       0x3c CMakeFiles/app.elf.dir/Drivers/STM32F7xx_HAL_Driver/Src/stm32f7xx_hal_cortex.c.obj
 .text.__NVIC_SetPriority
                0x08000904       0x54 CMakeFiles/app.elf.dir/Drivers/STM32F7xx_HAL_Driver/Src/stm32f7xx_hal_cortex.c.obj
 .text.NVIC_EncodePriority
                0x08000958       0x66 CMakeFiles/app.elf.dir/Drivers/STM32F7xx_HAL_Driver/Src/stm32f7xx_hal_cortex.c.obj
 .text.HAL_NVIC_SetPriorityGrouping
                0x080009be       0x16 CMakeFiles/app.elf.dir/Drivers/STM32F7xx_HAL_Driver/Src/stm32f7xx_hal_cortex.c.obj
                0x080009be                HAL_NVIC_SetPriorityGrouping
 .text.HAL_NVIC_SetPriority
                0x080009d4       0x38 CMakeFiles/app.elf.dir/Drivers/STM32F7xx_HAL_Driver/Src/stm32f7xx_hal_cortex.c.obj
                0x080009d4                HAL_NVIC_SetPriority
 .text.HAL_NVIC_EnableIRQ
                0x08000a0c       0x1c CMakeFiles/app.elf.dir/Drivers/STM32F7xx_HAL_Driver/Src/stm32f7xx_hal_cortex.c.obj
                0x08000a0c                HAL_NVIC_EnableIRQ
 .text.HAL_CRC_Init
                0x08000a28       0xc8 CMakeFiles/app.elf.dir/Drivers/STM32F7xx_HAL_Driver/Src/stm32f7xx_hal_crc.c.obj
                0x08000a28                HAL_CRC_Init
 .text.HAL_CRCEx_Polynomial_Set
                0x08000af0      0x11c CMakeFiles/app.elf.dir/Drivers/STM32F7xx_HAL_Driver/Src/stm32f7xx_hal_crc_ex.c.obj
                0x08000af0                HAL_CRCEx_Polynomial_Set
 .text.HAL_DCMI_Init
                0x08000c0c       0xf4 CMakeFiles/app.elf.dir/Drivers/STM32F7xx_HAL_Driver/Src/stm32f7xx_hal_dcmi.c.obj
                0x08000c0c                HAL_DCMI_Init
 .text.HAL_DMA_Start_IT
                0x08000d00       0xc0 CMakeFiles/app.elf.dir/Drivers/STM32F7xx_HAL_Driver/Src/stm32f7xx_hal_dma.c.obj
                0x08000d00                HAL_DMA_Start_IT
 .text.HAL_DMA_GetError
                0x08000dc0       0x18 CMakeFiles/app.elf.dir/Drivers/STM32F7xx_HAL_Driver/Src/stm32f7xx_hal_dma.c.obj
                0x08000dc0                HAL_DMA_GetError
 .text.DMA_SetConfig
                0x08000dd8       0x5c CMakeFiles/app.elf.dir/Drivers/STM32F7xx_HAL_Driver/Src/stm32f7xx_hal_dma.c.obj
 .text.HAL_DMA2D_Init
                0x08000e34       0x94 CMakeFiles/app.elf.dir/Drivers/STM32F7xx_HAL_Driver/Src/stm32f7xx_hal_dma2d.c.obj
                0x08000e34                HAL_DMA2D_Init
 .text.HAL_DMA2D_IRQHandler
                0x08000ec8      0x1f8 CMakeFiles/app.elf.dir/Drivers/STM32F7xx_HAL_Driver/Src/stm32f7xx_hal_dma2d.c.obj
                0x08000ec8                HAL_DMA2D_IRQHandler
 .text.HAL_DMA2D_LineEventCallback
                0x080010c0       0x14 CMakeFiles/app.elf.dir/Drivers/STM32F7xx_HAL_Driver/Src/stm32f7xx_hal_dma2d.c.obj
                0x080010c0                HAL_DMA2D_LineEventCallback
 .text.HAL_DMA2D_CLUTLoadingCpltCallback
                0x080010d4       0x14 CMakeFiles/app.elf.dir/Drivers/STM32F7xx_HAL_Driver/Src/stm32f7xx_hal_dma2d.c.obj
                0x080010d4                HAL_DMA2D_CLUTLoadingCpltCallback
 .text.HAL_DMA2D_ConfigLayer
                0x080010e8      0x124 CMakeFiles/app.elf.dir/Drivers/STM32F7xx_HAL_Driver/Src/stm32f7xx_hal_dma2d.c.obj
                0x080010e8                HAL_DMA2D_ConfigLayer
 .text.HAL_ETH_Init
                0x0800120c      0x134 CMakeFiles/app.elf.dir/Drivers/STM32F7xx_HAL_Driver/Src/stm32f7xx_hal_eth.c.obj
                0x0800120c                HAL_ETH_Init
 .text.ETH_SetMACConfig
                0x08001340      0x168 CMakeFiles/app.elf.dir/Drivers/STM32F7xx_HAL_Driver/Src/stm32f7xx_hal_eth.c.obj
 .text.ETH_SetDMAConfig
                0x080014a8      0x114 CMakeFiles/app.elf.dir/Drivers/STM32F7xx_HAL_Driver/Src/stm32f7xx_hal_eth.c.obj
 .text.ETH_MACDMAConfig
                0x080015bc       0xea CMakeFiles/app.elf.dir/Drivers/STM32F7xx_HAL_Driver/Src/stm32f7xx_hal_eth.c.obj
 *fill*         0x080016a6        0x2 
 .text.ETH_MACAddressConfig
                0x080016a8       0x70 CMakeFiles/app.elf.dir/Drivers/STM32F7xx_HAL_Driver/Src/stm32f7xx_hal_eth.c.obj
 .text.ETH_DMATxDescListInit
                0x08001718       0xb2 CMakeFiles/app.elf.dir/Drivers/STM32F7xx_HAL_Driver/Src/stm32f7xx_hal_eth.c.obj
 .text.ETH_DMARxDescListInit
                0x080017ca       0xde CMakeFiles/app.elf.dir/Drivers/STM32F7xx_HAL_Driver/Src/stm32f7xx_hal_eth.c.obj
 .text.HAL_GPIO_Init
                0x080018a8      0x358 CMakeFiles/app.elf.dir/Drivers/STM32F7xx_HAL_Driver/Src/stm32f7xx_hal_gpio.c.obj
                0x080018a8                HAL_GPIO_Init
 .text.HAL_GPIO_ReadPin
                0x08001c00       0x30 CMakeFiles/app.elf.dir/Drivers/STM32F7xx_HAL_Driver/Src/stm32f7xx_hal_gpio.c.obj
                0x08001c00                HAL_GPIO_ReadPin
 .text.HAL_GPIO_WritePin
                0x08001c30       0x32 CMakeFiles/app.elf.dir/Drivers/STM32F7xx_HAL_Driver/Src/stm32f7xx_hal_gpio.c.obj
                0x08001c30                HAL_GPIO_WritePin
 .text.HAL_HCD_Init
                0x08001c62       0xce CMakeFiles/app.elf.dir/Drivers/STM32F7xx_HAL_Driver/Src/stm32f7xx_hal_hcd.c.obj
                0x08001c62                HAL_HCD_Init
 .text.HAL_HCD_HC_Init
                0x08001d30      0x170 CMakeFiles/app.elf.dir/Drivers/STM32F7xx_HAL_Driver/Src/stm32f7xx_hal_hcd.c.obj
                0x08001d30                HAL_HCD_HC_Init
 .text.HAL_HCD_HC_SubmitRequest
                0x08001ea0      0x33c CMakeFiles/app.elf.dir/Drivers/STM32F7xx_HAL_Driver/Src/stm32f7xx_hal_hcd.c.obj
                0x08001ea0                HAL_HCD_HC_SubmitRequest
 .text.HAL_HCD_IRQHandler
                0x080021dc      0x220 CMakeFiles/app.elf.dir/Drivers/STM32F7xx_HAL_Driver/Src/stm32f7xx_hal_hcd.c.obj
                0x080021dc                HAL_HCD_IRQHandler
 .text.HAL_HCD_Start
                0x080023fc       0x46 CMakeFiles/app.elf.dir/Drivers/STM32F7xx_HAL_Driver/Src/stm32f7xx_hal_hcd.c.obj
                0x080023fc                HAL_HCD_Start
 .text.HAL_HCD_Stop
                0x08002442       0x3a CMakeFiles/app.elf.dir/Drivers/STM32F7xx_HAL_Driver/Src/stm32f7xx_hal_hcd.c.obj
                0x08002442                HAL_HCD_Stop
 .text.HAL_HCD_ResetPort
                0x0800247c       0x1c CMakeFiles/app.elf.dir/Drivers/STM32F7xx_HAL_Driver/Src/stm32f7xx_hal_hcd.c.obj
                0x0800247c                HAL_HCD_ResetPort
 .text.HAL_HCD_HC_GetURBState
                0x08002498       0x2a CMakeFiles/app.elf.dir/Drivers/STM32F7xx_HAL_Driver/Src/stm32f7xx_hal_hcd.c.obj
                0x08002498                HAL_HCD_HC_GetURBState
 .text.HAL_HCD_HC_GetXferCount
                0x080024c2       0x2a CMakeFiles/app.elf.dir/Drivers/STM32F7xx_HAL_Driver/Src/stm32f7xx_hal_hcd.c.obj
                0x080024c2                HAL_HCD_HC_GetXferCount
 .text.HAL_HCD_GetCurrentFrame
                0x080024ec       0x1c CMakeFiles/app.elf.dir/Drivers/STM32F7xx_HAL_Driver/Src/stm32f7xx_hal_hcd.c.obj
                0x080024ec                HAL_HCD_GetCurrentFrame
 .text.HAL_HCD_GetCurrentSpeed
                0x08002508       0x1c CMakeFiles/app.elf.dir/Drivers/STM32F7xx_HAL_Driver/Src/stm32f7xx_hal_hcd.c.obj
                0x08002508                HAL_HCD_GetCurrentSpeed
 .text.HAL_HCD_HC_ClearHubInfo
                0x08002524       0x6a CMakeFiles/app.elf.dir/Drivers/STM32F7xx_HAL_Driver/Src/stm32f7xx_hal_hcd.c.obj
                0x08002524                HAL_HCD_HC_ClearHubInfo
 .text.HCD_HC_IN_IRQHandler
                0x0800258e      0xcd2 CMakeFiles/app.elf.dir/Drivers/STM32F7xx_HAL_Driver/Src/stm32f7xx_hal_hcd.c.obj
 .text.HCD_HC_OUT_IRQHandler
                0x08003260      0x97e CMakeFiles/app.elf.dir/Drivers/STM32F7xx_HAL_Driver/Src/stm32f7xx_hal_hcd.c.obj
 .text.HCD_RXQLVL_IRQHandler
                0x08003bde      0x1be CMakeFiles/app.elf.dir/Drivers/STM32F7xx_HAL_Driver/Src/stm32f7xx_hal_hcd.c.obj
 .text.HCD_Port_IRQHandler
                0x08003d9c       0xe6 CMakeFiles/app.elf.dir/Drivers/STM32F7xx_HAL_Driver/Src/stm32f7xx_hal_hcd.c.obj
 *fill*         0x08003e82        0x2 
 .text.HAL_I2C_Init
                0x08003e84      0x138 CMakeFiles/app.elf.dir/Drivers/STM32F7xx_HAL_Driver/Src/stm32f7xx_hal_i2c.c.obj
                0x08003e84                HAL_I2C_Init
 .text.HAL_I2CEx_ConfigAnalogFilter
                0x08003fbc       0x96 CMakeFiles/app.elf.dir/Drivers/STM32F7xx_HAL_Driver/Src/stm32f7xx_hal_i2c_ex.c.obj
                0x08003fbc                HAL_I2CEx_ConfigAnalogFilter
 .text.HAL_I2CEx_ConfigDigitalFilter
                0x08004052       0x98 CMakeFiles/app.elf.dir/Drivers/STM32F7xx_HAL_Driver/Src/stm32f7xx_hal_i2c_ex.c.obj
                0x08004052                HAL_I2CEx_ConfigDigitalFilter
 .text.HAL_LTDC_Init
                0x080040ea      0x13a CMakeFiles/app.elf.dir/Drivers/STM32F7xx_HAL_Driver/Src/stm32f7xx_hal_ltdc.c.obj
                0x080040ea                HAL_LTDC_Init
 .text.HAL_LTDC_IRQHandler
                0x08004224      0x148 CMakeFiles/app.elf.dir/Drivers/STM32F7xx_HAL_Driver/Src/stm32f7xx_hal_ltdc.c.obj
                0x08004224                HAL_LTDC_IRQHandler
 .text.HAL_LTDC_ErrorCallback
                0x0800436c       0x14 CMakeFiles/app.elf.dir/Drivers/STM32F7xx_HAL_Driver/Src/stm32f7xx_hal_ltdc.c.obj
                0x0800436c                HAL_LTDC_ErrorCallback
 .text.HAL_LTDC_LineEventCallback
                0x08004380       0x14 CMakeFiles/app.elf.dir/Drivers/STM32F7xx_HAL_Driver/Src/stm32f7xx_hal_ltdc.c.obj
                0x08004380                HAL_LTDC_LineEventCallback
 .text.HAL_LTDC_ReloadEventCallback
                0x08004394       0x14 CMakeFiles/app.elf.dir/Drivers/STM32F7xx_HAL_Driver/Src/stm32f7xx_hal_ltdc.c.obj
                0x08004394                HAL_LTDC_ReloadEventCallback
 .text.HAL_LTDC_ConfigLayer
                0x080043a8       0x7c CMakeFiles/app.elf.dir/Drivers/STM32F7xx_HAL_Driver/Src/stm32f7xx_hal_ltdc.c.obj
                0x080043a8                HAL_LTDC_ConfigLayer
 .text.LTDC_SetConfig
                0x08004424      0x2ec CMakeFiles/app.elf.dir/Drivers/STM32F7xx_HAL_Driver/Src/stm32f7xx_hal_ltdc.c.obj
 .text.HAL_QSPI_Init
                0x08004710       0xf8 CMakeFiles/app.elf.dir/Drivers/STM32F7xx_HAL_Driver/Src/stm32f7xx_hal_qspi.c.obj
                0x08004710                HAL_QSPI_Init
 .text.HAL_QSPI_SetTimeout
                0x08004808       0x1c CMakeFiles/app.elf.dir/Drivers/STM32F7xx_HAL_Driver/Src/stm32f7xx_hal_qspi.c.obj
                0x08004808                HAL_QSPI_SetTimeout
 .text.QSPI_WaitFlagStateUntilTimeout
                0x08004824       0x6e CMakeFiles/app.elf.dir/Drivers/STM32F7xx_HAL_Driver/Src/stm32f7xx_hal_qspi.c.obj
 *fill*         0x08004892        0x2 
 .text.HAL_RCC_OscConfig
                0x08004894      0x548 CMakeFiles/app.elf.dir/Drivers/STM32F7xx_HAL_Driver/Src/stm32f7xx_hal_rcc.c.obj
                0x08004894                HAL_RCC_OscConfig
 .text.HAL_RCC_ClockConfig
                0x08004ddc      0x1d8 CMakeFiles/app.elf.dir/Drivers/STM32F7xx_HAL_Driver/Src/stm32f7xx_hal_rcc.c.obj
                0x08004ddc                HAL_RCC_ClockConfig
 .text.HAL_RCC_GetSysClockFreq
                0x08004fb4      0x188 CMakeFiles/app.elf.dir/Drivers/STM32F7xx_HAL_Driver/Src/stm32f7xx_hal_rcc.c.obj
                0x08004fb4                HAL_RCC_GetSysClockFreq
 .text.HAL_RCC_GetHCLKFreq
                0x0800513c       0x18 CMakeFiles/app.elf.dir/Drivers/STM32F7xx_HAL_Driver/Src/stm32f7xx_hal_rcc.c.obj
                0x0800513c                HAL_RCC_GetHCLKFreq
 .text.HAL_RCC_GetPCLK1Freq
                0x08005154       0x28 CMakeFiles/app.elf.dir/Drivers/STM32F7xx_HAL_Driver/Src/stm32f7xx_hal_rcc.c.obj
                0x08005154                HAL_RCC_GetPCLK1Freq
 .text.HAL_RCC_GetPCLK2Freq
                0x0800517c       0x28 CMakeFiles/app.elf.dir/Drivers/STM32F7xx_HAL_Driver/Src/stm32f7xx_hal_rcc.c.obj
                0x0800517c                HAL_RCC_GetPCLK2Freq
 .text.HAL_RCC_GetClockConfig
                0x080051a4       0x64 CMakeFiles/app.elf.dir/Drivers/STM32F7xx_HAL_Driver/Src/stm32f7xx_hal_rcc.c.obj
                0x080051a4                HAL_RCC_GetClockConfig
 .text.HAL_RCCEx_PeriphCLKConfig
                0x08005208      0x7e0 CMakeFiles/app.elf.dir/Drivers/STM32F7xx_HAL_Driver/Src/stm32f7xx_hal_rcc_ex.c.obj
                0x08005208                HAL_RCCEx_PeriphCLKConfig
 .text.HAL_RCCEx_GetPeriphCLKFreq
                0x080059e8      0x280 CMakeFiles/app.elf.dir/Drivers/STM32F7xx_HAL_Driver/Src/stm32f7xx_hal_rcc_ex.c.obj
                0x080059e8                HAL_RCCEx_GetPeriphCLKFreq
 .text.HAL_RTC_Init
                0x08005c68      0x104 CMakeFiles/app.elf.dir/Drivers/STM32F7xx_HAL_Driver/Src/stm32f7xx_hal_rtc.c.obj
                0x08005c68                HAL_RTC_Init
 .text.HAL_RTC_SetTime
                0x08005d6c      0x134 CMakeFiles/app.elf.dir/Drivers/STM32F7xx_HAL_Driver/Src/stm32f7xx_hal_rtc.c.obj
                0x08005d6c                HAL_RTC_SetTime
 .text.HAL_RTC_SetDate
                0x08005ea0      0x108 CMakeFiles/app.elf.dir/Drivers/STM32F7xx_HAL_Driver/Src/stm32f7xx_hal_rtc.c.obj
                0x08005ea0                HAL_RTC_SetDate
 .text.HAL_RTC_SetAlarm
                0x08005fa8      0x254 CMakeFiles/app.elf.dir/Drivers/STM32F7xx_HAL_Driver/Src/stm32f7xx_hal_rtc.c.obj
                0x08005fa8                HAL_RTC_SetAlarm
 .text.HAL_RTC_WaitForSynchro
                0x080061fc       0x4c CMakeFiles/app.elf.dir/Drivers/STM32F7xx_HAL_Driver/Src/stm32f7xx_hal_rtc.c.obj
                0x080061fc                HAL_RTC_WaitForSynchro
 .text.RTC_EnterInitMode
                0x08006248       0x6e CMakeFiles/app.elf.dir/Drivers/STM32F7xx_HAL_Driver/Src/stm32f7xx_hal_rtc.c.obj
                0x08006248                RTC_EnterInitMode
 .text.RTC_ExitInitMode
                0x080062b6       0x4a CMakeFiles/app.elf.dir/Drivers/STM32F7xx_HAL_Driver/Src/stm32f7xx_hal_rtc.c.obj
                0x080062b6                RTC_ExitInitMode
 .text.RTC_ByteToBcd2
                0x08006300       0x3c CMakeFiles/app.elf.dir/Drivers/STM32F7xx_HAL_Driver/Src/stm32f7xx_hal_rtc.c.obj
                0x08006300                RTC_ByteToBcd2
 .text.HAL_RTCEx_SetTimeStamp
                0x0800633c       0xd0 CMakeFiles/app.elf.dir/Drivers/STM32F7xx_HAL_Driver/Src/stm32f7xx_hal_rtc_ex.c.obj
                0x0800633c                HAL_RTCEx_SetTimeStamp
 .text.HAL_SAI_Init
                0x0800640c      0x2fc CMakeFiles/app.elf.dir/Drivers/STM32F7xx_HAL_Driver/Src/stm32f7xx_hal_sai.c.obj
                0x0800640c                HAL_SAI_Init
 .text.SAI_Disable
                0x08006708       0x70 CMakeFiles/app.elf.dir/Drivers/STM32F7xx_HAL_Driver/Src/stm32f7xx_hal_sai.c.obj
 .text.HAL_SD_Init
                0x08006778       0x60 CMakeFiles/app.elf.dir/Drivers/STM32F7xx_HAL_Driver/Src/stm32f7xx_hal_sd.c.obj
                0x08006778                HAL_SD_Init
 .text.HAL_SD_InitCard
                0x080067d8      0x100 CMakeFiles/app.elf.dir/Drivers/STM32F7xx_HAL_Driver/Src/stm32f7xx_hal_sd.c.obj
                0x080067d8                HAL_SD_InitCard
 .text.HAL_SD_ReadBlocks_DMA
                0x080068d8      0x1c4 CMakeFiles/app.elf.dir/Drivers/STM32F7xx_HAL_Driver/Src/stm32f7xx_hal_sd.c.obj
                0x080068d8                HAL_SD_ReadBlocks_DMA
 .text.HAL_SD_WriteBlocks_DMA
                0x08006a9c      0x1cc CMakeFiles/app.elf.dir/Drivers/STM32F7xx_HAL_Driver/Src/stm32f7xx_hal_sd.c.obj
                0x08006a9c                HAL_SD_WriteBlocks_DMA
 .text.HAL_SD_ErrorCallback
                0x08006c68       0x14 CMakeFiles/app.elf.dir/Drivers/STM32F7xx_HAL_Driver/Src/stm32f7xx_hal_sd.c.obj
                0x08006c68                HAL_SD_ErrorCallback
 .text.HAL_SD_GetCardCSD
                0x08006c7c      0x348 CMakeFiles/app.elf.dir/Drivers/STM32F7xx_HAL_Driver/Src/stm32f7xx_hal_sd.c.obj
                0x08006c7c                HAL_SD_GetCardCSD
 .text.HAL_SD_GetCardInfo
                0x08006fc4       0x58 CMakeFiles/app.elf.dir/Drivers/STM32F7xx_HAL_Driver/Src/stm32f7xx_hal_sd.c.obj
                0x08006fc4                HAL_SD_GetCardInfo
 .text.HAL_SD_ConfigWideBusOperation
                0x0800701c      0x134 CMakeFiles/app.elf.dir/Drivers/STM32F7xx_HAL_Driver/Src/stm32f7xx_hal_sd.c.obj
                0x0800701c                HAL_SD_ConfigWideBusOperation
 .text.HAL_SD_GetCardState
                0x08007150       0x40 CMakeFiles/app.elf.dir/Drivers/STM32F7xx_HAL_Driver/Src/stm32f7xx_hal_sd.c.obj
                0x08007150                HAL_SD_GetCardState
 .text.SD_DMATransmitCplt
                0x08007190       0x2a CMakeFiles/app.elf.dir/Drivers/STM32F7xx_HAL_Driver/Src/stm32f7xx_hal_sd.c.obj
 .text.SD_DMAReceiveCplt
                0x080071ba       0x70 CMakeFiles/app.elf.dir/Drivers/STM32F7xx_HAL_Driver/Src/stm32f7xx_hal_sd.c.obj
 *fill*         0x0800722a        0x2 
 .text.SD_DMAError
                0x0800722c       0xa4 CMakeFiles/app.elf.dir/Drivers/STM32F7xx_HAL_Driver/Src/stm32f7xx_hal_sd.c.obj
 .text.SD_InitCard
                0x080072d0      0x19c CMakeFiles/app.elf.dir/Drivers/STM32F7xx_HAL_Driver/Src/stm32f7xx_hal_sd.c.obj
 .text.SD_PowerON
                0x0800746c      0x11c CMakeFiles/app.elf.dir/Drivers/STM32F7xx_HAL_Driver/Src/stm32f7xx_hal_sd.c.obj
 .text.SD_SendStatus
                0x08007588       0x50 CMakeFiles/app.elf.dir/Drivers/STM32F7xx_HAL_Driver/Src/stm32f7xx_hal_sd.c.obj
 .text.SD_WideBus_Enable
                0x080075d8       0x96 CMakeFiles/app.elf.dir/Drivers/STM32F7xx_HAL_Driver/Src/stm32f7xx_hal_sd.c.obj
 .text.SD_WideBus_Disable
                0x0800766e       0x96 CMakeFiles/app.elf.dir/Drivers/STM32F7xx_HAL_Driver/Src/stm32f7xx_hal_sd.c.obj
 .text.SD_FindSCR
                0x08007704      0x1a6 CMakeFiles/app.elf.dir/Drivers/STM32F7xx_HAL_Driver/Src/stm32f7xx_hal_sd.c.obj
 .text.HAL_SDRAM_Init
                0x080078aa       0x68 CMakeFiles/app.elf.dir/Drivers/STM32F7xx_HAL_Driver/Src/stm32f7xx_hal_sdram.c.obj
                0x080078aa                HAL_SDRAM_Init
 *fill*         0x08007912        0x2 
 .text.HAL_SPDIFRX_Init
                0x08007914       0xb8 CMakeFiles/app.elf.dir/Drivers/STM32F7xx_HAL_Driver/Src/stm32f7xx_hal_spdifrx.c.obj
                0x08007914                HAL_SPDIFRX_Init
 .text.HAL_SPI_Init
                0x080079cc      0x156 CMakeFiles/app.elf.dir/Drivers/STM32F7xx_HAL_Driver/Src/stm32f7xx_hal_spi.c.obj
                0x080079cc                HAL_SPI_Init
 .text.HAL_TIM_Base_Init
                0x08007b22       0xae CMakeFiles/app.elf.dir/Drivers/STM32F7xx_HAL_Driver/Src/stm32f7xx_hal_tim.c.obj
                0x08007b22                HAL_TIM_Base_Init
 .text.HAL_TIM_Base_Start_IT
                0x08007bd0       0xf0 CMakeFiles/app.elf.dir/Drivers/STM32F7xx_HAL_Driver/Src/stm32f7xx_hal_tim.c.obj
                0x08007bd0                HAL_TIM_Base_Start_IT
 .text.HAL_TIM_PWM_Init
                0x08007cc0       0xae CMakeFiles/app.elf.dir/Drivers/STM32F7xx_HAL_Driver/Src/stm32f7xx_hal_tim.c.obj
                0x08007cc0                HAL_TIM_PWM_Init
 .text.HAL_TIM_IRQHandler
                0x08007d6e      0x20e CMakeFiles/app.elf.dir/Drivers/STM32F7xx_HAL_Driver/Src/stm32f7xx_hal_tim.c.obj
                0x08007d6e                HAL_TIM_IRQHandler
 .text.HAL_TIM_PWM_ConfigChannel
                0x08007f7c      0x228 CMakeFiles/app.elf.dir/Drivers/STM32F7xx_HAL_Driver/Src/stm32f7xx_hal_tim.c.obj
                0x08007f7c                HAL_TIM_PWM_ConfigChannel
 .text.HAL_TIM_ConfigClockSource
                0x080081a4      0x194 CMakeFiles/app.elf.dir/Drivers/STM32F7xx_HAL_Driver/Src/stm32f7xx_hal_tim.c.obj
                0x080081a4                HAL_TIM_ConfigClockSource
 .text.HAL_TIM_OC_DelayElapsedCallback
                0x08008338       0x14 CMakeFiles/app.elf.dir/Drivers/STM32F7xx_HAL_Driver/Src/stm32f7xx_hal_tim.c.obj
                0x08008338                HAL_TIM_OC_DelayElapsedCallback
 .text.HAL_TIM_IC_CaptureCallback
                0x0800834c       0x14 CMakeFiles/app.elf.dir/Drivers/STM32F7xx_HAL_Driver/Src/stm32f7xx_hal_tim.c.obj
                0x0800834c                HAL_TIM_IC_CaptureCallback
 .text.HAL_TIM_PWM_PulseFinishedCallback
                0x08008360       0x14 CMakeFiles/app.elf.dir/Drivers/STM32F7xx_HAL_Driver/Src/stm32f7xx_hal_tim.c.obj
                0x08008360                HAL_TIM_PWM_PulseFinishedCallback
 .text.HAL_TIM_TriggerCallback
                0x08008374       0x14 CMakeFiles/app.elf.dir/Drivers/STM32F7xx_HAL_Driver/Src/stm32f7xx_hal_tim.c.obj
                0x08008374                HAL_TIM_TriggerCallback
 .text.TIM_Base_SetConfig
                0x08008388      0x14c CMakeFiles/app.elf.dir/Drivers/STM32F7xx_HAL_Driver/Src/stm32f7xx_hal_tim.c.obj
                0x08008388                TIM_Base_SetConfig
 .text.TIM_OC1_SetConfig
                0x080084d4       0xe4 CMakeFiles/app.elf.dir/Drivers/STM32F7xx_HAL_Driver/Src/stm32f7xx_hal_tim.c.obj
 .text.TIM_OC2_SetConfig
                0x080085b8       0xf0 CMakeFiles/app.elf.dir/Drivers/STM32F7xx_HAL_Driver/Src/stm32f7xx_hal_tim.c.obj
                0x080085b8                TIM_OC2_SetConfig
 .text.TIM_OC3_SetConfig
                0x080086a8       0xec CMakeFiles/app.elf.dir/Drivers/STM32F7xx_HAL_Driver/Src/stm32f7xx_hal_tim.c.obj
 .text.TIM_OC4_SetConfig
                0x08008794       0xb0 CMakeFiles/app.elf.dir/Drivers/STM32F7xx_HAL_Driver/Src/stm32f7xx_hal_tim.c.obj
 .text.TIM_OC5_SetConfig
                0x08008844       0xa4 CMakeFiles/app.elf.dir/Drivers/STM32F7xx_HAL_Driver/Src/stm32f7xx_hal_tim.c.obj
 .text.TIM_OC6_SetConfig
                0x080088e8       0xa8 CMakeFiles/app.elf.dir/Drivers/STM32F7xx_HAL_Driver/Src/stm32f7xx_hal_tim.c.obj
 .text.TIM_TI1_ConfigInputStage
                0x08008990       0x5e CMakeFiles/app.elf.dir/Drivers/STM32F7xx_HAL_Driver/Src/stm32f7xx_hal_tim.c.obj
 .text.TIM_TI2_ConfigInputStage
                0x080089ee       0x60 CMakeFiles/app.elf.dir/Drivers/STM32F7xx_HAL_Driver/Src/stm32f7xx_hal_tim.c.obj
 .text.TIM_ITRx_SetConfig
                0x08008a4e       0x36 CMakeFiles/app.elf.dir/Drivers/STM32F7xx_HAL_Driver/Src/stm32f7xx_hal_tim.c.obj
 .text.TIM_ETR_SetConfig
                0x08008a84       0x40 CMakeFiles/app.elf.dir/Drivers/STM32F7xx_HAL_Driver/Src/stm32f7xx_hal_tim.c.obj
                0x08008a84                TIM_ETR_SetConfig
 .text.HAL_TIMEx_MasterConfigSynchronization
                0x08008ac4      0x11c CMakeFiles/app.elf.dir/Drivers/STM32F7xx_HAL_Driver/Src/stm32f7xx_hal_tim_ex.c.obj
                0x08008ac4                HAL_TIMEx_MasterConfigSynchronization
 .text.HAL_TIMEx_ConfigBreakDeadTime
                0x08008be0       0xfc CMakeFiles/app.elf.dir/Drivers/STM32F7xx_HAL_Driver/Src/stm32f7xx_hal_tim_ex.c.obj
                0x08008be0                HAL_TIMEx_ConfigBreakDeadTime
 .text.HAL_TIMEx_CommutCallback
                0x08008cdc       0x14 CMakeFiles/app.elf.dir/Drivers/STM32F7xx_HAL_Driver/Src/stm32f7xx_hal_tim_ex.c.obj
                0x08008cdc                HAL_TIMEx_CommutCallback
 .text.HAL_TIMEx_BreakCallback
                0x08008cf0       0x14 CMakeFiles/app.elf.dir/Drivers/STM32F7xx_HAL_Driver/Src/stm32f7xx_hal_tim_ex.c.obj
                0x08008cf0                HAL_TIMEx_BreakCallback
 .text.HAL_TIMEx_Break2Callback
                0x08008d04       0x14 CMakeFiles/app.elf.dir/Drivers/STM32F7xx_HAL_Driver/Src/stm32f7xx_hal_tim_ex.c.obj
                0x08008d04                HAL_TIMEx_Break2Callback
 .text.HAL_UART_Init
                0x08008d18       0x9c CMakeFiles/app.elf.dir/Drivers/STM32F7xx_HAL_Driver/Src/stm32f7xx_hal_uart.c.obj
                0x08008d18                HAL_UART_Init
 .text.UART_SetConfig
                0x08008db4      0x4c8 CMakeFiles/app.elf.dir/Drivers/STM32F7xx_HAL_Driver/Src/stm32f7xx_hal_uart.c.obj
                0x08008db4                UART_SetConfig
 .text.UART_AdvFeatureConfig
                0x0800927c      0x144 CMakeFiles/app.elf.dir/Drivers/STM32F7xx_HAL_Driver/Src/stm32f7xx_hal_uart.c.obj
                0x0800927c                UART_AdvFeatureConfig
 .text.UART_CheckIdleState
                0x080093c0       0xae CMakeFiles/app.elf.dir/Drivers/STM32F7xx_HAL_Driver/Src/stm32f7xx_hal_uart.c.obj
                0x080093c0                UART_CheckIdleState
 .text.UART_WaitOnFlagUntilTimeout
                0x0800946e       0xda CMakeFiles/app.elf.dir/Drivers/STM32F7xx_HAL_Driver/Src/stm32f7xx_hal_uart.c.obj
                0x0800946e                UART_WaitOnFlagUntilTimeout
 .text.UART_EndRxTransfer
                0x08009548       0xc8 CMakeFiles/app.elf.dir/Drivers/STM32F7xx_HAL_Driver/Src/stm32f7xx_hal_uart.c.obj
 .text.FMC_SDRAM_Init
                0x08009610       0xb8 CMakeFiles/app.elf.dir/Drivers/STM32F7xx_HAL_Driver/Src/stm32f7xx_ll_fmc.c.obj
                0x08009610                FMC_SDRAM_Init
 .text.FMC_SDRAM_Timing_Init
                0x080096c8       0xd4 CMakeFiles/app.elf.dir/Drivers/STM32F7xx_HAL_Driver/Src/stm32f7xx_ll_fmc.c.obj
                0x080096c8                FMC_SDRAM_Timing_Init
 .text.SDMMC_Init
                0x0800979c       0x58 CMakeFiles/app.elf.dir/Drivers/STM32F7xx_HAL_Driver/Src/stm32f7xx_ll_sdmmc.c.obj
                0x0800979c                SDMMC_Init
 .text.SDMMC_ReadFIFO
                0x080097f4       0x1a CMakeFiles/app.elf.dir/Drivers/STM32F7xx_HAL_Driver/Src/stm32f7xx_ll_sdmmc.c.obj
                0x080097f4                SDMMC_ReadFIFO
 .text.SDMMC_PowerState_ON
                0x0800980e       0x1c CMakeFiles/app.elf.dir/Drivers/STM32F7xx_HAL_Driver/Src/stm32f7xx_ll_sdmmc.c.obj
                0x0800980e                SDMMC_PowerState_ON
 .text.SDMMC_GetPowerState
                0x0800982a       0x1c CMakeFiles/app.elf.dir/Drivers/STM32F7xx_HAL_Driver/Src/stm32f7xx_ll_sdmmc.c.obj
                0x0800982a                SDMMC_GetPowerState
 *fill*         0x08009846        0x2 
 .text.SDMMC_SendCommand
                0x08009848       0x54 CMakeFiles/app.elf.dir/Drivers/STM32F7xx_HAL_Driver/Src/stm32f7xx_ll_sdmmc.c.obj
                0x08009848                SDMMC_SendCommand
 .text.SDMMC_GetCommandResponse
                0x0800989c       0x1a CMakeFiles/app.elf.dir/Drivers/STM32F7xx_HAL_Driver/Src/stm32f7xx_ll_sdmmc.c.obj
                0x0800989c                SDMMC_GetCommandResponse
 .text.SDMMC_GetResponse
                0x080098b6       0x26 CMakeFiles/app.elf.dir/Drivers/STM32F7xx_HAL_Driver/Src/stm32f7xx_ll_sdmmc.c.obj
                0x080098b6                SDMMC_GetResponse
 .text.SDMMC_ConfigData
                0x080098dc       0x58 CMakeFiles/app.elf.dir/Drivers/STM32F7xx_HAL_Driver/Src/stm32f7xx_ll_sdmmc.c.obj
                0x080098dc                SDMMC_ConfigData
 .text.SDMMC_CmdBlockLength
                0x08009934       0x44 CMakeFiles/app.elf.dir/Drivers/STM32F7xx_HAL_Driver/Src/stm32f7xx_ll_sdmmc.c.obj
                0x08009934                SDMMC_CmdBlockLength
 .text.SDMMC_CmdReadSingleBlock
                0x08009978       0x44 CMakeFiles/app.elf.dir/Drivers/STM32F7xx_HAL_Driver/Src/stm32f7xx_ll_sdmmc.c.obj
                0x08009978                SDMMC_CmdReadSingleBlock
 .text.SDMMC_CmdReadMultiBlock
                0x080099bc       0x44 CMakeFiles/app.elf.dir/Drivers/STM32F7xx_HAL_Driver/Src/stm32f7xx_ll_sdmmc.c.obj
                0x080099bc                SDMMC_CmdReadMultiBlock
 .text.SDMMC_CmdWriteSingleBlock
                0x08009a00       0x44 CMakeFiles/app.elf.dir/Drivers/STM32F7xx_HAL_Driver/Src/stm32f7xx_ll_sdmmc.c.obj
                0x08009a00                SDMMC_CmdWriteSingleBlock
 .text.SDMMC_CmdWriteMultiBlock
                0x08009a44       0x44 CMakeFiles/app.elf.dir/Drivers/STM32F7xx_HAL_Driver/Src/stm32f7xx_ll_sdmmc.c.obj
                0x08009a44                SDMMC_CmdWriteMultiBlock
 .text.SDMMC_CmdStopTransfer
                0x08009a88       0x44 CMakeFiles/app.elf.dir/Drivers/STM32F7xx_HAL_Driver/Src/stm32f7xx_ll_sdmmc.c.obj
                0x08009a88                SDMMC_CmdStopTransfer
 .text.SDMMC_CmdSelDesel
                0x08009acc       0x46 CMakeFiles/app.elf.dir/Drivers/STM32F7xx_HAL_Driver/Src/stm32f7xx_ll_sdmmc.c.obj
                0x08009acc                SDMMC_CmdSelDesel
 .text.SDMMC_CmdGoIdleState
                0x08009b12       0x3c CMakeFiles/app.elf.dir/Drivers/STM32F7xx_HAL_Driver/Src/stm32f7xx_ll_sdmmc.c.obj
                0x08009b12                SDMMC_CmdGoIdleState
 .text.SDMMC_CmdOperCond
                0x08009b4e       0x3e CMakeFiles/app.elf.dir/Drivers/STM32F7xx_HAL_Driver/Src/stm32f7xx_ll_sdmmc.c.obj
                0x08009b4e                SDMMC_CmdOperCond
 .text.SDMMC_CmdAppCommand
                0x08009b8c       0x44 CMakeFiles/app.elf.dir/Drivers/STM32F7xx_HAL_Driver/Src/stm32f7xx_ll_sdmmc.c.obj
                0x08009b8c                SDMMC_CmdAppCommand
 .text.SDMMC_CmdAppOperCommand
                0x08009bd0       0x48 CMakeFiles/app.elf.dir/Drivers/STM32F7xx_HAL_Driver/Src/stm32f7xx_ll_sdmmc.c.obj
                0x08009bd0                SDMMC_CmdAppOperCommand
 .text.SDMMC_CmdBusWidth
                0x08009c18       0x44 CMakeFiles/app.elf.dir/Drivers/STM32F7xx_HAL_Driver/Src/stm32f7xx_ll_sdmmc.c.obj
                0x08009c18                SDMMC_CmdBusWidth
 .text.SDMMC_CmdSendSCR
                0x08009c5c       0x42 CMakeFiles/app.elf.dir/Drivers/STM32F7xx_HAL_Driver/Src/stm32f7xx_ll_sdmmc.c.obj
                0x08009c5c                SDMMC_CmdSendSCR
 .text.SDMMC_CmdSendCID
                0x08009c9e       0x3c CMakeFiles/app.elf.dir/Drivers/STM32F7xx_HAL_Driver/Src/stm32f7xx_ll_sdmmc.c.obj
                0x08009c9e                SDMMC_CmdSendCID
 .text.SDMMC_CmdSendCSD
                0x08009cda       0x3e CMakeFiles/app.elf.dir/Drivers/STM32F7xx_HAL_Driver/Src/stm32f7xx_ll_sdmmc.c.obj
                0x08009cda                SDMMC_CmdSendCSD
 .text.SDMMC_CmdSetRelAdd
                0x08009d18       0x42 CMakeFiles/app.elf.dir/Drivers/STM32F7xx_HAL_Driver/Src/stm32f7xx_ll_sdmmc.c.obj
                0x08009d18                SDMMC_CmdSetRelAdd
 .text.SDMMC_CmdSendStatus
                0x08009d5a       0x44 CMakeFiles/app.elf.dir/Drivers/STM32F7xx_HAL_Driver/Src/stm32f7xx_ll_sdmmc.c.obj
                0x08009d5a                SDMMC_CmdSendStatus
 *fill*         0x08009d9e        0x2 
 .text.SDMMC_GetCmdResp1
                0x08009da0      0x1dc CMakeFiles/app.elf.dir/Drivers/STM32F7xx_HAL_Driver/Src/stm32f7xx_ll_sdmmc.c.obj
                0x08009da0                SDMMC_GetCmdResp1
 .text.SDMMC_GetCmdResp2
                0x08009f7c       0x90 CMakeFiles/app.elf.dir/Drivers/STM32F7xx_HAL_Driver/Src/stm32f7xx_ll_sdmmc.c.obj
                0x08009f7c                SDMMC_GetCmdResp2
 .text.SDMMC_GetCmdResp3
                0x0800a00c       0x7c CMakeFiles/app.elf.dir/Drivers/STM32F7xx_HAL_Driver/Src/stm32f7xx_ll_sdmmc.c.obj
                0x0800a00c                SDMMC_GetCmdResp3
 .text.SDMMC_GetCmdResp6
                0x0800a088       0xec CMakeFiles/app.elf.dir/Drivers/STM32F7xx_HAL_Driver/Src/stm32f7xx_ll_sdmmc.c.obj
                0x0800a088                SDMMC_GetCmdResp6
 .text.SDMMC_GetCmdResp7
                0x0800a174       0x9c CMakeFiles/app.elf.dir/Drivers/STM32F7xx_HAL_Driver/Src/stm32f7xx_ll_sdmmc.c.obj
                0x0800a174                SDMMC_GetCmdResp7
 .text.SDMMC_GetCmdError
                0x0800a210       0x58 CMakeFiles/app.elf.dir/Drivers/STM32F7xx_HAL_Driver/Src/stm32f7xx_ll_sdmmc.c.obj
 .text.USB_CoreInit
                0x0800a268       0xb4 CMakeFiles/app.elf.dir/Drivers/STM32F7xx_HAL_Driver/Src/stm32f7xx_ll_usb.c.obj
                0x0800a268                USB_CoreInit
 .text.USB_EnableGlobalInt
                0x0800a31c       0x22 CMakeFiles/app.elf.dir/Drivers/STM32F7xx_HAL_Driver/Src/stm32f7xx_ll_usb.c.obj
                0x0800a31c                USB_EnableGlobalInt
 .text.USB_DisableGlobalInt
                0x0800a33e       0x22 CMakeFiles/app.elf.dir/Drivers/STM32F7xx_HAL_Driver/Src/stm32f7xx_ll_usb.c.obj
                0x0800a33e                USB_DisableGlobalInt
 .text.USB_SetCurrentMode
                0x0800a360       0x98 CMakeFiles/app.elf.dir/Drivers/STM32F7xx_HAL_Driver/Src/stm32f7xx_ll_usb.c.obj
                0x0800a360                USB_SetCurrentMode
 .text.USB_FlushTxFifo
                0x0800a3f8       0x64 CMakeFiles/app.elf.dir/Drivers/STM32F7xx_HAL_Driver/Src/stm32f7xx_ll_usb.c.obj
                0x0800a3f8                USB_FlushTxFifo
 .text.USB_FlushRxFifo
                0x0800a45c       0x5c CMakeFiles/app.elf.dir/Drivers/STM32F7xx_HAL_Driver/Src/stm32f7xx_ll_usb.c.obj
                0x0800a45c                USB_FlushRxFifo
 .text.USB_WritePacket
                0x0800a4b8       0x7c CMakeFiles/app.elf.dir/Drivers/STM32F7xx_HAL_Driver/Src/stm32f7xx_ll_usb.c.obj
                0x0800a4b8                USB_WritePacket
 .text.USB_ReadPacket
                0x0800a534       0xb0 CMakeFiles/app.elf.dir/Drivers/STM32F7xx_HAL_Driver/Src/stm32f7xx_ll_usb.c.obj
                0x0800a534                USB_ReadPacket
 .text.USB_ReadInterrupts
                0x0800a5e4       0x26 CMakeFiles/app.elf.dir/Drivers/STM32F7xx_HAL_Driver/Src/stm32f7xx_ll_usb.c.obj
                0x0800a5e4                USB_ReadInterrupts
 .text.USB_ReadChInterrupts
                0x0800a60a       0x42 CMakeFiles/app.elf.dir/Drivers/STM32F7xx_HAL_Driver/Src/stm32f7xx_ll_usb.c.obj
                0x0800a60a                USB_ReadChInterrupts
 .text.USB_GetMode
                0x0800a64c       0x1c CMakeFiles/app.elf.dir/Drivers/STM32F7xx_HAL_Driver/Src/stm32f7xx_ll_usb.c.obj
                0x0800a64c                USB_GetMode
 .text.USB_CoreReset
                0x0800a668       0x70 CMakeFiles/app.elf.dir/Drivers/STM32F7xx_HAL_Driver/Src/stm32f7xx_ll_usb.c.obj
 .text.USB_HostInit
                0x0800a6d8      0x170 CMakeFiles/app.elf.dir/Drivers/STM32F7xx_HAL_Driver/Src/stm32f7xx_ll_usb.c.obj
                0x0800a6d8                USB_HostInit
 .text.USB_InitFSLSPClkSel
                0x0800a848       0x7a CMakeFiles/app.elf.dir/Drivers/STM32F7xx_HAL_Driver/Src/stm32f7xx_ll_usb.c.obj
                0x0800a848                USB_InitFSLSPClkSel
 .text.USB_ResetPort
                0x0800a8c2       0x54 CMakeFiles/app.elf.dir/Drivers/STM32F7xx_HAL_Driver/Src/stm32f7xx_ll_usb.c.obj
                0x0800a8c2                USB_ResetPort
 .text.USB_DriveVbus
                0x0800a916       0x72 CMakeFiles/app.elf.dir/Drivers/STM32F7xx_HAL_Driver/Src/stm32f7xx_ll_usb.c.obj
                0x0800a916                USB_DriveVbus
 .text.USB_GetHostSpeed
                0x0800a988       0x2e CMakeFiles/app.elf.dir/Drivers/STM32F7xx_HAL_Driver/Src/stm32f7xx_ll_usb.c.obj
                0x0800a988                USB_GetHostSpeed
 .text.USB_GetCurrentFrame
                0x0800a9b6       0x22 CMakeFiles/app.elf.dir/Drivers/STM32F7xx_HAL_Driver/Src/stm32f7xx_ll_usb.c.obj
                0x0800a9b6                USB_GetCurrentFrame
 .text.USB_HC_Init
                0x0800a9d8      0x258 CMakeFiles/app.elf.dir/Drivers/STM32F7xx_HAL_Driver/Src/stm32f7xx_ll_usb.c.obj
                0x0800a9d8                USB_HC_Init
 .text.USB_HC_StartXfer
                0x0800ac30      0x4f4 CMakeFiles/app.elf.dir/Drivers/STM32F7xx_HAL_Driver/Src/stm32f7xx_ll_usb.c.obj
                0x0800ac30                USB_HC_StartXfer
 .text.USB_HC_ReadInterrupt
                0x0800b124       0x22 CMakeFiles/app.elf.dir/Drivers/STM32F7xx_HAL_Driver/Src/stm32f7xx_ll_usb.c.obj
                0x0800b124                USB_HC_ReadInterrupt
 .text.USB_HC_Halt
                0x0800b146      0x240 CMakeFiles/app.elf.dir/Drivers/STM32F7xx_HAL_Driver/Src/stm32f7xx_ll_usb.c.obj
                0x0800b146                USB_HC_Halt
 *fill*         0x0800b386        0x2 
 .text.USB_DoPing
                0x0800b388       0x78 CMakeFiles/app.elf.dir/Drivers/STM32F7xx_HAL_Driver/Src/stm32f7xx_ll_usb.c.obj
                0x0800b388                USB_DoPing
 .text.USB_StopHost
                0x0800b400      0x124 CMakeFiles/app.elf.dir/Drivers/STM32F7xx_HAL_Driver/Src/stm32f7xx_ll_usb.c.obj
                0x0800b400                USB_StopHost
 .text.SystemInit
                0x0800b524       0x24 CMakeFiles/app.elf.dir/mcu/system/system_stm32f7xx.c.obj
                0x0800b524                SystemInit
 .text.vApplicationIdleHook
                0x0800b548        0xe CMakeFiles/app.elf.dir/mcu/src/freertos.c.obj
                0x0800b548                vApplicationIdleHook
 .text.vApplicationStackOverflowHook
                0x0800b556       0x16 CMakeFiles/app.elf.dir/mcu/src/freertos.c.obj
                0x0800b556                vApplicationStackOverflowHook
 .text.vApplicationMallocFailedHook
                0x0800b56c        0xe CMakeFiles/app.elf.dir/mcu/src/freertos.c.obj
                0x0800b56c                vApplicationMallocFailedHook
 *fill*         0x0800b57a        0x2 
 .text.vApplicationGetIdleTaskMemory
                0x0800b57c       0x34 CMakeFiles/app.elf.dir/mcu/src/freertos.c.obj
                0x0800b57c                vApplicationGetIdleTaskMemory
 .text.MX_FREERTOS_Init
                0x0800b5b0       0x38 CMakeFiles/app.elf.dir/mcu/src/freertos.c.obj
                0x0800b5b0                MX_FREERTOS_Init
 .text.StartDefaultTask
                0x0800b5e8       0x14 CMakeFiles/app.elf.dir/mcu/src/freertos.c.obj
                0x0800b5e8                StartDefaultTask
 .text.NMI_Handler
                0x0800b5fc        0x8 CMakeFiles/app.elf.dir/mcu/src/stm32f7xx_it.c.obj
                0x0800b5fc                NMI_Handler
 .text.HardFault_Handler
                0x0800b604        0x8 CMakeFiles/app.elf.dir/mcu/src/stm32f7xx_it.c.obj
                0x0800b604                HardFault_Handler
 .text.MemManage_Handler
                0x0800b60c        0x8 CMakeFiles/app.elf.dir/mcu/src/stm32f7xx_it.c.obj
                0x0800b60c                MemManage_Handler
 .text.BusFault_Handler
                0x0800b614        0x8 CMakeFiles/app.elf.dir/mcu/src/stm32f7xx_it.c.obj
                0x0800b614                BusFault_Handler
 .text.UsageFault_Handler
                0x0800b61c        0x8 CMakeFiles/app.elf.dir/mcu/src/stm32f7xx_it.c.obj
                0x0800b61c                UsageFault_Handler
 .text.DebugMon_Handler
                0x0800b624        0xe CMakeFiles/app.elf.dir/mcu/src/stm32f7xx_it.c.obj
                0x0800b624                DebugMon_Handler
 *fill*         0x0800b632        0x2 
 .text.TIM6_DAC_IRQHandler
                0x0800b634       0x14 CMakeFiles/app.elf.dir/mcu/src/stm32f7xx_it.c.obj
                0x0800b634                TIM6_DAC_IRQHandler
 .text.OTG_FS_IRQHandler
                0x0800b648       0x14 CMakeFiles/app.elf.dir/mcu/src/stm32f7xx_it.c.obj
                0x0800b648                OTG_FS_IRQHandler
 .text.LTDC_IRQHandler
                0x0800b65c       0x14 CMakeFiles/app.elf.dir/mcu/src/stm32f7xx_it.c.obj
                0x0800b65c                LTDC_IRQHandler
 .text.DMA2D_IRQHandler
                0x0800b670       0x14 CMakeFiles/app.elf.dir/mcu/src/stm32f7xx_it.c.obj
                0x0800b670                DMA2D_IRQHandler
 .text.main     0x0800b684       0x80 CMakeFiles/app.elf.dir/mcu/src/main.c.obj
                0x0800b684                main
 .text.SystemClock_Config
                0x0800b704       0xd4 CMakeFiles/app.elf.dir/mcu/src/main.c.obj
                0x0800b704                SystemClock_Config
 .text.PeriphCommonClock_Config
                0x0800b7d8       0x50 CMakeFiles/app.elf.dir/mcu/src/main.c.obj
                0x0800b7d8                PeriphCommonClock_Config
 .text.HAL_TIM_PeriodElapsedCallback
                0x0800b828       0x24 CMakeFiles/app.elf.dir/mcu/src/main.c.obj
                0x0800b828                HAL_TIM_PeriodElapsedCallback
 .text.Error_Handler
                0x0800b84c        0xc CMakeFiles/app.elf.dir/mcu/src/main.c.obj
                0x0800b84c                Error_Handler
 .text.MX_ADC3_Init
                0x0800b858       0xa4 CMakeFiles/app.elf.dir/D_/dev/stm32/CubeMX_files/test1/Core/Src/adc.c.obj
                0x0800b858                MX_ADC3_Init
 .text.HAL_ADC_MspInit
                0x0800b8fc       0xb4 CMakeFiles/app.elf.dir/D_/dev/stm32/CubeMX_files/test1/Core/Src/adc.c.obj
                0x0800b8fc                HAL_ADC_MspInit
 .text.MX_CRC_Init
                0x0800b9b0       0x44 CMakeFiles/app.elf.dir/D_/dev/stm32/CubeMX_files/test1/Core/Src/crc.c.obj
                0x0800b9b0                MX_CRC_Init
 .text.HAL_CRC_MspInit
                0x0800b9f4       0x40 CMakeFiles/app.elf.dir/D_/dev/stm32/CubeMX_files/test1/Core/Src/crc.c.obj
                0x0800b9f4                HAL_CRC_MspInit
 .text.MX_DCMI_Init
                0x0800ba34       0x68 CMakeFiles/app.elf.dir/D_/dev/stm32/CubeMX_files/test1/Core/Src/dcmi.c.obj
                0x0800ba34                MX_DCMI_Init
 .text.HAL_DCMI_MspInit
                0x0800ba9c      0x17c CMakeFiles/app.elf.dir/D_/dev/stm32/CubeMX_files/test1/Core/Src/dcmi.c.obj
                0x0800ba9c                HAL_DCMI_MspInit
 .text.MX_DMA2D_Init
                0x0800bc18       0x64 CMakeFiles/app.elf.dir/D_/dev/stm32/CubeMX_files/test1/Core/Src/dma2d.c.obj
                0x0800bc18                MX_DMA2D_Init
 .text.HAL_DMA2D_MspInit
                0x0800bc7c       0x4c CMakeFiles/app.elf.dir/D_/dev/stm32/CubeMX_files/test1/Core/Src/dma2d.c.obj
                0x0800bc7c                HAL_DMA2D_MspInit
 .text.MX_ETH_Init
                0x0800bcc8       0x9c CMakeFiles/app.elf.dir/D_/dev/stm32/CubeMX_files/test1/Core/Src/eth.c.obj
                0x0800bcc8                MX_ETH_Init
 .text.HAL_ETH_MspInit
                0x0800bd64      0x130 CMakeFiles/app.elf.dir/D_/dev/stm32/CubeMX_files/test1/Core/Src/eth.c.obj
                0x0800bd64                HAL_ETH_MspInit
 .text.MX_FMC_Init
                0x0800be94       0xa0 CMakeFiles/app.elf.dir/D_/dev/stm32/CubeMX_files/test1/Core/Src/fmc.c.obj
                0x0800be94                MX_FMC_Init
 .text.HAL_FMC_MspInit
                0x0800bf34      0x120 CMakeFiles/app.elf.dir/D_/dev/stm32/CubeMX_files/test1/Core/Src/fmc.c.obj
 .text.HAL_SDRAM_MspInit
                0x0800c054       0x14 CMakeFiles/app.elf.dir/D_/dev/stm32/CubeMX_files/test1/Core/Src/fmc.c.obj
                0x0800c054                HAL_SDRAM_MspInit
 .text.MX_GPIO_Init
                0x0800c068      0x37c CMakeFiles/app.elf.dir/D_/dev/stm32/CubeMX_files/test1/Core/Src/gpio.c.obj
                0x0800c068                MX_GPIO_Init
 .text.MX_I2C1_Init
                0x0800c3e4       0x80 CMakeFiles/app.elf.dir/D_/dev/stm32/CubeMX_files/test1/Core/Src/i2c.c.obj
                0x0800c3e4                MX_I2C1_Init
 .text.MX_I2C3_Init
                0x0800c464       0x80 CMakeFiles/app.elf.dir/D_/dev/stm32/CubeMX_files/test1/Core/Src/i2c.c.obj
                0x0800c464                MX_I2C3_Init
 .text.HAL_I2C_MspInit
                0x0800c4e4      0x150 CMakeFiles/app.elf.dir/D_/dev/stm32/CubeMX_files/test1/Core/Src/i2c.c.obj
                0x0800c4e4                HAL_I2C_MspInit
 .text.MX_LTDC_Init
                0x0800c634      0x104 CMakeFiles/app.elf.dir/D_/dev/stm32/CubeMX_files/test1/Core/Src/ltdc.c.obj
                0x0800c634                MX_LTDC_Init
 .text.HAL_LTDC_MspInit
                0x0800c738      0x190 CMakeFiles/app.elf.dir/D_/dev/stm32/CubeMX_files/test1/Core/Src/ltdc.c.obj
                0x0800c738                HAL_LTDC_MspInit
 .text.MX_QUADSPI_Init
                0x0800c8c8       0x58 CMakeFiles/app.elf.dir/D_/dev/stm32/CubeMX_files/test1/Core/Src/quadspi.c.obj
                0x0800c8c8                MX_QUADSPI_Init
 .text.HAL_QSPI_MspInit
                0x0800c920      0x120 CMakeFiles/app.elf.dir/D_/dev/stm32/CubeMX_files/test1/Core/Src/quadspi.c.obj
                0x0800c920                HAL_QSPI_MspInit
 .text.MX_RTC_Init
                0x0800ca40      0x148 CMakeFiles/app.elf.dir/D_/dev/stm32/CubeMX_files/test1/Core/Src/rtc.c.obj
                0x0800ca40                MX_RTC_Init
 .text.HAL_RTC_MspInit
                0x0800cb88       0x5c CMakeFiles/app.elf.dir/D_/dev/stm32/CubeMX_files/test1/Core/Src/rtc.c.obj
                0x0800cb88                HAL_RTC_MspInit
 .text.MX_SAI2_Init
                0x0800cbe4      0x150 CMakeFiles/app.elf.dir/D_/dev/stm32/CubeMX_files/test1/Core/Src/sai.c.obj
                0x0800cbe4                MX_SAI2_Init
 .text.HAL_SAI_MspInit
                0x0800cd34       0xd4 CMakeFiles/app.elf.dir/D_/dev/stm32/CubeMX_files/test1/Core/Src/sai.c.obj
                0x0800cd34                HAL_SAI_MspInit
 .text.MX_SDMMC1_SD_Init
                0x0800ce08       0x40 CMakeFiles/app.elf.dir/D_/dev/stm32/CubeMX_files/test1/Core/Src/sdmmc.c.obj
                0x0800ce08                MX_SDMMC1_SD_Init
 .text.HAL_SD_MspInit
                0x0800ce48      0x10c CMakeFiles/app.elf.dir/D_/dev/stm32/CubeMX_files/test1/Core/Src/sdmmc.c.obj
                0x0800ce48                HAL_SD_MspInit
 .text.MX_SPDIFRX_Init
                0x0800cf54       0x60 CMakeFiles/app.elf.dir/D_/dev/stm32/CubeMX_files/test1/Core/Src/spdifrx.c.obj
                0x0800cf54                MX_SPDIFRX_Init
 .text.HAL_SPDIFRX_MspInit
                0x0800cfb4       0xc8 CMakeFiles/app.elf.dir/D_/dev/stm32/CubeMX_files/test1/Core/Src/spdifrx.c.obj
                0x0800cfb4                HAL_SPDIFRX_MspInit
 .text.MX_SPI2_Init
                0x0800d07c       0x7c CMakeFiles/app.elf.dir/D_/dev/stm32/CubeMX_files/test1/Core/Src/spi.c.obj
                0x0800d07c                MX_SPI2_Init
 .text.HAL_SPI_MspInit
                0x0800d0f8       0xc4 CMakeFiles/app.elf.dir/D_/dev/stm32/CubeMX_files/test1/Core/Src/spi.c.obj
                0x0800d0f8                HAL_SPI_MspInit
 .text.HAL_MspInit
                0x0800d1bc       0x50 CMakeFiles/app.elf.dir/D_/dev/stm32/CubeMX_files/test1/Core/Src/stm32f7xx_hal_msp.c.obj
                0x0800d1bc                HAL_MspInit
 .text.HAL_InitTick
                0x0800d20c       0xf4 CMakeFiles/app.elf.dir/D_/dev/stm32/CubeMX_files/test1/Core/Src/stm32f7xx_hal_timebase_tim.c.obj
                0x0800d20c                HAL_InitTick
 .text.MX_TIM1_Init
                0x0800d300      0x158 CMakeFiles/app.elf.dir/D_/dev/stm32/CubeMX_files/test1/Core/Src/tim.c.obj
                0x0800d300                MX_TIM1_Init
 .text.MX_TIM2_Init
                0x0800d458       0xec CMakeFiles/app.elf.dir/D_/dev/stm32/CubeMX_files/test1/Core/Src/tim.c.obj
                0x0800d458                MX_TIM2_Init
 .text.MX_TIM3_Init
                0x0800d544       0xf0 CMakeFiles/app.elf.dir/D_/dev/stm32/CubeMX_files/test1/Core/Src/tim.c.obj
                0x0800d544                MX_TIM3_Init
 .text.MX_TIM5_Init
                0x0800d634       0xf0 CMakeFiles/app.elf.dir/D_/dev/stm32/CubeMX_files/test1/Core/Src/tim.c.obj
                0x0800d634                MX_TIM5_Init
 .text.MX_TIM8_Init
                0x0800d724       0xa8 CMakeFiles/app.elf.dir/D_/dev/stm32/CubeMX_files/test1/Core/Src/tim.c.obj
                0x0800d724                MX_TIM8_Init
 .text.MX_TIM12_Init
                0x0800d7cc       0x8c CMakeFiles/app.elf.dir/D_/dev/stm32/CubeMX_files/test1/Core/Src/tim.c.obj
                0x0800d7cc                MX_TIM12_Init
 .text.HAL_TIM_Base_MspInit
                0x0800d858       0xdc CMakeFiles/app.elf.dir/D_/dev/stm32/CubeMX_files/test1/Core/Src/tim.c.obj
                0x0800d858                HAL_TIM_Base_MspInit
 .text.HAL_TIM_PWM_MspInit
                0x0800d934       0x40 CMakeFiles/app.elf.dir/D_/dev/stm32/CubeMX_files/test1/Core/Src/tim.c.obj
                0x0800d934                HAL_TIM_PWM_MspInit
 .text.HAL_TIM_MspPostInit
                0x0800d974      0x19c CMakeFiles/app.elf.dir/D_/dev/stm32/CubeMX_files/test1/Core/Src/tim.c.obj
                0x0800d974                HAL_TIM_MspPostInit
 .text.MX_USART1_UART_Init
                0x0800db10       0x60 CMakeFiles/app.elf.dir/D_/dev/stm32/CubeMX_files/test1/Core/Src/usart.c.obj
                0x0800db10                MX_USART1_UART_Init
 .text.MX_USART6_UART_Init
                0x0800db70       0x60 CMakeFiles/app.elf.dir/D_/dev/stm32/CubeMX_files/test1/Core/Src/usart.c.obj
                0x0800db70                MX_USART6_UART_Init
 .text.HAL_UART_MspInit
                0x0800dbd0      0x190 CMakeFiles/app.elf.dir/D_/dev/stm32/CubeMX_files/test1/Core/Src/usart.c.obj
                0x0800dbd0                HAL_UART_MspInit
 .text.vListInitialise
                0x0800dd60       0x40 CMakeFiles/app.elf.dir/Middlewares/Third_Party/FreeRTOS/Source/list.c.obj
                0x0800dd60                vListInitialise
 .text.vListInitialiseItem
                0x0800dda0       0x1a CMakeFiles/app.elf.dir/Middlewares/Third_Party/FreeRTOS/Source/list.c.obj
                0x0800dda0                vListInitialiseItem
 .text.vListInsertEnd
                0x0800ddba       0x48 CMakeFiles/app.elf.dir/Middlewares/Third_Party/FreeRTOS/Source/list.c.obj
                0x0800ddba                vListInsertEnd
 .text.vListInsert
                0x0800de02       0x72 CMakeFiles/app.elf.dir/Middlewares/Third_Party/FreeRTOS/Source/list.c.obj
                0x0800de02                vListInsert
 .text.uxListRemove
                0x0800de74       0x54 CMakeFiles/app.elf.dir/Middlewares/Third_Party/FreeRTOS/Source/list.c.obj
                0x0800de74                uxListRemove
 .text.xQueueGenericReset
                0x0800dec8       0xd8 CMakeFiles/app.elf.dir/Middlewares/Third_Party/FreeRTOS/Source/queue.c.obj
                0x0800dec8                xQueueGenericReset
 .text.xQueueGenericCreateStatic
                0x0800dfa0      0x10e CMakeFiles/app.elf.dir/Middlewares/Third_Party/FreeRTOS/Source/queue.c.obj
                0x0800dfa0                xQueueGenericCreateStatic
 .text.xQueueGenericCreate
                0x0800e0ae       0x86 CMakeFiles/app.elf.dir/Middlewares/Third_Party/FreeRTOS/Source/queue.c.obj
                0x0800e0ae                xQueueGenericCreate
 .text.prvInitialiseNewQueue
                0x0800e134       0x3e CMakeFiles/app.elf.dir/Middlewares/Third_Party/FreeRTOS/Source/queue.c.obj
 *fill*         0x0800e172        0x2 
 .text.xQueueGenericSend
                0x0800e174      0x214 CMakeFiles/app.elf.dir/Middlewares/Third_Party/FreeRTOS/Source/queue.c.obj
                0x0800e174                xQueueGenericSend
 .text.xQueueGenericSendFromISR
                0x0800e388      0x146 CMakeFiles/app.elf.dir/Middlewares/Third_Party/FreeRTOS/Source/queue.c.obj
                0x0800e388                xQueueGenericSendFromISR
 *fill*         0x0800e4ce        0x2 
 .text.xQueueReceive
                0x0800e4d0      0x1d0 CMakeFiles/app.elf.dir/Middlewares/Third_Party/FreeRTOS/Source/queue.c.obj
                0x0800e4d0                xQueueReceive
 .text.xQueueReceiveFromISR
                0x0800e6a0      0x110 CMakeFiles/app.elf.dir/Middlewares/Third_Party/FreeRTOS/Source/queue.c.obj
                0x0800e6a0                xQueueReceiveFromISR
 .text.uxQueueMessagesWaiting
                0x0800e7b0       0x42 CMakeFiles/app.elf.dir/Middlewares/Third_Party/FreeRTOS/Source/queue.c.obj
                0x0800e7b0                uxQueueMessagesWaiting
 .text.uxQueueMessagesWaitingFromISR
                0x0800e7f2       0x42 CMakeFiles/app.elf.dir/Middlewares/Third_Party/FreeRTOS/Source/queue.c.obj
                0x0800e7f2                uxQueueMessagesWaitingFromISR
 .text.prvCopyDataToQueue
                0x0800e834       0xd4 CMakeFiles/app.elf.dir/Middlewares/Third_Party/FreeRTOS/Source/queue.c.obj
 .text.prvCopyDataFromQueue
                0x0800e908       0x4c CMakeFiles/app.elf.dir/Middlewares/Third_Party/FreeRTOS/Source/queue.c.obj
 .text.prvUnlockQueue
                0x0800e954       0xa4 CMakeFiles/app.elf.dir/Middlewares/Third_Party/FreeRTOS/Source/queue.c.obj
 .text.prvIsQueueEmpty
                0x0800e9f8       0x2c CMakeFiles/app.elf.dir/Middlewares/Third_Party/FreeRTOS/Source/queue.c.obj
 .text.prvIsQueueFull
                0x0800ea24       0x30 CMakeFiles/app.elf.dir/Middlewares/Third_Party/FreeRTOS/Source/queue.c.obj
 .text.xTaskCreateStatic
                0x0800ea54       0xcc CMakeFiles/app.elf.dir/Middlewares/Third_Party/FreeRTOS/Source/tasks.c.obj
                0x0800ea54                xTaskCreateStatic
 .text.xTaskCreate
                0x0800eb20       0x8a CMakeFiles/app.elf.dir/Middlewares/Third_Party/FreeRTOS/Source/tasks.c.obj
                0x0800eb20                xTaskCreate
 .text.prvInitialiseNewTask
                0x0800ebaa      0x12a CMakeFiles/app.elf.dir/Middlewares/Third_Party/FreeRTOS/Source/tasks.c.obj
 .text.prvAddNewTaskToReadyList
                0x0800ecd4       0xd4 CMakeFiles/app.elf.dir/Middlewares/Third_Party/FreeRTOS/Source/tasks.c.obj
 .text.vTaskDelay
                0x0800eda8       0x70 CMakeFiles/app.elf.dir/Middlewares/Third_Party/FreeRTOS/Source/tasks.c.obj
                0x0800eda8                vTaskDelay
 .text.vTaskStartScheduler
                0x0800ee18       0xcc CMakeFiles/app.elf.dir/Middlewares/Third_Party/FreeRTOS/Source/tasks.c.obj
                0x0800ee18                vTaskStartScheduler
 .text.vTaskSuspendAll
                0x0800eee4       0x1c CMakeFiles/app.elf.dir/Middlewares/Third_Party/FreeRTOS/Source/tasks.c.obj
                0x0800eee4                vTaskSuspendAll
 .text.xTaskResumeAll
                0x0800ef00      0x140 CMakeFiles/app.elf.dir/Middlewares/Third_Party/FreeRTOS/Source/tasks.c.obj
                0x0800ef00                xTaskResumeAll
 .text.xTaskGetTickCount
                0x0800f040       0x20 CMakeFiles/app.elf.dir/Middlewares/Third_Party/FreeRTOS/Source/tasks.c.obj
                0x0800f040                xTaskGetTickCount
 .text.xTaskGetTickCountFromISR
                0x0800f060       0x24 CMakeFiles/app.elf.dir/Middlewares/Third_Party/FreeRTOS/Source/tasks.c.obj
                0x0800f060                xTaskGetTickCountFromISR
 .text.xTaskIncrementTick
                0x0800f084      0x178 CMakeFiles/app.elf.dir/Middlewares/Third_Party/FreeRTOS/Source/tasks.c.obj
                0x0800f084                xTaskIncrementTick
 .text.vTaskSwitchContext
                0x0800f1fc      0x108 CMakeFiles/app.elf.dir/Middlewares/Third_Party/FreeRTOS/Source/tasks.c.obj
                0x0800f1fc                vTaskSwitchContext
 .text.vTaskPlaceOnEventList
                0x0800f304       0x50 CMakeFiles/app.elf.dir/Middlewares/Third_Party/FreeRTOS/Source/tasks.c.obj
                0x0800f304                vTaskPlaceOnEventList
 .text.xTaskRemoveFromEventList
                0x0800f354       0xcc CMakeFiles/app.elf.dir/Middlewares/Third_Party/FreeRTOS/Source/tasks.c.obj
                0x0800f354                xTaskRemoveFromEventList
 .text.vTaskInternalSetTimeOutState
                0x0800f420       0x2c CMakeFiles/app.elf.dir/Middlewares/Third_Party/FreeRTOS/Source/tasks.c.obj
                0x0800f420                vTaskInternalSetTimeOutState
 .text.xTaskCheckForTimeOut
                0x0800f44c       0xd0 CMakeFiles/app.elf.dir/Middlewares/Third_Party/FreeRTOS/Source/tasks.c.obj
                0x0800f44c                xTaskCheckForTimeOut
 .text.vTaskMissedYield
                0x0800f51c       0x18 CMakeFiles/app.elf.dir/Middlewares/Third_Party/FreeRTOS/Source/tasks.c.obj
                0x0800f51c                vTaskMissedYield
 .text.prvIdleTask
                0x0800f534       0x34 CMakeFiles/app.elf.dir/Middlewares/Third_Party/FreeRTOS/Source/tasks.c.obj
 .text.prvInitialiseTaskLists
                0x0800f568       0x80 CMakeFiles/app.elf.dir/Middlewares/Third_Party/FreeRTOS/Source/tasks.c.obj
 .text.prvCheckTasksWaitingTermination
                0x0800f5e8       0x5c CMakeFiles/app.elf.dir/Middlewares/Third_Party/FreeRTOS/Source/tasks.c.obj
 .text.prvDeleteTCB
                0x0800f644       0x64 CMakeFiles/app.elf.dir/Middlewares/Third_Party/FreeRTOS/Source/tasks.c.obj
 .text.prvResetNextTaskUnblockTime
                0x0800f6a8       0x40 CMakeFiles/app.elf.dir/Middlewares/Third_Party/FreeRTOS/Source/tasks.c.obj
 .text.xTaskGetSchedulerState
                0x0800f6e8       0x3c CMakeFiles/app.elf.dir/Middlewares/Third_Party/FreeRTOS/Source/tasks.c.obj
                0x0800f6e8                xTaskGetSchedulerState
 .text.xTaskPriorityDisinherit
                0x0800f724      0x118 CMakeFiles/app.elf.dir/Middlewares/Third_Party/FreeRTOS/Source/tasks.c.obj
                0x0800f724                xTaskPriorityDisinherit
 .text.prvAddCurrentTaskToDelayedList
                0x0800f83c       0xcc CMakeFiles/app.elf.dir/Middlewares/Third_Party/FreeRTOS/Source/tasks.c.obj
 .text.makeFreeRtosPriority
                0x0800f908       0x30 CMakeFiles/app.elf.dir/Middlewares/Third_Party/FreeRTOS/Source/CMSIS_RTOS/cmsis_os.c.obj
 .text.inHandlerMode
                0x0800f938       0x24 CMakeFiles/app.elf.dir/Middlewares/Third_Party/FreeRTOS/Source/CMSIS_RTOS/cmsis_os.c.obj
 .text.osKernelStart
                0x0800f95c        0xe CMakeFiles/app.elf.dir/Middlewares/Third_Party/FreeRTOS/Source/CMSIS_RTOS/cmsis_os.c.obj
                0x0800f95c                osKernelStart
 .text.osKernelRunning
                0x0800f96a       0x18 CMakeFiles/app.elf.dir/Middlewares/Third_Party/FreeRTOS/Source/CMSIS_RTOS/cmsis_os.c.obj
                0x0800f96a                osKernelRunning
 .text.osKernelSysTick
                0x0800f982       0x20 CMakeFiles/app.elf.dir/Middlewares/Third_Party/FreeRTOS/Source/CMSIS_RTOS/cmsis_os.c.obj
                0x0800f982                osKernelSysTick
 .text.osThreadCreate
                0x0800f9a2       0x98 CMakeFiles/app.elf.dir/Middlewares/Third_Party/FreeRTOS/Source/CMSIS_RTOS/cmsis_os.c.obj
                0x0800f9a2                osThreadCreate
 .text.osDelay  0x0800fa3a       0x28 CMakeFiles/app.elf.dir/Middlewares/Third_Party/FreeRTOS/Source/CMSIS_RTOS/cmsis_os.c.obj
                0x0800fa3a                osDelay
 .text.osMessageCreate
                0x0800fa62       0x50 CMakeFiles/app.elf.dir/Middlewares/Third_Party/FreeRTOS/Source/CMSIS_RTOS/cmsis_os.c.obj
                0x0800fa62                osMessageCreate
 *fill*         0x0800fab2        0x2 
 .text.osMessagePut
                0x0800fab4       0x80 CMakeFiles/app.elf.dir/Middlewares/Third_Party/FreeRTOS/Source/CMSIS_RTOS/cmsis_os.c.obj
                0x0800fab4                osMessagePut
 .text.osMessageGet
                0x0800fb34       0xe8 CMakeFiles/app.elf.dir/Middlewares/Third_Party/FreeRTOS/Source/CMSIS_RTOS/cmsis_os.c.obj
                0x0800fb34                osMessageGet
 .text.osMessageWaiting
                0x0800fc1c       0x2c CMakeFiles/app.elf.dir/Middlewares/Third_Party/FreeRTOS/Source/CMSIS_RTOS/cmsis_os.c.obj
                0x0800fc1c                osMessageWaiting
 .text.pxPortInitialiseStack
                0x0800fc48       0x68 CMakeFiles/app.elf.dir/Middlewares/Third_Party/FreeRTOS/Source/portable/GCC/ARM_CM7/r0p1/port.c.obj
                0x0800fc48                pxPortInitialiseStack
 .text.prvTaskExitError
                0x0800fcb0       0x64 CMakeFiles/app.elf.dir/Middlewares/Third_Party/FreeRTOS/Source/portable/GCC/ARM_CM7/r0p1/port.c.obj
 *fill*         0x0800fd14        0xc 
 .text.SVC_Handler
                0x0800fd20       0x28 CMakeFiles/app.elf.dir/Middlewares/Third_Party/FreeRTOS/Source/portable/GCC/ARM_CM7/r0p1/port.c.obj
                0x0800fd20                SVC_Handler
 .text.prvPortStartFirstTask
                0x0800fd48       0x28 CMakeFiles/app.elf.dir/Middlewares/Third_Party/FreeRTOS/Source/portable/GCC/ARM_CM7/r0p1/port.c.obj
 .text.xPortStartScheduler
                0x0800fd70       0xfc CMakeFiles/app.elf.dir/Middlewares/Third_Party/FreeRTOS/Source/portable/GCC/ARM_CM7/r0p1/port.c.obj
                0x0800fd70                xPortStartScheduler
 .text.vPortEnterCritical
                0x0800fe6c       0x6c CMakeFiles/app.elf.dir/Middlewares/Third_Party/FreeRTOS/Source/portable/GCC/ARM_CM7/r0p1/port.c.obj
                0x0800fe6c                vPortEnterCritical
 .text.vPortExitCritical
                0x0800fed8       0x58 CMakeFiles/app.elf.dir/Middlewares/Third_Party/FreeRTOS/Source/portable/GCC/ARM_CM7/r0p1/port.c.obj
                0x0800fed8                vPortExitCritical
 .text.PendSV_Handler
                0x0800ff30       0x68 CMakeFiles/app.elf.dir/Middlewares/Third_Party/FreeRTOS/Source/portable/GCC/ARM_CM7/r0p1/port.c.obj
                0x0800ff30                PendSV_Handler
 .text.SysTick_Handler
                0x0800ff98       0x48 CMakeFiles/app.elf.dir/Middlewares/Third_Party/FreeRTOS/Source/portable/GCC/ARM_CM7/r0p1/port.c.obj
                0x0800ff98                SysTick_Handler
 .text.vPortSetupTimerInterrupt
                0x0800ffe0       0x48 CMakeFiles/app.elf.dir/Middlewares/Third_Party/FreeRTOS/Source/portable/GCC/ARM_CM7/r0p1/port.c.obj
                0x0800ffe0                vPortSetupTimerInterrupt
 .text.vPortEnableVFP
                0x08010028       0x14 CMakeFiles/app.elf.dir/Middlewares/Third_Party/FreeRTOS/Source/portable/GCC/ARM_CM7/r0p1/port.c.obj
 .text.vPortValidateInterruptPriority
                0x0801003c       0x8c CMakeFiles/app.elf.dir/Middlewares/Third_Party/FreeRTOS/Source/portable/GCC/ARM_CM7/r0p1/port.c.obj
                0x0801003c                vPortValidateInterruptPriority
 .text.pvPortMalloc
                0x080100c8      0x1a4 CMakeFiles/app.elf.dir/Middlewares/Third_Party/FreeRTOS/Source/portable/MemMang/heap_4.c.obj
                0x080100c8                pvPortMalloc
 .text.vPortFree
                0x0801026c       0xc0 CMakeFiles/app.elf.dir/Middlewares/Third_Party/FreeRTOS/Source/portable/MemMang/heap_4.c.obj
                0x0801026c                vPortFree
 .text.prvHeapInit
                0x0801032c       0xc4 CMakeFiles/app.elf.dir/Middlewares/Third_Party/FreeRTOS/Source/portable/MemMang/heap_4.c.obj
 .text.prvInsertBlockIntoFreeList
                0x080103f0       0xb4 CMakeFiles/app.elf.dir/Middlewares/Third_Party/FreeRTOS/Source/portable/MemMang/heap_4.c.obj
 .text.FATFS_LinkDriverEx
                0x080104a4       0x98 CMakeFiles/app.elf.dir/Middlewares/Third_Party/FatFs/src/ff_gen_drv.c.obj
                0x080104a4                FATFS_LinkDriverEx
 .text.FATFS_LinkDriver
                0x0801053c       0x1e CMakeFiles/app.elf.dir/Middlewares/Third_Party/FatFs/src/ff_gen_drv.c.obj
                0x0801053c                FATFS_LinkDriver
 *fill*         0x0801055a        0x2 
 .text.MX_FATFS_Init
                0x0801055c       0x24 CMakeFiles/app.elf.dir/FATFS/App/fatfs.c.obj
                0x0801055c                MX_FATFS_Init
 .text.SD_CheckStatusWithTimeout
                0x08010580       0x3a CMakeFiles/app.elf.dir/FATFS/Target/sd_diskio.c.obj
 *fill*         0x080105ba        0x2 
 .text.SD_CheckStatus
                0x080105bc       0x3c CMakeFiles/app.elf.dir/FATFS/Target/sd_diskio.c.obj
 .text.SD_initialize
                0x080105f8       0x98 CMakeFiles/app.elf.dir/FATFS/Target/sd_diskio.c.obj
                0x080105f8                SD_initialize
 .text.SD_status
                0x08010690       0x1c CMakeFiles/app.elf.dir/FATFS/Target/sd_diskio.c.obj
                0x08010690                SD_status
 .text.SD_read  0x080106ac       0x9c CMakeFiles/app.elf.dir/FATFS/Target/sd_diskio.c.obj
                0x080106ac                SD_read
 .text.SD_write
                0x08010748       0x94 CMakeFiles/app.elf.dir/FATFS/Target/sd_diskio.c.obj
                0x08010748                SD_write
 .text.SD_ioctl
                0x080107dc       0xb0 CMakeFiles/app.elf.dir/FATFS/Target/sd_diskio.c.obj
                0x080107dc                SD_ioctl
 .text.BSP_SD_ReadCpltCallback
                0x0801088c       0x1c CMakeFiles/app.elf.dir/FATFS/Target/sd_diskio.c.obj
                0x0801088c                BSP_SD_ReadCpltCallback
 .text.BSP_SD_Init
                0x080108a8       0x4c CMakeFiles/app.elf.dir/FATFS/Target/bsp_driver_sd.c.obj
                0x080108a8                BSP_SD_Init
 .text.BSP_SD_ReadBlocks_DMA
                0x080108f4       0x34 CMakeFiles/app.elf.dir/FATFS/Target/bsp_driver_sd.c.obj
                0x080108f4                BSP_SD_ReadBlocks_DMA
 .text.BSP_SD_WriteBlocks_DMA
                0x08010928       0x34 CMakeFiles/app.elf.dir/FATFS/Target/bsp_driver_sd.c.obj
                0x08010928                BSP_SD_WriteBlocks_DMA
 .text.BSP_SD_GetCardState
                0x0801095c       0x20 CMakeFiles/app.elf.dir/FATFS/Target/bsp_driver_sd.c.obj
                0x0801095c                BSP_SD_GetCardState
 .text.BSP_SD_GetCardInfo
                0x0801097c       0x1c CMakeFiles/app.elf.dir/FATFS/Target/bsp_driver_sd.c.obj
                0x0801097c                BSP_SD_GetCardInfo
 .text.HAL_SD_RxCpltCallback
                0x08010998       0x14 CMakeFiles/app.elf.dir/FATFS/Target/bsp_driver_sd.c.obj
                0x08010998                HAL_SD_RxCpltCallback
 .text.BSP_SD_IsDetected
                0x080109ac       0x24 CMakeFiles/app.elf.dir/FATFS/Target/bsp_driver_sd.c.obj
                0x080109ac                BSP_SD_IsDetected
 .text.BSP_PlatformIsDetected
                0x080109d0       0x2c CMakeFiles/app.elf.dir/FATFS/Target/fatfs_platform.c.obj
                0x080109d0                BSP_PlatformIsDetected
 .text.USBH_Init
                0x080109fc       0xc4 CMakeFiles/app.elf.dir/Middlewares/ST/STM32_USB_Host_Library/Core/Src/usbh_core.c.obj
                0x080109fc                USBH_Init
 .text.DeInitStateMachine
                0x08010ac0       0xe2 CMakeFiles/app.elf.dir/Middlewares/ST/STM32_USB_Host_Library/Core/Src/usbh_core.c.obj
 .text.USBH_RegisterClass
                0x08010ba2       0x54 CMakeFiles/app.elf.dir/Middlewares/ST/STM32_USB_Host_Library/Core/Src/usbh_core.c.obj
                0x08010ba2                USBH_RegisterClass
 .text.USBH_SelectInterface
                0x08010bf6       0x38 CMakeFiles/app.elf.dir/Middlewares/ST/STM32_USB_Host_Library/Core/Src/usbh_core.c.obj
                0x08010bf6                USBH_SelectInterface
 .text.USBH_FindInterface
                0x08010c2e       0x8c CMakeFiles/app.elf.dir/Middlewares/ST/STM32_USB_Host_Library/Core/Src/usbh_core.c.obj
                0x08010c2e                USBH_FindInterface
 .text.USBH_Start
                0x08010cba       0x20 CMakeFiles/app.elf.dir/Middlewares/ST/STM32_USB_Host_Library/Core/Src/usbh_core.c.obj
                0x08010cba                USBH_Start
 *fill*         0x08010cda        0x2 
 .text.USBH_Process
                0x08010cdc      0x434 CMakeFiles/app.elf.dir/Middlewares/ST/STM32_USB_Host_Library/Core/Src/usbh_core.c.obj
                0x08010cdc                USBH_Process
 .text.USBH_HandleEnum
                0x08011110      0x3fc CMakeFiles/app.elf.dir/Middlewares/ST/STM32_USB_Host_Library/Core/Src/usbh_core.c.obj
 .text.USBH_LL_SetTimer
                0x0801150c       0x1e CMakeFiles/app.elf.dir/Middlewares/ST/STM32_USB_Host_Library/Core/Src/usbh_core.c.obj
                0x0801150c                USBH_LL_SetTimer
 .text.USBH_LL_IncTimer
                0x0801152a       0x24 CMakeFiles/app.elf.dir/Middlewares/ST/STM32_USB_Host_Library/Core/Src/usbh_core.c.obj
                0x0801152a                USBH_LL_IncTimer
 .text.USBH_HandleSof
                0x0801154e       0x30 CMakeFiles/app.elf.dir/Middlewares/ST/STM32_USB_Host_Library/Core/Src/usbh_core.c.obj
 .text.USBH_LL_PortEnabled
                0x0801157e       0x24 CMakeFiles/app.elf.dir/Middlewares/ST/STM32_USB_Host_Library/Core/Src/usbh_core.c.obj
                0x0801157e                USBH_LL_PortEnabled
 .text.USBH_LL_PortDisabled
                0x080115a2       0x24 CMakeFiles/app.elf.dir/Middlewares/ST/STM32_USB_Host_Library/Core/Src/usbh_core.c.obj
                0x080115a2                USBH_LL_PortDisabled
 .text.USBH_LL_Connect
                0x080115c6       0x36 CMakeFiles/app.elf.dir/Middlewares/ST/STM32_USB_Host_Library/Core/Src/usbh_core.c.obj
                0x080115c6                USBH_LL_Connect
 .text.USBH_LL_Disconnect
                0x080115fc       0x54 CMakeFiles/app.elf.dir/Middlewares/ST/STM32_USB_Host_Library/Core/Src/usbh_core.c.obj
                0x080115fc                USBH_LL_Disconnect
 .text.USBH_OS_PutMessage
                0x08011650       0x4e CMakeFiles/app.elf.dir/Middlewares/ST/STM32_USB_Host_Library/Core/Src/usbh_core.c.obj
                0x08011650                USBH_OS_PutMessage
 .text.USBH_Process_OS
                0x0801169e       0x2a CMakeFiles/app.elf.dir/Middlewares/ST/STM32_USB_Host_Library/Core/Src/usbh_core.c.obj
 .text.USBH_LL_NotifyURBChange
                0x080116c8       0x1e CMakeFiles/app.elf.dir/Middlewares/ST/STM32_USB_Host_Library/Core/Src/usbh_core.c.obj
                0x080116c8                USBH_LL_NotifyURBChange
 .text.USBH_Get_DevDesc
                0x080116e6       0x58 CMakeFiles/app.elf.dir/Middlewares/ST/STM32_USB_Host_Library/Core/Src/usbh_ctlreq.c.obj
                0x080116e6                USBH_Get_DevDesc
 .text.USBH_Get_CfgDesc
                0x0801173e       0x54 CMakeFiles/app.elf.dir/Middlewares/ST/STM32_USB_Host_Library/Core/Src/usbh_ctlreq.c.obj
                0x0801173e                USBH_Get_CfgDesc
 .text.USBH_Get_StringDesc
                0x08011792       0x68 CMakeFiles/app.elf.dir/Middlewares/ST/STM32_USB_Host_Library/Core/Src/usbh_ctlreq.c.obj
                0x08011792                USBH_Get_StringDesc
 .text.USBH_GetDescriptor
                0x080117fa       0x6a CMakeFiles/app.elf.dir/Middlewares/ST/STM32_USB_Host_Library/Core/Src/usbh_ctlreq.c.obj
                0x080117fa                USBH_GetDescriptor
 .text.USBH_SetAddress
                0x08011864       0x48 CMakeFiles/app.elf.dir/Middlewares/ST/STM32_USB_Host_Library/Core/Src/usbh_ctlreq.c.obj
                0x08011864                USBH_SetAddress
 .text.USBH_SetCfg
                0x080118ac       0x46 CMakeFiles/app.elf.dir/Middlewares/ST/STM32_USB_Host_Library/Core/Src/usbh_ctlreq.c.obj
                0x080118ac                USBH_SetCfg
 .text.USBH_SetFeature
                0x080118f2       0x48 CMakeFiles/app.elf.dir/Middlewares/ST/STM32_USB_Host_Library/Core/Src/usbh_ctlreq.c.obj
                0x080118f2                USBH_SetFeature
 .text.USBH_ClrFeature
                0x0801193a       0x48 CMakeFiles/app.elf.dir/Middlewares/ST/STM32_USB_Host_Library/Core/Src/usbh_ctlreq.c.obj
                0x0801193a                USBH_ClrFeature
 *fill*         0x08011982        0x2 
 .text.USBH_ParseDevDesc
                0x08011984      0x160 CMakeFiles/app.elf.dir/Middlewares/ST/STM32_USB_Host_Library/Core/Src/usbh_ctlreq.c.obj
 .text.USBH_ParseCfgDesc
                0x08011ae4      0x1f8 CMakeFiles/app.elf.dir/Middlewares/ST/STM32_USB_Host_Library/Core/Src/usbh_ctlreq.c.obj
 .text.USBH_ParseInterfaceDesc
                0x08011cdc       0x5e CMakeFiles/app.elf.dir/Middlewares/ST/STM32_USB_Host_Library/Core/Src/usbh_ctlreq.c.obj
 .text.USBH_ParseEPDesc
                0x08011d3a      0x1d0 CMakeFiles/app.elf.dir/Middlewares/ST/STM32_USB_Host_Library/Core/Src/usbh_ctlreq.c.obj
 .text.USBH_ParseStringDesc
                0x08011f0a       0x66 CMakeFiles/app.elf.dir/Middlewares/ST/STM32_USB_Host_Library/Core/Src/usbh_ctlreq.c.obj
 .text.USBH_GetNextDesc
                0x08011f70       0x34 CMakeFiles/app.elf.dir/Middlewares/ST/STM32_USB_Host_Library/Core/Src/usbh_ctlreq.c.obj
                0x08011f70                USBH_GetNextDesc
 .text.USBH_CtlReq
                0x08011fa4       0x92 CMakeFiles/app.elf.dir/Middlewares/ST/STM32_USB_Host_Library/Core/Src/usbh_ctlreq.c.obj
                0x08011fa4                USBH_CtlReq
 *fill*         0x08012036        0x2 
 .text.USBH_HandleControl
                0x08012038      0x3a0 CMakeFiles/app.elf.dir/Middlewares/ST/STM32_USB_Host_Library/Core/Src/usbh_ctlreq.c.obj
 .text.USBH_CtlSendSetup
                0x080123d8       0x34 CMakeFiles/app.elf.dir/Middlewares/ST/STM32_USB_Host_Library/Core/Src/usbh_ioreq.c.obj
                0x080123d8                USBH_CtlSendSetup
 .text.USBH_CtlSendData
                0x0801240c       0x4a CMakeFiles/app.elf.dir/Middlewares/ST/STM32_USB_Host_Library/Core/Src/usbh_ioreq.c.obj
                0x0801240c                USBH_CtlSendData
 .text.USBH_CtlReceiveData
                0x08012456       0x3c CMakeFiles/app.elf.dir/Middlewares/ST/STM32_USB_Host_Library/Core/Src/usbh_ioreq.c.obj
                0x08012456                USBH_CtlReceiveData
 .text.USBH_BulkSendData
                0x08012492       0x4a CMakeFiles/app.elf.dir/Middlewares/ST/STM32_USB_Host_Library/Core/Src/usbh_ioreq.c.obj
                0x08012492                USBH_BulkSendData
 .text.USBH_BulkReceiveData
                0x080124dc       0x3c CMakeFiles/app.elf.dir/Middlewares/ST/STM32_USB_Host_Library/Core/Src/usbh_ioreq.c.obj
                0x080124dc                USBH_BulkReceiveData
 .text.USBH_OpenPipe
                0x08012518       0x3e CMakeFiles/app.elf.dir/Middlewares/ST/STM32_USB_Host_Library/Core/Src/usbh_pipes.c.obj
                0x08012518                USBH_OpenPipe
 .text.USBH_ClosePipe
                0x08012556       0x20 CMakeFiles/app.elf.dir/Middlewares/ST/STM32_USB_Host_Library/Core/Src/usbh_pipes.c.obj
                0x08012556                USBH_ClosePipe
 .text.USBH_AllocPipe
                0x08012576       0x42 CMakeFiles/app.elf.dir/Middlewares/ST/STM32_USB_Host_Library/Core/Src/usbh_pipes.c.obj
                0x08012576                USBH_AllocPipe
 .text.USBH_FreePipe
                0x080125b8       0x3c CMakeFiles/app.elf.dir/Middlewares/ST/STM32_USB_Host_Library/Core/Src/usbh_pipes.c.obj
                0x080125b8                USBH_FreePipe
 .text.USBH_GetFreePipe
                0x080125f4       0x48 CMakeFiles/app.elf.dir/Middlewares/ST/STM32_USB_Host_Library/Core/Src/usbh_pipes.c.obj
 .text.USBH_CDC_InterfaceInit
                0x0801263c      0x2ac CMakeFiles/app.elf.dir/Middlewares/ST/STM32_USB_Host_Library/Class/CDC/Src/usbh_cdc.c.obj
 .text.USBH_CDC_InterfaceDeInit
                0x080128e8       0xb2 CMakeFiles/app.elf.dir/Middlewares/ST/STM32_USB_Host_Library/Class/CDC/Src/usbh_cdc.c.obj
 .text.USBH_CDC_ClassRequest
                0x0801299a       0x3e CMakeFiles/app.elf.dir/Middlewares/ST/STM32_USB_Host_Library/Class/CDC/Src/usbh_cdc.c.obj
 .text.USBH_CDC_Process
                0x080129d8      0x12c CMakeFiles/app.elf.dir/Middlewares/ST/STM32_USB_Host_Library/Class/CDC/Src/usbh_cdc.c.obj
 .text.USBH_CDC_SOFProcess
                0x08012b04       0x16 CMakeFiles/app.elf.dir/Middlewares/ST/STM32_USB_Host_Library/Class/CDC/Src/usbh_cdc.c.obj
 .text.GetLineCoding
                0x08012b1a       0x3e CMakeFiles/app.elf.dir/Middlewares/ST/STM32_USB_Host_Library/Class/CDC/Src/usbh_cdc.c.obj
 .text.SetLineCoding
                0x08012b58       0x3e CMakeFiles/app.elf.dir/Middlewares/ST/STM32_USB_Host_Library/Class/CDC/Src/usbh_cdc.c.obj
 .text.CDC_ProcessTransmission
                0x08012b96      0x104 CMakeFiles/app.elf.dir/Middlewares/ST/STM32_USB_Host_Library/Class/CDC/Src/usbh_cdc.c.obj
 .text.CDC_ProcessReception
                0x08012c9a       0xc2 CMakeFiles/app.elf.dir/Middlewares/ST/STM32_USB_Host_Library/Class/CDC/Src/usbh_cdc.c.obj
 .text.USBH_CDC_TransmitCallback
                0x08012d5c       0x14 CMakeFiles/app.elf.dir/Middlewares/ST/STM32_USB_Host_Library/Class/CDC/Src/usbh_cdc.c.obj
                0x08012d5c                USBH_CDC_TransmitCallback
 .text.USBH_CDC_ReceiveCallback
                0x08012d70       0x14 CMakeFiles/app.elf.dir/Middlewares/ST/STM32_USB_Host_Library/Class/CDC/Src/usbh_cdc.c.obj
                0x08012d70                USBH_CDC_ReceiveCallback
 .text.USBH_CDC_LineCodingChanged
                0x08012d84       0x14 CMakeFiles/app.elf.dir/Middlewares/ST/STM32_USB_Host_Library/Class/CDC/Src/usbh_cdc.c.obj
                0x08012d84                USBH_CDC_LineCodingChanged
 .text.MX_USB_HOST_Init
                0x08012d98       0x4c CMakeFiles/app.elf.dir/USB_HOST/App/usb_host.c.obj
                0x08012d98                MX_USB_HOST_Init
 .text.USBH_UserProcess
                0x08012de4       0x5c CMakeFiles/app.elf.dir/USB_HOST/App/usb_host.c.obj
 .text.HAL_HCD_MspInit
                0x08012e40       0xe4 CMakeFiles/app.elf.dir/USB_HOST/Target/usbh_conf.c.obj
                0x08012e40                HAL_HCD_MspInit
 .text.HAL_HCD_SOF_Callback
                0x08012f24       0x1c CMakeFiles/app.elf.dir/USB_HOST/Target/usbh_conf.c.obj
                0x08012f24                HAL_HCD_SOF_Callback
 .text.HAL_HCD_Connect_Callback
                0x08012f40       0x1c CMakeFiles/app.elf.dir/USB_HOST/Target/usbh_conf.c.obj
                0x08012f40                HAL_HCD_Connect_Callback
 .text.HAL_HCD_Disconnect_Callback
                0x08012f5c       0x1c CMakeFiles/app.elf.dir/USB_HOST/Target/usbh_conf.c.obj
                0x08012f5c                HAL_HCD_Disconnect_Callback
 .text.HAL_HCD_HC_NotifyURBChange_Callback
                0x08012f78       0x24 CMakeFiles/app.elf.dir/USB_HOST/Target/usbh_conf.c.obj
                0x08012f78                HAL_HCD_HC_NotifyURBChange_Callback
 .text.HAL_HCD_PortEnabled_Callback
                0x08012f9c       0x1c CMakeFiles/app.elf.dir/USB_HOST/Target/usbh_conf.c.obj
                0x08012f9c                HAL_HCD_PortEnabled_Callback
 .text.HAL_HCD_PortDisabled_Callback
                0x08012fb8       0x1c CMakeFiles/app.elf.dir/USB_HOST/Target/usbh_conf.c.obj
                0x08012fb8                HAL_HCD_PortDisabled_Callback
 .text.USBH_LL_Init
                0x08012fd4       0x78 CMakeFiles/app.elf.dir/USB_HOST/Target/usbh_conf.c.obj
                0x08012fd4                USBH_LL_Init
 .text.USBH_LL_Start
                0x0801304c       0x36 CMakeFiles/app.elf.dir/USB_HOST/Target/usbh_conf.c.obj
                0x0801304c                USBH_LL_Start
 .text.USBH_LL_Stop
                0x08013082       0x36 CMakeFiles/app.elf.dir/USB_HOST/Target/usbh_conf.c.obj
                0x08013082                USBH_LL_Stop
 .text.USBH_LL_GetSpeed
                0x080130b8       0x4e CMakeFiles/app.elf.dir/USB_HOST/Target/usbh_conf.c.obj
                0x080130b8                USBH_LL_GetSpeed
 .text.USBH_LL_ResetPort
                0x08013106       0x36 CMakeFiles/app.elf.dir/USB_HOST/Target/usbh_conf.c.obj
                0x08013106                USBH_LL_ResetPort
 .text.USBH_LL_GetLastXferSize
                0x0801313c       0x26 CMakeFiles/app.elf.dir/USB_HOST/Target/usbh_conf.c.obj
                0x0801313c                USBH_LL_GetLastXferSize
 .text.USBH_LL_OpenPipe
                0x08013162       0x5e CMakeFiles/app.elf.dir/USB_HOST/Target/usbh_conf.c.obj
                0x08013162                USBH_LL_OpenPipe
 .text.USBH_LL_ClosePipe
                0x080131c0       0x1a CMakeFiles/app.elf.dir/USB_HOST/Target/usbh_conf.c.obj
                0x080131c0                USBH_LL_ClosePipe
 .text.USBH_LL_SubmitURB
                0x080131da       0x62 CMakeFiles/app.elf.dir/USB_HOST/Target/usbh_conf.c.obj
                0x080131da                USBH_LL_SubmitURB
 .text.USBH_LL_GetURBState
                0x0801323c       0x26 CMakeFiles/app.elf.dir/USB_HOST/Target/usbh_conf.c.obj
                0x0801323c                USBH_LL_GetURBState
 .text.USBH_LL_DriverVBUS
                0x08013262       0x2e CMakeFiles/app.elf.dir/USB_HOST/Target/usbh_conf.c.obj
                0x08013262                USBH_LL_DriverVBUS
 .text.USBH_LL_SetToggle
                0x08013290       0x66 CMakeFiles/app.elf.dir/USB_HOST/Target/usbh_conf.c.obj
                0x08013290                USBH_LL_SetToggle
 .text.USBH_Delay
                0x080132f6       0x16 CMakeFiles/app.elf.dir/USB_HOST/Target/usbh_conf.c.obj
                0x080132f6                USBH_Delay
 .text.USBH_Get_USB_Status
                0x0801330c       0x58 CMakeFiles/app.elf.dir/USB_HOST/Target/usbh_conf.c.obj
                0x0801330c                USBH_Get_USB_Status
 .text.MX_DriverVbusFS
                0x08013364       0x38 CMakeFiles/app.elf.dir/USB_HOST/Target/usbh_platform.c.obj
                0x08013364                MX_DriverVbusFS
 .text.Reset_Handler
                0x0801339c       0x50 CMakeFiles/app.elf.dir/mcu/startup/startup_stm32f746xx.s.obj
                0x0801339c                Reset_Handler
 .text.Default_Handler
                0x080133ec        0x2 CMakeFiles/app.elf.dir/mcu/startup/startup_stm32f746xx.s.obj
                0x080133ec                RTC_Alarm_IRQHandler
                0x080133ec                EXTI2_IRQHandler
                0x080133ec                TIM8_CC_IRQHandler
                0x080133ec                UART8_IRQHandler
                0x080133ec                SPI4_IRQHandler
                0x080133ec                TIM1_CC_IRQHandler
                0x080133ec                DMA2_Stream5_IRQHandler